2025-03-27 09:54:28,310 - root - INFO - 密码管理系统启动
2025-03-27 09:54:28,311 - root - INFO - 初始化用户设置模块...
2025-03-27 09:54:28,311 - root - INFO - 用户设置模块已初始化
2025-03-27 09:54:29,490 - user - INFO - 用户 admin 登录成功
2025-03-27 09:54:29,495 - login_ui - INFO - 用户 admin 登录成功
2025-03-27 09:54:29,496 - root - INFO - 用户 admin 登录成功，准备打开密码管理界面
2025-03-27 09:54:29,579 - ui.password_manager.ui_table.base_table - INFO - 已设置必填字段自定义委托
2025-03-27 09:54:29,653 - ui.password_manager.ui_guide - INFO - 用户已完成引导: password_update，跳过显示
2025-03-27 09:54:32,297 - ui.password_manager.ui_table.table_events - INFO - 右键菜单 - 当前行: 51, 当前列: 5, 选中行数: 1, 选中行: [51]
2025-03-27 09:54:32,297 - ui.password_manager.ui_table.table_events - INFO - 选中的密码单元格数量: 1
2025-03-27 09:54:32,298 - ui.password_manager.ui_table.table_events - INFO - 准备添加'添加行'子菜单 (选中行数: 1)
2025-03-27 09:54:32,298 - ui.password_manager.ui_table.table_events - INFO - 已添加'添加行'子菜单，包含上方、下方和末尾三个选项
2025-03-27 09:54:32,298 - ui.password_manager.ui_table.table_events - INFO - 已添加'编辑行'选项
2025-03-27 09:54:33,098 - ui.password_manager.ui_table.table_password - WARNING - 无法获取行 50 的真实索引，将使用表格行索引作为备选
2025-03-27 09:54:33,098 - ui.password_manager.ui_table.table_password - INFO - 在非搜索模式下使用当前行索引 50 作为真实索引
2025-03-27 09:54:34,619 - paramiko.transport - INFO - Connected (version 2.0, client OpenSSH_7.4)
2025-03-27 09:54:34,809 - paramiko.transport - INFO - Authentication (password) failed.
2025-03-27 09:54:39,796 - ui.password_manager.ui_dialogs.password_update_dialog - INFO - 共有 0 个密码成功永久保存到数据库
2025-03-27 09:54:39,801 - ui.password_manager.ui_table.table_password - INFO - 密码更新对话框返回确认结果，刷新表格显示更新后的密码
2025-03-27 09:54:43,740 - ui.password_manager.ui_table.table_events - INFO - 右键菜单 - 当前行: 51, 当前列: 5, 选中行数: 1, 选中行: [51]
2025-03-27 09:54:43,740 - ui.password_manager.ui_table.table_events - INFO - 选中的密码单元格数量: 1
2025-03-27 09:54:43,741 - ui.password_manager.ui_table.table_events - INFO - 准备添加'添加行'子菜单 (选中行数: 1)
2025-03-27 09:54:43,741 - ui.password_manager.ui_table.table_events - INFO - 已添加'添加行'子菜单，包含上方、下方和末尾三个选项
2025-03-27 09:54:43,742 - ui.password_manager.ui_table.table_events - INFO - 已添加'编辑行'选项
2025-03-27 09:55:10,513 - ui.password_manager.ui_table.table_events - INFO - 右键菜单 - 当前行: 51, 当前列: 5, 选中行数: 1, 选中行: [51]
2025-03-27 09:55:10,514 - ui.password_manager.ui_table.table_events - INFO - 选中的密码单元格数量: 1
2025-03-27 09:55:10,514 - ui.password_manager.ui_table.table_events - INFO - 准备添加'添加行'子菜单 (选中行数: 1)
2025-03-27 09:55:10,514 - ui.password_manager.ui_table.table_events - INFO - 已添加'添加行'子菜单，包含上方、下方和末尾三个选项
2025-03-27 09:55:10,515 - ui.password_manager.ui_table.table_events - INFO - 已添加'编辑行'选项
2025-03-27 09:55:11,219 - ui.password_manager.ui_table.table_edit - INFO - 开始编辑行 51
2025-03-27 09:55:11,221 - ui.password_manager.ui_guide - INFO - 用户已完成引导: first_edit，跳过显示
2025-03-27 09:55:11,221 - ui.password_manager.ui_guide - INFO - 用户已完成引导: first_edit，跳过显示
2025-03-27 09:55:11,229 - ui.password_manager.ui_table.table_edit - INFO - 已成功进入行 51 的编辑模式
2025-03-27 09:55:13,387 - ui.password_manager.ui_table.table_edit - INFO - 确认编辑 - 第51行
2025-03-27 09:55:13,388 - ui.password_manager.ui_table.table_edit - INFO - 确认编辑现有行 50
2025-03-27 09:55:13,388 - ui.password_manager.ui_table.table_edit - WARNING - 通过_get_real_row_index获取真实索引失败，尝试替代方法
2025-03-27 09:55:13,389 - ui.password_manager.ui_table.table_edit - INFO - 通过原始数据比较找到匹配记录，真实索引: 50
2025-03-27 09:55:13,389 - ui.password_manager.ui_table.table_edit - INFO - 更新记录：所有者=徐国明, 真实索引=50
2025-03-27 09:55:13,389 - password - INFO - 调试信息 - update_password被调用，skip_server_sync参数值为: True，类型: <class 'bool'>
2025-03-27 09:55:13,389 - password - INFO - 更新密码记录 - 所有者: 徐国明, 索引: 50, 项目: ceshi, 跳过服务器同步: 是
2025-03-27 09:55:13,390 - password - INFO - 明确跳过SSH密码更新步骤 - 项目: ceshi, skip_server_sync=True
2025-03-27 09:55:13,391 - password - INFO - 更新所有者 徐国明 的密码记录成功 (跳过服务器同步)
2025-03-27 09:55:13,421 - ui.password_manager.ui_table.table_edit - INFO - 重新加载所有密码数据
2025-03-27 09:55:13,450 - ui.password_manager.ui_table.table_edit - INFO - 编辑操作完成，已恢复表格选择模式
2025-03-27 09:55:13,451 - ui.password_manager.ui_table.table_edit - INFO - 编辑成功：更新成功 (跳过服务器同步)
2025-03-27 09:55:14,329 - ui.password_manager.ui_table.table_events - INFO - 右键菜单 - 当前行: 51, 当前列: 5, 选中行数: 1, 选中行: [51]
2025-03-27 09:55:14,330 - ui.password_manager.ui_table.table_events - INFO - 选中的密码单元格数量: 1
2025-03-27 09:55:14,330 - ui.password_manager.ui_table.table_events - INFO - 准备添加'添加行'子菜单 (选中行数: 1)
2025-03-27 09:55:14,331 - ui.password_manager.ui_table.table_events - INFO - 已添加'添加行'子菜单，包含上方、下方和末尾三个选项
2025-03-27 09:55:14,331 - ui.password_manager.ui_table.table_events - INFO - 已添加'编辑行'选项
2025-03-27 09:55:15,439 - ui.password_manager.ui_table.table_password - WARNING - 无法获取行 50 的真实索引，将使用表格行索引作为备选
2025-03-27 09:55:15,439 - ui.password_manager.ui_table.table_password - INFO - 在非搜索模式下使用当前行索引 50 作为真实索引
2025-03-27 09:55:17,142 - paramiko.transport - INFO - Connected (version 2.0, client OpenSSH_7.4)
2025-03-27 09:55:17,257 - paramiko.transport - INFO - Authentication (password) successful!
2025-03-27 09:55:29,559 - paramiko.transport - INFO - Connected (version 2.0, client OpenSSH_7.4)
2025-03-27 09:55:29,685 - paramiko.transport - INFO - Authentication (password) successful!
2025-03-27 09:55:30,200 - ui.password_manager.ui_dialogs.password_update_dialog - INFO - 处理成功更新的密码 - 行索引: 0, 真实索引: 50, IP: 192.168.8.87
2025-03-27 09:55:30,201 - ui.password_manager.ui_dialogs.password_update_dialog - INFO - 准备更新密码 - 索引: 50, 原密码长度: 1, 新密码长度: 16
2025-03-27 09:55:30,201 - password - INFO - 调试信息 - update_password被调用，skip_server_sync参数值为: True，类型: <class 'bool'>
2025-03-27 09:55:30,202 - password - INFO - 更新密码记录 - 所有者: 徐国明, 索引: 50, 项目: ceshi, 跳过服务器同步: 是
2025-03-27 09:55:30,202 - password - INFO - 明确跳过SSH密码更新步骤 - 项目: ceshi, skip_server_sync=True
2025-03-27 09:55:30,204 - password - INFO - 更新所有者 徐国明 的密码记录成功 (跳过服务器同步)
2025-03-27 09:55:30,209 - ui.password_manager.ui_dialogs.password_update_dialog - INFO - 成功永久保存密码到数据库 - 所有者: 徐国明, 记录索引: 50
2025-03-27 09:55:30,209 - ui.password_manager.ui_dialogs.password_update_dialog - INFO - 共有 1 个密码成功永久保存到数据库
2025-03-27 09:55:36,268 - ui.password_manager.ui_dialogs.password_update_dialog - INFO - 处理成功更新的密码 - 行索引: 0, 真实索引: 50, IP: 192.168.8.87
2025-03-27 09:55:36,269 - ui.password_manager.ui_dialogs.password_update_dialog - INFO - 准备更新密码 - 索引: 50, 原密码长度: 16, 新密码长度: 16
2025-03-27 09:55:36,269 - password - INFO - 调试信息 - update_password被调用，skip_server_sync参数值为: True，类型: <class 'bool'>
2025-03-27 09:55:36,270 - password - INFO - 更新密码记录 - 所有者: 徐国明, 索引: 50, 项目: ceshi, 跳过服务器同步: 是
2025-03-27 09:55:36,270 - password - INFO - 明确跳过SSH密码更新步骤 - 项目: ceshi, skip_server_sync=True
2025-03-27 09:55:36,272 - password - INFO - 更新所有者 徐国明 的密码记录成功 (跳过服务器同步)
2025-03-27 09:55:36,277 - ui.password_manager.ui_dialogs.password_update_dialog - INFO - 成功永久保存密码到数据库 - 所有者: 徐国明, 记录索引: 50
2025-03-27 09:55:36,277 - ui.password_manager.ui_dialogs.password_update_dialog - INFO - 共有 1 个密码成功永久保存到数据库
2025-03-27 09:55:36,281 - ui.password_manager.ui_table.table_password - INFO - 密码更新对话框返回确认结果，刷新表格显示更新后的密码
2025-03-27 09:55:45,393 - ui.password_manager.ui_table.table_events - INFO - 右键菜单 - 当前行: 51, 当前列: 5, 选中行数: 1, 选中行: [51]
2025-03-27 09:55:45,394 - ui.password_manager.ui_table.table_events - INFO - 选中的密码单元格数量: 1
2025-03-27 09:55:45,394 - ui.password_manager.ui_table.table_events - INFO - 准备添加'添加行'子菜单 (选中行数: 1)
2025-03-27 09:55:45,395 - ui.password_manager.ui_table.table_events - INFO - 已添加'添加行'子菜单，包含上方、下方和末尾三个选项
2025-03-27 09:55:45,395 - ui.password_manager.ui_table.table_events - INFO - 已添加'编辑行'选项
2025-03-27 09:55:46,065 - ui.password_manager.ui_table.table_password - WARNING - 无法获取行 50 的真实索引，将使用表格行索引作为备选
2025-03-27 09:55:46,066 - ui.password_manager.ui_table.table_password - INFO - 在非搜索模式下使用当前行索引 50 作为真实索引
2025-03-27 09:56:30,181 - paramiko.transport - INFO - Connected (version 2.0, client OpenSSH_7.4)
2025-03-27 09:56:30,290 - paramiko.transport - INFO - Authentication (password) successful!
2025-03-27 09:56:42,615 - paramiko.transport - INFO - Connected (version 2.0, client OpenSSH_7.4)
2025-03-27 09:56:42,730 - paramiko.transport - INFO - Authentication (password) successful!
2025-03-27 09:56:43,242 - ui.password_manager.ui_dialogs.password_update_dialog - INFO - 处理成功更新的密码 - 行索引: 0, 真实索引: 50, IP: 192.168.8.87
2025-03-27 09:56:43,242 - ui.password_manager.ui_dialogs.password_update_dialog - INFO - 准备更新密码 - 索引: 50, 原密码长度: 16, 新密码长度: 16
2025-03-27 09:56:43,243 - password - INFO - 调试信息 - update_password被调用，skip_server_sync参数值为: True，类型: <class 'bool'>
2025-03-27 09:56:43,243 - password - INFO - 更新密码记录 - 所有者: 徐国明, 索引: 50, 项目: ceshi, 跳过服务器同步: 是
2025-03-27 09:56:43,243 - password - INFO - 明确跳过SSH密码更新步骤 - 项目: ceshi, skip_server_sync=True
2025-03-27 09:56:43,245 - password - INFO - 更新所有者 徐国明 的密码记录成功 (跳过服务器同步)
2025-03-27 09:56:43,250 - ui.password_manager.ui_dialogs.password_update_dialog - INFO - 成功永久保存密码到数据库 - 所有者: 徐国明, 记录索引: 50
2025-03-27 09:56:43,251 - ui.password_manager.ui_dialogs.password_update_dialog - INFO - 共有 1 个密码成功永久保存到数据库
2025-03-27 09:56:48,674 - ui.password_manager.ui_dialogs.password_update_dialog - INFO - 处理成功更新的密码 - 行索引: 0, 真实索引: 50, IP: 192.168.8.87
2025-03-27 09:56:48,675 - ui.password_manager.ui_dialogs.password_update_dialog - INFO - 准备更新密码 - 索引: 50, 原密码长度: 16, 新密码长度: 16
2025-03-27 09:56:48,675 - password - INFO - 调试信息 - update_password被调用，skip_server_sync参数值为: True，类型: <class 'bool'>
2025-03-27 09:56:48,675 - password - INFO - 更新密码记录 - 所有者: 徐国明, 索引: 50, 项目: ceshi, 跳过服务器同步: 是
2025-03-27 09:56:48,676 - password - INFO - 明确跳过SSH密码更新步骤 - 项目: ceshi, skip_server_sync=True
2025-03-27 09:56:48,677 - password - INFO - 更新所有者 徐国明 的密码记录成功 (跳过服务器同步)
2025-03-27 09:56:48,682 - ui.password_manager.ui_dialogs.password_update_dialog - INFO - 成功永久保存密码到数据库 - 所有者: 徐国明, 记录索引: 50
2025-03-27 09:56:48,683 - ui.password_manager.ui_dialogs.password_update_dialog - INFO - 共有 1 个密码成功永久保存到数据库
2025-03-27 09:56:48,688 - ui.password_manager.ui_table.table_password - INFO - 密码更新对话框返回确认结果，刷新表格显示更新后的密码
2025-03-27 09:57:56,948 - user - INFO - 用户已登出
2025-03-27 09:57:59,551 - root - INFO - 密码管理系统启动
2025-03-27 09:57:59,552 - root - INFO - 初始化用户设置模块...
2025-03-27 09:57:59,552 - root - INFO - 用户设置模块已初始化
2025-03-27 09:58:00,522 - user - INFO - 用户 admin 登录成功
2025-03-27 09:58:00,527 - login_ui - INFO - 用户 admin 登录成功
2025-03-27 09:58:00,528 - root - INFO - 用户 admin 登录成功，准备打开密码管理界面
2025-03-27 09:58:00,606 - ui.password_manager.ui_table.base_table - INFO - 已设置必填字段自定义委托
2025-03-27 09:58:00,666 - ui.password_manager.ui_guide - INFO - 用户已完成引导: password_update，跳过显示
2025-03-27 09:58:03,690 - ui.password_manager.ui_table.table_events - INFO - 右键菜单 - 当前行: 51, 当前列: 5, 选中行数: 1, 选中行: [51]
2025-03-27 09:58:03,690 - ui.password_manager.ui_table.table_events - INFO - 选中的密码单元格数量: 1
2025-03-27 09:58:03,691 - ui.password_manager.ui_table.table_events - INFO - 准备添加'添加行'子菜单 (选中行数: 1)
2025-03-27 09:58:03,691 - ui.password_manager.ui_table.table_events - INFO - 已添加'添加行'子菜单，包含上方、下方和末尾三个选项
2025-03-27 09:58:03,692 - ui.password_manager.ui_table.table_events - INFO - 已添加'编辑行'选项
2025-03-27 09:58:04,331 - ui.password_manager.ui_table.table_password - WARNING - 无法获取行 50 的真实索引，将使用表格行索引作为备选
2025-03-27 09:58:04,331 - ui.password_manager.ui_table.table_password - INFO - 在非搜索模式下使用当前行索引 50 作为真实索引
2025-03-27 09:58:06,870 - paramiko.transport - INFO - Connected (version 2.0, client OpenSSH_7.4)
2025-03-27 09:58:06,981 - paramiko.transport - INFO - Authentication (password) successful!
2025-03-27 09:58:19,281 - paramiko.transport - INFO - Connected (version 2.0, client OpenSSH_7.4)
2025-03-27 09:58:19,441 - paramiko.transport - INFO - Authentication (password) successful!
2025-03-27 09:58:20,002 - ui.password_manager.ui_dialogs.password_update_dialog - INFO - 处理成功更新的密码 - 行索引: 0, 真实索引: 50, IP: 192.168.8.87
2025-03-27 09:58:20,002 - ui.password_manager.ui_dialogs.password_update_dialog - INFO - 准备更新密码 - 索引: 50, 原密码长度: 16, 新密码长度: 16
2025-03-27 09:58:20,003 - password - INFO - 调试信息 - update_password被调用，skip_server_sync参数值为: True，类型: <class 'bool'>
2025-03-27 09:58:20,003 - password - INFO - 更新密码记录 - 所有者: 徐国明, 索引: 50, 项目: ceshi, 跳过服务器同步: 是
2025-03-27 09:58:20,003 - password - INFO - 明确跳过SSH密码更新步骤 - 项目: ceshi, skip_server_sync=True
2025-03-27 09:58:20,005 - password - INFO - 更新所有者 徐国明 的密码记录成功 (跳过服务器同步)
2025-03-27 09:58:20,010 - ui.password_manager.ui_dialogs.password_update_dialog - INFO - 成功永久保存密码到数据库 - 所有者: 徐国明, 记录索引: 50
2025-03-27 09:58:20,011 - ui.password_manager.ui_dialogs.password_update_dialog - INFO - 共有 1 个密码成功永久保存到数据库
2025-03-27 09:58:30,556 - ui.password_manager.ui_dialogs.password_update_dialog - INFO - 处理成功更新的密码 - 行索引: 0, 真实索引: 50, IP: 192.168.8.87
2025-03-27 09:58:30,557 - ui.password_manager.ui_dialogs.password_update_dialog - INFO - 准备更新密码 - 索引: 50, 原密码长度: 16, 新密码长度: 16
2025-03-27 09:58:30,557 - password - INFO - 调试信息 - update_password被调用，skip_server_sync参数值为: True，类型: <class 'bool'>
2025-03-27 09:58:30,557 - password - INFO - 更新密码记录 - 所有者: 徐国明, 索引: 50, 项目: ceshi, 跳过服务器同步: 是
2025-03-27 09:58:30,558 - password - INFO - 明确跳过SSH密码更新步骤 - 项目: ceshi, skip_server_sync=True
2025-03-27 09:58:30,560 - password - INFO - 更新所有者 徐国明 的密码记录成功 (跳过服务器同步)
2025-03-27 09:58:30,564 - ui.password_manager.ui_dialogs.password_update_dialog - INFO - 成功永久保存密码到数据库 - 所有者: 徐国明, 记录索引: 50
2025-03-27 09:58:30,565 - ui.password_manager.ui_dialogs.password_update_dialog - INFO - 共有 1 个密码成功永久保存到数据库
2025-03-27 09:58:30,571 - ui.password_manager.ui_table.table_password - INFO - 密码更新对话框返回确认结果，刷新表格显示更新后的密码
2025-03-27 10:00:59,964 - user - INFO - 用户已登出
2025-03-27 10:01:01,741 - root - INFO - 密码管理系统启动
2025-03-27 10:01:01,741 - root - INFO - 初始化用户设置模块...
2025-03-27 10:01:01,741 - root - INFO - 用户设置模块已初始化
2025-03-27 10:01:02,965 - user - INFO - 用户 admin 登录成功
2025-03-27 10:01:02,970 - login_ui - INFO - 用户 admin 登录成功
2025-03-27 10:01:02,971 - root - INFO - 用户 admin 登录成功，准备打开密码管理界面
2025-03-27 10:01:03,057 - ui.password_manager.ui_table.base_table - INFO - 已设置必填字段自定义委托
2025-03-27 10:01:03,125 - ui.password_manager.ui_guide - INFO - 用户已完成引导: password_update，跳过显示
2025-03-27 10:01:05,458 - ui.password_manager.ui_table.table_events - INFO - 右键菜单 - 当前行: 51, 当前列: 5, 选中行数: 1, 选中行: [51]
2025-03-27 10:01:05,458 - ui.password_manager.ui_table.table_events - INFO - 选中的密码单元格数量: 1
2025-03-27 10:01:05,459 - ui.password_manager.ui_table.table_events - INFO - 准备添加'添加行'子菜单 (选中行数: 1)
2025-03-27 10:01:05,459 - ui.password_manager.ui_table.table_events - INFO - 已添加'添加行'子菜单，包含上方、下方和末尾三个选项
2025-03-27 10:01:05,459 - ui.password_manager.ui_table.table_events - INFO - 已添加'编辑行'选项
2025-03-27 10:01:06,196 - ui.password_manager.ui_table.table_password - WARNING - 无法获取行 50 的真实索引，将使用表格行索引作为备选
2025-03-27 10:01:06,196 - ui.password_manager.ui_table.table_password - INFO - 在非搜索模式下使用当前行索引 50 作为真实索引
2025-03-27 10:01:07,582 - paramiko.transport - INFO - Connected (version 2.0, client OpenSSH_7.4)
2025-03-27 10:01:07,793 - paramiko.transport - INFO - Authentication (password) successful!
2025-03-27 10:01:08,341 - paramiko.transport - INFO - Connected (version 2.0, client OpenSSH_7.4)
2025-03-27 10:01:08,551 - paramiko.transport - INFO - Authentication (password) successful!
2025-03-27 10:01:20,911 - paramiko.transport - INFO - Connected (version 2.0, client OpenSSH_7.4)
2025-03-27 10:01:21,091 - paramiko.transport - INFO - Authentication (password) successful!
2025-03-27 10:01:21,424 - ui.password_manager.ui_dialogs.password_update_dialog - INFO - 处理成功更新的密码 - 行索引: 0, 真实索引: 50, IP: 192.168.8.87
2025-03-27 10:01:21,425 - ui.password_manager.ui_dialogs.password_update_dialog - INFO - 准备更新密码 - 索引: 50, 原密码长度: 16, 新密码长度: 16
2025-03-27 10:01:21,425 - password - INFO - 调试信息 - update_password被调用，skip_server_sync参数值为: True，类型: <class 'bool'>
2025-03-27 10:01:21,425 - password - INFO - 更新密码记录 - 所有者: 徐国明, 索引: 50, 项目: ceshi, 跳过服务器同步: 是
2025-03-27 10:01:21,426 - password - INFO - 明确跳过SSH密码更新步骤 - 项目: ceshi, skip_server_sync=True
2025-03-27 10:01:21,428 - password - INFO - 更新所有者 徐国明 的密码记录成功 (跳过服务器同步)
2025-03-27 10:01:21,434 - ui.password_manager.ui_dialogs.password_update_dialog - INFO - 成功永久保存密码到数据库 - 所有者: 徐国明, 记录索引: 50
2025-03-27 10:01:21,435 - ui.password_manager.ui_dialogs.password_update_dialog - INFO - 共有 1 个密码成功永久保存到数据库
2025-03-27 10:01:30,970 - ui.password_manager.ui_dialogs.password_update_dialog - INFO - 处理成功更新的密码 - 行索引: 0, 真实索引: 50, IP: 192.168.8.87
2025-03-27 10:01:30,970 - ui.password_manager.ui_dialogs.password_update_dialog - INFO - 准备更新密码 - 索引: 50, 原密码长度: 16, 新密码长度: 16
2025-03-27 10:01:30,971 - password - INFO - 调试信息 - update_password被调用，skip_server_sync参数值为: True，类型: <class 'bool'>
2025-03-27 10:01:30,971 - password - INFO - 更新密码记录 - 所有者: 徐国明, 索引: 50, 项目: ceshi, 跳过服务器同步: 是
2025-03-27 10:01:30,971 - password - INFO - 明确跳过SSH密码更新步骤 - 项目: ceshi, skip_server_sync=True
2025-03-27 10:01:30,973 - password - INFO - 更新所有者 徐国明 的密码记录成功 (跳过服务器同步)
2025-03-27 10:01:30,978 - ui.password_manager.ui_dialogs.password_update_dialog - INFO - 成功永久保存密码到数据库 - 所有者: 徐国明, 记录索引: 50
2025-03-27 10:01:30,979 - ui.password_manager.ui_dialogs.password_update_dialog - INFO - 共有 1 个密码成功永久保存到数据库
2025-03-27 10:01:30,983 - ui.password_manager.ui_table.table_password - INFO - 密码更新对话框返回确认结果，刷新表格显示更新后的密码
2025-03-27 10:08:35,722 - ui.password_manager.ui_table.table_events - INFO - 右键菜单 - 当前行: 51, 当前列: 5, 选中行数: 1, 选中行: [51]
2025-03-27 10:08:35,723 - ui.password_manager.ui_table.table_events - INFO - 选中的密码单元格数量: 1
2025-03-27 10:08:35,723 - ui.password_manager.ui_table.table_events - INFO - 准备添加'添加行'子菜单 (选中行数: 1)
2025-03-27 10:08:35,724 - ui.password_manager.ui_table.table_events - INFO - 已添加'添加行'子菜单，包含上方、下方和末尾三个选项
2025-03-27 10:08:35,724 - ui.password_manager.ui_table.table_events - INFO - 已添加'编辑行'选项
2025-03-27 10:08:36,411 - ui.password_manager.ui_table.table_password - WARNING - 无法获取行 50 的真实索引，将使用表格行索引作为备选
2025-03-27 10:08:36,411 - ui.password_manager.ui_table.table_password - INFO - 在非搜索模式下使用当前行索引 50 作为真实索引
2025-03-27 10:14:52,349 - ui.password_manager.ui_table.table_password - INFO - 用户取消了密码更新操作
2025-03-27 10:14:52,726 - user - INFO - 用户已登出
2025-03-27 10:19:53,041 - root - INFO - 密码管理系统启动
2025-03-27 10:19:53,042 - root - INFO - 初始化用户设置模块...
2025-03-27 10:19:53,042 - root - INFO - 用户设置模块已初始化
2025-03-27 10:19:54,157 - user - INFO - 用户 admin 登录成功
2025-03-27 10:19:54,162 - login_ui - INFO - 用户 admin 登录成功
2025-03-27 10:19:54,163 - root - INFO - 用户 admin 登录成功，准备打开密码管理界面
2025-03-27 10:19:54,224 - ui.password_manager.ui_table.base_table - INFO - 已设置必填字段自定义委托
2025-03-27 10:19:54,317 - ui.password_manager.ui_guide - INFO - 用户已完成引导: password_update，跳过显示
2025-03-27 10:19:56,204 - ui.password_manager.ui_table.table_events - INFO - 右键菜单 - 当前行: 51, 当前列: 5, 选中行数: 1, 选中行: [51]
2025-03-27 10:19:56,204 - ui.password_manager.ui_table.table_events - INFO - 选中的密码单元格数量: 1
2025-03-27 10:19:56,205 - ui.password_manager.ui_table.table_events - INFO - 准备添加'添加行'子菜单 (选中行数: 1)
2025-03-27 10:19:56,205 - ui.password_manager.ui_table.table_events - INFO - 已添加'添加行'子菜单，包含上方、下方和末尾三个选项
2025-03-27 10:19:56,206 - ui.password_manager.ui_table.table_events - INFO - 已添加'编辑行'选项
2025-03-27 10:19:59,750 - ui.password_manager.ui_table.table_password - WARNING - 无法获取行 50 的真实索引，将使用表格行索引作为备选
2025-03-27 10:19:59,751 - ui.password_manager.ui_table.table_password - INFO - 在非搜索模式下使用当前行索引 50 作为真实索引
2025-03-27 10:20:01,255 - paramiko.transport - INFO - Connected (version 2.0, client OpenSSH_7.4)
2025-03-27 10:20:01,495 - paramiko.transport - INFO - Authentication (password) successful!
2025-03-27 10:20:01,566 - paramiko.transport - INFO - Connected (version 2.0, client OpenSSH_7.4)
2025-03-27 10:20:01,735 - paramiko.transport - INFO - Authentication (password) successful!
2025-03-27 10:20:14,156 - paramiko.transport - INFO - Connected (version 2.0, client OpenSSH_7.4)
2025-03-27 10:20:14,406 - paramiko.transport - INFO - Authentication (password) successful!
2025-03-27 10:20:14,665 - paramiko.transport - INFO - Connected (version 2.0, client OpenSSH_7.4)
2025-03-27 10:20:14,906 - paramiko.transport - INFO - Authentication (password) successful!
2025-03-27 10:21:20,339 - password - INFO - 调试信息 - update_password被调用，skip_server_sync参数值为: True，类型: <class 'bool'>
2025-03-27 10:21:20,339 - password - INFO - 更新密码记录 - 所有者: 徐国明, 索引: 50, 项目: ceshi, 跳过服务器同步: 是
2025-03-27 10:21:20,339 - password - INFO - 明确跳过SSH密码更新步骤 - 项目: ceshi, skip_server_sync=True
2025-03-27 10:21:20,341 - password - INFO - 更新所有者 徐国明 的密码记录成功 (跳过服务器同步)
2025-03-27 10:21:20,346 - ui.password_manager.ui_dialogs.password_update_dialog - INFO - 成功保存密码到数据库 - 服务器: 192.168.8.87, 索引: 50
2025-03-27 10:21:20,352 - ui.password_manager.ui_table.table_password - INFO - 密码更新对话框返回确认结果，刷新表格显示更新后的密码
2025-03-27 10:21:27,003 - ui.password_manager.ui_table.table_events - INFO - 右键菜单 - 当前行: 51, 当前列: 5, 选中行数: 1, 选中行: [51]
2025-03-27 10:21:27,003 - ui.password_manager.ui_table.table_events - INFO - 选中的密码单元格数量: 1
2025-03-27 10:21:27,004 - ui.password_manager.ui_table.table_events - INFO - 准备添加'添加行'子菜单 (选中行数: 1)
2025-03-27 10:21:27,004 - ui.password_manager.ui_table.table_events - INFO - 已添加'添加行'子菜单，包含上方、下方和末尾三个选项
2025-03-27 10:21:27,005 - ui.password_manager.ui_table.table_events - INFO - 已添加'编辑行'选项
2025-03-27 10:21:27,812 - ui.password_manager.ui_table.table_password - WARNING - 无法获取行 50 的真实索引，将使用表格行索引作为备选
2025-03-27 10:21:27,813 - ui.password_manager.ui_table.table_password - INFO - 在非搜索模式下使用当前行索引 50 作为真实索引
2025-03-27 10:21:29,156 - paramiko.transport - INFO - Connected (version 2.0, client OpenSSH_7.4)
2025-03-27 10:21:29,271 - paramiko.transport - INFO - Authentication (password) successful!
2025-03-27 10:21:29,305 - paramiko.transport - INFO - Connected (version 2.0, client OpenSSH_7.4)
2025-03-27 10:21:29,465 - paramiko.transport - INFO - Authentication (password) successful!
2025-03-27 10:21:41,795 - paramiko.transport - INFO - Connected (version 2.0, client OpenSSH_7.4)
2025-03-27 10:21:41,906 - paramiko.transport - INFO - Authentication (password) successful!
2025-03-27 10:21:42,056 - paramiko.transport - INFO - Connected (version 2.0, client OpenSSH_7.4)
2025-03-27 10:21:42,167 - paramiko.transport - INFO - Authentication (password) successful!
2025-03-27 10:24:52,558 - password - INFO - 调试信息 - update_password被调用，skip_server_sync参数值为: True，类型: <class 'bool'>
2025-03-27 10:24:52,559 - password - INFO - 更新密码记录 - 所有者: 徐国明, 索引: 50, 项目: ceshi, 跳过服务器同步: 是
2025-03-27 10:24:52,559 - password - INFO - 明确跳过SSH密码更新步骤 - 项目: ceshi, skip_server_sync=True
2025-03-27 10:24:52,561 - password - INFO - 更新所有者 徐国明 的密码记录成功 (跳过服务器同步)
2025-03-27 10:24:52,567 - ui.password_manager.ui_dialogs.password_update_dialog - INFO - 成功保存密码到数据库 - 服务器: 192.168.8.87, 索引: 50
2025-03-27 10:24:52,573 - ui.password_manager.ui_table.table_password - INFO - 密码更新对话框返回确认结果，刷新表格显示更新后的密码
2025-03-27 10:24:53,965 - user - INFO - 用户已登出
2025-03-27 10:27:30,309 - root - INFO - 密码管理系统启动
2025-03-27 10:27:30,309 - root - INFO - 初始化用户设置模块...
2025-03-27 10:27:30,309 - root - INFO - 用户设置模块已初始化
2025-03-27 10:27:31,389 - user - INFO - 用户 admin 登录成功
2025-03-27 10:27:31,394 - login_ui - INFO - 用户 admin 登录成功
2025-03-27 10:27:31,395 - root - INFO - 用户 admin 登录成功，准备打开密码管理界面
2025-03-27 10:27:31,500 - ui.password_manager.ui_table.base_table - INFO - 已设置必填字段自定义委托
2025-03-27 10:27:31,583 - ui.password_manager.ui_guide - INFO - 用户已完成引导: password_update，跳过显示
2025-03-27 10:27:33,638 - ui.password_manager.ui_table.table_events - INFO - 右键菜单 - 当前行: 51, 当前列: 5, 选中行数: 1, 选中行: [51]
2025-03-27 10:27:33,638 - ui.password_manager.ui_table.table_events - INFO - 选中的密码单元格数量: 1
2025-03-27 10:27:33,639 - ui.password_manager.ui_table.table_events - INFO - 准备添加'添加行'子菜单 (选中行数: 1)
2025-03-27 10:27:33,639 - ui.password_manager.ui_table.table_events - INFO - 已添加'添加行'子菜单，包含上方、下方和末尾三个选项
2025-03-27 10:27:33,640 - ui.password_manager.ui_table.table_events - INFO - 已添加'编辑行'选项
2025-03-27 10:27:35,708 - ui.password_manager.ui_table.table_events - INFO - 右键菜单 - 当前行: 32, 当前列: 3, 选中行数: 13, 选中行: [33, 34, 35, 36, 37, 38, 39, 40, 41, 42, 43, 31, 32]
2025-03-27 10:27:35,708 - ui.password_manager.ui_table.table_events - INFO - 选中的密码单元格数量: 13
2025-03-27 10:27:37,674 - password - INFO - 删除所有者 徐国明 的密码记录成功
2025-03-27 10:27:37,682 - password - INFO - 删除所有者 徐国明 的密码记录成功
2025-03-27 10:27:37,689 - password - INFO - 删除所有者 徐国明 的密码记录成功
2025-03-27 10:27:37,696 - password - INFO - 删除所有者 徐国明 的密码记录成功
2025-03-27 10:27:37,703 - password - INFO - 删除所有者 徐国明 的密码记录成功
2025-03-27 10:27:37,711 - password - INFO - 删除所有者 徐国明 的密码记录成功
2025-03-27 10:27:37,718 - password - INFO - 删除所有者 徐国明 的密码记录成功
2025-03-27 10:27:37,725 - password - INFO - 删除所有者 徐国明 的密码记录成功
2025-03-27 10:27:37,733 - password - INFO - 删除所有者 徐国明 的密码记录成功
2025-03-27 10:27:37,740 - password - INFO - 删除所有者 徐国明 的密码记录成功
2025-03-27 10:27:37,747 - password - INFO - 删除所有者 徐国明 的密码记录成功
2025-03-27 10:27:37,754 - password - INFO - 删除所有者 徐国明 的密码记录成功
2025-03-27 10:27:37,761 - password - INFO - 删除所有者 徐国明 的密码记录成功
2025-03-27 10:27:42,492 - ui.password_manager.ui_table.table_events - INFO - 右键菜单 - 当前行: 8, 当前列: 1, 选中行数: 15, 选中行: [8, 9, 10, 11, 12, 13, 14, 15, 16, 17, 18, 19, 20, 21, 22]
2025-03-27 10:27:42,493 - ui.password_manager.ui_table.table_events - INFO - 选中的密码单元格数量: 0
2025-03-27 10:27:44,213 - password - INFO - 删除所有者 徐国明 的密码记录成功
2025-03-27 10:27:44,221 - password - INFO - 删除所有者 徐国明 的密码记录成功
2025-03-27 10:27:44,228 - password - INFO - 删除所有者 徐国明 的密码记录成功
2025-03-27 10:27:44,236 - password - INFO - 删除所有者 徐国明 的密码记录成功
2025-03-27 10:27:44,244 - password - INFO - 删除所有者 徐国明 的密码记录成功
2025-03-27 10:27:44,251 - password - INFO - 删除所有者 徐国明 的密码记录成功
2025-03-27 10:27:44,258 - password - INFO - 删除所有者 徐国明 的密码记录成功
2025-03-27 10:27:44,265 - password - INFO - 删除所有者 徐国明 的密码记录成功
2025-03-27 10:27:44,272 - password - INFO - 删除所有者 徐国明 的密码记录成功
2025-03-27 10:27:44,279 - password - INFO - 删除所有者 徐国明 的密码记录成功
2025-03-27 10:27:44,286 - password - INFO - 删除所有者 徐国明 的密码记录成功
2025-03-27 10:27:44,293 - password - INFO - 删除所有者 徐国明 的密码记录成功
2025-03-27 10:27:44,300 - password - INFO - 删除所有者 徐国明 的密码记录成功
2025-03-27 10:27:44,307 - password - INFO - 删除所有者 徐国明 的密码记录成功
2025-03-27 10:27:44,314 - password - INFO - 删除所有者 徐国明 的密码记录成功
2025-03-27 10:27:45,875 - ui.password_manager.ui_table.table_events - INFO - 右键菜单 - 当前行: 23, 当前列: 5, 选中行数: 1, 选中行: [23]
2025-03-27 10:27:45,876 - ui.password_manager.ui_table.table_events - INFO - 选中的密码单元格数量: 1
2025-03-27 10:27:45,876 - ui.password_manager.ui_table.table_events - INFO - 准备添加'添加行'子菜单 (选中行数: 1)
2025-03-27 10:27:45,877 - ui.password_manager.ui_table.table_events - INFO - 已添加'添加行'子菜单，包含上方、下方和末尾三个选项
2025-03-27 10:27:45,877 - ui.password_manager.ui_table.table_events - INFO - 已添加'编辑行'选项
2025-03-27 10:27:47,466 - ui.password_manager.ui_table.table_events - INFO - 右键菜单 - 当前行: 23, 当前列: 5, 选中行数: 1, 选中行: [23]
2025-03-27 10:27:47,467 - ui.password_manager.ui_table.table_events - INFO - 选中的密码单元格数量: 1
2025-03-27 10:27:47,468 - ui.password_manager.ui_table.table_events - INFO - 准备添加'添加行'子菜单 (选中行数: 1)
2025-03-27 10:27:47,468 - ui.password_manager.ui_table.table_events - INFO - 已添加'添加行'子菜单，包含上方、下方和末尾三个选项
2025-03-27 10:27:47,468 - ui.password_manager.ui_table.table_events - INFO - 已添加'编辑行'选项
2025-03-27 10:27:48,100 - ui.password_manager.ui_table.table_password - WARNING - 无法获取行 22 的真实索引，将使用表格行索引作为备选
2025-03-27 10:27:48,101 - ui.password_manager.ui_table.table_password - INFO - 在非搜索模式下使用当前行索引 22 作为真实索引
2025-03-27 10:27:50,261 - paramiko.transport - INFO - Connected (version 2.0, client OpenSSH_7.4)
2025-03-27 10:27:50,408 - paramiko.transport - INFO - Authentication (password) successful!
2025-03-27 10:27:50,458 - paramiko.transport - INFO - Connected (version 2.0, client OpenSSH_7.4)
2025-03-27 10:27:50,588 - paramiko.transport - INFO - Authentication (password) successful!
2025-03-27 10:28:02,917 - paramiko.transport - INFO - Connected (version 2.0, client OpenSSH_7.4)
2025-03-27 10:28:03,028 - paramiko.transport - INFO - Authentication (password) successful!
2025-03-27 10:28:03,198 - paramiko.transport - INFO - Connected (version 2.0, client OpenSSH_7.4)
2025-03-27 10:28:03,318 - paramiko.transport - INFO - Authentication (password) successful!
2025-03-27 10:28:06,638 - password - INFO - 调试信息 - update_password被调用，skip_server_sync参数值为: True，类型: <class 'bool'>
2025-03-27 10:28:06,638 - password - INFO - 更新密码记录 - 所有者: 徐国明, 索引: 22, 项目: ceshi, 跳过服务器同步: 是
2025-03-27 10:28:06,639 - password - INFO - 明确跳过SSH密码更新步骤 - 项目: ceshi, skip_server_sync=True
2025-03-27 10:28:06,640 - password - INFO - 更新所有者 徐国明 的密码记录成功 (跳过服务器同步)
2025-03-27 10:28:06,647 - ui.password_manager.ui_dialogs.password_update_dialog - INFO - 成功保存密码到数据库 - 服务器: 192.168.8.87, 索引: 22
2025-03-27 10:28:06,653 - ui.password_manager.ui_table.table_password - INFO - 密码更新对话框返回确认结果，刷新表格显示更新后的密码
2025-03-27 10:28:19,763 - ui.password_manager.ui_table.table_events - INFO - 右键菜单 - 当前行: 23, 当前列: 5, 选中行数: 1, 选中行: [23]
2025-03-27 10:28:19,764 - ui.password_manager.ui_table.table_events - INFO - 选中的密码单元格数量: 1
2025-03-27 10:28:19,764 - ui.password_manager.ui_table.table_events - INFO - 准备添加'添加行'子菜单 (选中行数: 1)
2025-03-27 10:28:19,765 - ui.password_manager.ui_table.table_events - INFO - 已添加'添加行'子菜单，包含上方、下方和末尾三个选项
2025-03-27 10:28:19,765 - ui.password_manager.ui_table.table_events - INFO - 已添加'编辑行'选项
2025-03-27 10:28:20,500 - ui.password_manager.ui_table.table_password - WARNING - 无法获取行 22 的真实索引，将使用表格行索引作为备选
2025-03-27 10:28:20,501 - ui.password_manager.ui_table.table_password - INFO - 在非搜索模式下使用当前行索引 22 作为真实索引
2025-03-27 10:28:21,587 - paramiko.transport - INFO - Connected (version 2.0, client OpenSSH_7.4)
2025-03-27 10:28:21,718 - paramiko.transport - INFO - Authentication (password) successful!
2025-03-27 10:28:21,781 - paramiko.transport - INFO - Connected (version 2.0, client OpenSSH_7.4)
2025-03-27 10:28:21,927 - paramiko.transport - INFO - Authentication (password) successful!
2025-03-27 10:28:34,247 - paramiko.transport - INFO - Connected (version 2.0, client OpenSSH_7.4)
2025-03-27 10:28:34,377 - paramiko.transport - INFO - Authentication (password) successful!
2025-03-27 10:28:34,548 - paramiko.transport - INFO - Connected (version 2.0, client OpenSSH_7.4)
2025-03-27 10:28:34,687 - paramiko.transport - INFO - Authentication (password) successful!
2025-03-27 10:29:59,888 - password - INFO - 调试信息 - update_password被调用，skip_server_sync参数值为: True，类型: <class 'bool'>
2025-03-27 10:29:59,889 - password - INFO - 更新密码记录 - 所有者: 徐国明, 索引: 22, 项目: ceshi, 跳过服务器同步: 是
2025-03-27 10:29:59,890 - password - INFO - 明确跳过SSH密码更新步骤 - 项目: ceshi, skip_server_sync=True
2025-03-27 10:29:59,893 - password - INFO - 更新所有者 徐国明 的密码记录成功 (跳过服务器同步)
2025-03-27 10:29:59,900 - ui.password_manager.ui_dialogs.password_update_dialog - INFO - 成功保存密码到数据库 - 服务器: 192.168.8.87, 索引: 22
2025-03-27 10:29:59,906 - ui.password_manager.ui_table.table_password - INFO - 密码更新对话框返回确认结果，刷新表格显示更新后的密码
2025-03-27 10:31:44,044 - user - INFO - 用户已登出
2025-03-27 10:31:46,461 - root - INFO - 密码管理系统启动
2025-03-27 10:31:46,461 - root - INFO - 初始化用户设置模块...
2025-03-27 10:31:46,461 - root - INFO - 用户设置模块已初始化
2025-03-27 10:31:47,894 - user - INFO - 用户 admin 登录成功
2025-03-27 10:31:47,901 - login_ui - INFO - 用户 admin 登录成功
2025-03-27 10:31:47,902 - root - INFO - 用户 admin 登录成功，准备打开密码管理界面
2025-03-27 10:31:48,004 - ui.password_manager.ui_table.base_table - INFO - 已设置必填字段自定义委托
2025-03-27 10:31:48,099 - ui.password_manager.ui_guide - INFO - 用户已完成引导: password_update，跳过显示
2025-03-27 10:31:52,827 - ui.password_manager.ui_table.table_events - INFO - 右键菜单 - 当前行: 23, 当前列: 5, 选中行数: 1, 选中行: [23]
2025-03-27 10:31:52,828 - ui.password_manager.ui_table.table_events - INFO - 选中的密码单元格数量: 1
2025-03-27 10:31:52,829 - ui.password_manager.ui_table.table_events - INFO - 准备添加'添加行'子菜单 (选中行数: 1)
2025-03-27 10:31:52,829 - ui.password_manager.ui_table.table_events - INFO - 已添加'添加行'子菜单，包含上方、下方和末尾三个选项
2025-03-27 10:31:52,830 - ui.password_manager.ui_table.table_events - INFO - 已添加'编辑行'选项
2025-03-27 10:31:53,576 - ui.password_manager.ui_table.table_password - WARNING - 无法获取行 22 的真实索引，将使用表格行索引作为备选
2025-03-27 10:31:53,576 - ui.password_manager.ui_table.table_password - INFO - 在非搜索模式下使用当前行索引 22 作为真实索引
2025-03-27 10:31:55,048 - paramiko.transport - INFO - Connected (version 2.0, client OpenSSH_7.4)
2025-03-27 10:31:55,251 - paramiko.transport - INFO - Authentication (password) successful!
2025-03-27 10:31:55,348 - paramiko.transport - INFO - Connected (version 2.0, client OpenSSH_7.4)
2025-03-27 10:31:55,589 - paramiko.transport - INFO - Authentication (password) successful!
2025-03-27 10:32:08,118 - paramiko.transport - INFO - Connected (version 2.0, client OpenSSH_7.4)
2025-03-27 10:32:08,308 - paramiko.transport - INFO - Authentication (password) successful!
2025-03-27 10:32:36,974 - password - INFO - 调试信息 - update_password被调用，skip_server_sync参数值为: True，类型: <class 'bool'>
2025-03-27 10:32:36,975 - password - INFO - 更新密码记录 - 所有者: 徐国明, 索引: 22, 项目: ceshi, 跳过服务器同步: 是
2025-03-27 10:32:36,976 - password - INFO - 明确跳过SSH密码更新步骤 - 项目: ceshi, skip_server_sync=True
2025-03-27 10:32:36,977 - password - INFO - 更新所有者 徐国明 的密码记录成功 (跳过服务器同步)
2025-03-27 10:32:36,984 - ui.password_manager.ui_dialogs.password_update_dialog - INFO - 成功保存密码到数据库 - 服务器: 192.168.8.87, 索引: 22
2025-03-27 10:32:36,989 - ui.password_manager.ui_table.table_password - INFO - 密码更新对话框返回确认结果，刷新表格显示更新后的密码
2025-03-27 10:32:40,044 - ui.password_manager.ui_table.table_events - INFO - 右键菜单 - 当前行: 23, 当前列: 5, 选中行数: 1, 选中行: [23]
2025-03-27 10:32:40,044 - ui.password_manager.ui_table.table_events - INFO - 选中的密码单元格数量: 1
2025-03-27 10:32:40,045 - ui.password_manager.ui_table.table_events - INFO - 准备添加'添加行'子菜单 (选中行数: 1)
2025-03-27 10:32:40,045 - ui.password_manager.ui_table.table_events - INFO - 已添加'添加行'子菜单，包含上方、下方和末尾三个选项
2025-03-27 10:32:40,046 - ui.password_manager.ui_table.table_events - INFO - 已添加'编辑行'选项
2025-03-27 10:32:42,470 - ui.password_manager.ui_table.table_password - WARNING - 无法获取行 22 的真实索引，将使用表格行索引作为备选
2025-03-27 10:32:42,471 - ui.password_manager.ui_table.table_password - INFO - 在非搜索模式下使用当前行索引 22 作为真实索引
2025-03-27 10:32:43,889 - paramiko.transport - INFO - Connected (version 2.0, client OpenSSH_7.4)
2025-03-27 10:32:44,019 - paramiko.transport - INFO - Authentication (password) successful!
2025-03-27 10:32:44,058 - paramiko.transport - INFO - Connected (version 2.0, client OpenSSH_7.4)
2025-03-27 10:32:44,170 - paramiko.transport - INFO - Authentication (password) successful!
2025-03-27 10:32:56,508 - paramiko.transport - INFO - Connected (version 2.0, client OpenSSH_7.4)
2025-03-27 10:32:56,659 - paramiko.transport - INFO - Authentication (password) successful!
2025-03-27 10:33:03,573 - password - INFO - 调试信息 - update_password被调用，skip_server_sync参数值为: True，类型: <class 'bool'>
2025-03-27 10:33:03,574 - password - INFO - 更新密码记录 - 所有者: 徐国明, 索引: 22, 项目: ceshi, 跳过服务器同步: 是
2025-03-27 10:33:03,574 - password - INFO - 明确跳过SSH密码更新步骤 - 项目: ceshi, skip_server_sync=True
2025-03-27 10:33:03,576 - password - INFO - 更新所有者 徐国明 的密码记录成功 (跳过服务器同步)
2025-03-27 10:33:03,580 - ui.password_manager.ui_dialogs.password_update_dialog - INFO - 成功保存密码到数据库 - 服务器: 192.168.8.87, 索引: 22
2025-03-27 10:33:03,588 - ui.password_manager.ui_table.table_password - INFO - 密码更新对话框返回确认结果，刷新表格显示更新后的密码
2025-03-27 10:33:04,795 - ui.password_manager.ui_table.table_events - INFO - 右键菜单 - 当前行: 23, 当前列: 5, 选中行数: 1, 选中行: [23]
2025-03-27 10:33:04,796 - ui.password_manager.ui_table.table_events - INFO - 选中的密码单元格数量: 1
2025-03-27 10:33:04,797 - ui.password_manager.ui_table.table_events - INFO - 准备添加'添加行'子菜单 (选中行数: 1)
2025-03-27 10:33:04,797 - ui.password_manager.ui_table.table_events - INFO - 已添加'添加行'子菜单，包含上方、下方和末尾三个选项
2025-03-27 10:33:04,797 - ui.password_manager.ui_table.table_events - INFO - 已添加'编辑行'选项
2025-03-27 10:33:05,678 - ui.password_manager.ui_table.table_password - WARNING - 无法获取行 22 的真实索引，将使用表格行索引作为备选
2025-03-27 10:33:05,678 - ui.password_manager.ui_table.table_password - INFO - 在非搜索模式下使用当前行索引 22 作为真实索引
2025-03-27 10:33:06,539 - paramiko.transport - INFO - Connected (version 2.0, client OpenSSH_7.4)
2025-03-27 10:33:06,669 - paramiko.transport - INFO - Authentication (password) successful!
2025-03-27 10:33:06,713 - paramiko.transport - INFO - Connected (version 2.0, client OpenSSH_7.4)
2025-03-27 10:33:06,818 - paramiko.transport - INFO - Authentication (password) successful!
2025-03-27 10:33:19,151 - paramiko.transport - INFO - Connected (version 2.0, client OpenSSH_7.4)
2025-03-27 10:33:19,279 - paramiko.transport - INFO - Authentication (password) successful!
2025-03-27 10:33:31,740 - password - INFO - 调试信息 - update_password被调用，skip_server_sync参数值为: True，类型: <class 'bool'>
2025-03-27 10:33:31,741 - password - INFO - 更新密码记录 - 所有者: 徐国明, 索引: 22, 项目: ceshi, 跳过服务器同步: 是
2025-03-27 10:33:31,741 - password - INFO - 明确跳过SSH密码更新步骤 - 项目: ceshi, skip_server_sync=True
2025-03-27 10:33:31,744 - password - INFO - 更新所有者 徐国明 的密码记录成功 (跳过服务器同步)
2025-03-27 10:33:31,751 - ui.password_manager.ui_dialogs.password_update_dialog - INFO - 成功保存密码到数据库 - 服务器: 192.168.8.87, 索引: 22
2025-03-27 10:33:31,756 - ui.password_manager.ui_table.table_password - INFO - 密码更新对话框返回确认结果，刷新表格显示更新后的密码
2025-03-27 10:33:32,643 - ui.password_manager.ui_table.table_events - INFO - 右键菜单 - 当前行: 23, 当前列: 5, 选中行数: 1, 选中行: [23]
2025-03-27 10:33:32,644 - ui.password_manager.ui_table.table_events - INFO - 选中的密码单元格数量: 1
2025-03-27 10:33:32,645 - ui.password_manager.ui_table.table_events - INFO - 准备添加'添加行'子菜单 (选中行数: 1)
2025-03-27 10:33:32,645 - ui.password_manager.ui_table.table_events - INFO - 已添加'添加行'子菜单，包含上方、下方和末尾三个选项
2025-03-27 10:33:32,645 - ui.password_manager.ui_table.table_events - INFO - 已添加'编辑行'选项
2025-03-27 10:33:33,462 - ui.password_manager.ui_table.table_password - WARNING - 无法获取行 22 的真实索引，将使用表格行索引作为备选
2025-03-27 10:33:33,462 - ui.password_manager.ui_table.table_password - INFO - 在非搜索模式下使用当前行索引 22 作为真实索引
2025-03-27 10:33:35,629 - paramiko.transport - INFO - Connected (version 2.0, client OpenSSH_7.4)
2025-03-27 10:33:35,741 - paramiko.transport - INFO - Authentication (password) successful!
2025-03-27 10:33:35,779 - paramiko.transport - INFO - Connected (version 2.0, client OpenSSH_7.4)
2025-03-27 10:33:35,908 - paramiko.transport - INFO - Authentication (password) successful!
2025-03-27 10:33:48,238 - paramiko.transport - INFO - Connected (version 2.0, client OpenSSH_7.4)
2025-03-27 10:33:48,349 - paramiko.transport - INFO - Authentication (password) successful!
2025-03-27 10:39:43,391 - password - INFO - 调试信息 - update_password被调用，skip_server_sync参数值为: True，类型: <class 'bool'>
2025-03-27 10:39:43,392 - password - INFO - 更新密码记录 - 所有者: 徐国明, 索引: 22, 项目: ceshi, 跳过服务器同步: 是
2025-03-27 10:39:43,392 - password - INFO - 明确跳过SSH密码更新步骤 - 项目: ceshi, skip_server_sync=True
2025-03-27 10:39:43,394 - password - INFO - 更新所有者 徐国明 的密码记录成功 (跳过服务器同步)
2025-03-27 10:39:43,400 - ui.password_manager.ui_dialogs.password_update_dialog - INFO - 成功保存密码到数据库 - 服务器: 192.168.8.87, 索引: 22
2025-03-27 10:39:43,408 - ui.password_manager.ui_table.table_password - INFO - 密码更新对话框返回确认结果，刷新表格显示更新后的密码
2025-03-27 10:39:48,293 - user - INFO - 用户已登出
2025-03-27 10:42:04,684 - root - INFO - 密码管理系统启动
2025-03-27 10:42:04,684 - root - INFO - 初始化用户设置模块...
2025-03-27 10:42:04,685 - root - INFO - 用户设置模块已初始化
2025-03-27 10:42:05,958 - user - INFO - 用户 admin 登录成功
2025-03-27 10:42:05,966 - login_ui - INFO - 用户 admin 登录成功
2025-03-27 10:42:05,968 - root - INFO - 用户 admin 登录成功，准备打开密码管理界面
2025-03-27 10:42:06,068 - ui.password_manager.ui_table.base_table - INFO - 已设置必填字段自定义委托
2025-03-27 10:42:06,181 - ui.password_manager.ui_guide - INFO - 用户已完成引导: password_update，跳过显示
2025-03-27 10:42:13,294 - ui.password_manager.ui_table.table_events - INFO - 右键菜单 - 当前行: 23, 当前列: 5, 选中行数: 1, 选中行: [23]
2025-03-27 10:42:13,294 - ui.password_manager.ui_table.table_events - INFO - 选中的密码单元格数量: 1
2025-03-27 10:42:13,295 - ui.password_manager.ui_table.table_events - INFO - 准备添加'添加行'子菜单 (选中行数: 1)
2025-03-27 10:42:13,296 - ui.password_manager.ui_table.table_events - INFO - 已添加'添加行'子菜单，包含上方、下方和末尾三个选项
2025-03-27 10:42:13,296 - ui.password_manager.ui_table.table_events - INFO - 已添加'编辑行'选项
2025-03-27 10:42:14,200 - ui.password_manager.ui_table.table_password - WARNING - 无法获取行 22 的真实索引，将使用表格行索引作为备选
2025-03-27 10:42:14,201 - ui.password_manager.ui_table.table_password - INFO - 在非搜索模式下使用当前行索引 22 作为真实索引
2025-03-27 10:42:15,950 - paramiko.transport - INFO - Connected (version 2.0, client OpenSSH_7.4)
2025-03-27 10:42:16,071 - paramiko.transport - INFO - Authentication (password) successful!
2025-03-27 10:42:16,110 - paramiko.transport - INFO - Connected (version 2.0, client OpenSSH_7.4)
2025-03-27 10:42:16,251 - paramiko.transport - INFO - Authentication (password) successful!
2025-03-27 10:42:21,530 - paramiko.transport - INFO - Connected (version 2.0, client OpenSSH_7.4)
2025-03-27 10:42:21,643 - paramiko.transport - INFO - Authentication (password) successful!
2025-03-27 10:42:27,693 - password - INFO - 调试信息 - update_password被调用，skip_server_sync参数值为: True，类型: <class 'bool'>
2025-03-27 10:42:27,693 - password - INFO - 更新密码记录 - 所有者: 徐国明, 索引: 22, 项目: ceshi, 跳过服务器同步: 是
2025-03-27 10:42:27,693 - password - INFO - 明确跳过SSH密码更新步骤 - 项目: ceshi, skip_server_sync=True
2025-03-27 10:42:27,695 - password - INFO - 更新所有者 徐国明 的密码记录成功 (跳过服务器同步)
2025-03-27 10:42:27,701 - ui.password_manager.ui_dialogs.password_update_dialog - INFO - 成功保存密码到数据库 - 服务器: 192.168.8.87, 索引: 22
2025-03-27 10:42:27,706 - ui.password_manager.ui_table.table_password - INFO - 密码更新对话框返回确认结果，刷新表格显示更新后的密码
2025-03-27 10:42:57,837 - user - INFO - 用户已登出
2025-03-27 10:42:59,929 - root - INFO - 密码管理系统启动
2025-03-27 10:42:59,930 - root - INFO - 初始化用户设置模块...
2025-03-27 10:42:59,930 - root - INFO - 用户设置模块已初始化
2025-03-27 10:43:01,230 - user - INFO - 用户 admin 登录成功
2025-03-27 10:43:01,237 - login_ui - INFO - 用户 admin 登录成功
2025-03-27 10:43:01,238 - root - INFO - 用户 admin 登录成功，准备打开密码管理界面
2025-03-27 10:43:01,341 - ui.password_manager.ui_table.base_table - INFO - 已设置必填字段自定义委托
2025-03-27 10:43:01,424 - ui.password_manager.ui_guide - INFO - 用户已完成引导: password_update，跳过显示
2025-03-27 10:43:03,845 - ui.password_manager.ui_table.table_events - INFO - 右键菜单 - 当前行: 23, 当前列: 5, 选中行数: 1, 选中行: [23]
2025-03-27 10:43:03,845 - ui.password_manager.ui_table.table_events - INFO - 选中的密码单元格数量: 1
2025-03-27 10:43:03,846 - ui.password_manager.ui_table.table_events - INFO - 准备添加'添加行'子菜单 (选中行数: 1)
2025-03-27 10:43:03,846 - ui.password_manager.ui_table.table_events - INFO - 已添加'添加行'子菜单，包含上方、下方和末尾三个选项
2025-03-27 10:43:03,846 - ui.password_manager.ui_table.table_events - INFO - 已添加'编辑行'选项
2025-03-27 10:43:04,869 - ui.password_manager.ui_table.table_password - WARNING - 无法获取行 22 的真实索引，将使用表格行索引作为备选
2025-03-27 10:43:04,870 - ui.password_manager.ui_table.table_password - INFO - 在非搜索模式下使用当前行索引 22 作为真实索引
2025-03-27 10:43:05,603 - paramiko.transport - INFO - Connected (version 2.0, client OpenSSH_7.4)
2025-03-27 10:43:05,711 - paramiko.transport - INFO - Authentication (password) successful!
2025-03-27 10:43:05,744 - paramiko.transport - INFO - Connected (version 2.0, client OpenSSH_7.4)
2025-03-27 10:43:05,881 - paramiko.transport - INFO - Authentication (password) successful!
2025-03-27 10:43:11,180 - paramiko.transport - INFO - Connected (version 2.0, client OpenSSH_7.4)
2025-03-27 10:43:11,290 - paramiko.transport - INFO - Authentication (password) successful!
2025-03-27 10:43:16,126 - password - INFO - 调试信息 - update_password被调用，skip_server_sync参数值为: True，类型: <class 'bool'>
2025-03-27 10:43:16,127 - password - INFO - 更新密码记录 - 所有者: 徐国明, 索引: 22, 项目: ceshi, 跳过服务器同步: 是
2025-03-27 10:43:16,127 - password - INFO - 明确跳过SSH密码更新步骤 - 项目: ceshi, skip_server_sync=True
2025-03-27 10:43:16,129 - password - INFO - 更新所有者 徐国明 的密码记录成功 (跳过服务器同步)
2025-03-27 10:43:16,135 - ui.password_manager.ui_dialogs.password_update_dialog - INFO - 成功保存密码到数据库 - 服务器: 192.168.8.87, 索引: 22
2025-03-27 10:43:16,142 - ui.password_manager.ui_table.table_password - INFO - 密码更新对话框返回确认结果，刷新表格显示更新后的密码
2025-03-27 10:43:19,484 - ui.password_manager.ui_table.table_events - INFO - 右键菜单 - 当前行: 23, 当前列: 5, 选中行数: 1, 选中行: [23]
2025-03-27 10:43:19,484 - ui.password_manager.ui_table.table_events - INFO - 选中的密码单元格数量: 1
2025-03-27 10:43:19,485 - ui.password_manager.ui_table.table_events - INFO - 准备添加'添加行'子菜单 (选中行数: 1)
2025-03-27 10:43:19,485 - ui.password_manager.ui_table.table_events - INFO - 已添加'添加行'子菜单，包含上方、下方和末尾三个选项
2025-03-27 10:43:19,485 - ui.password_manager.ui_table.table_events - INFO - 已添加'编辑行'选项
2025-03-27 10:43:20,215 - ui.password_manager.ui_table.table_password - WARNING - 无法获取行 22 的真实索引，将使用表格行索引作为备选
2025-03-27 10:43:20,215 - ui.password_manager.ui_table.table_password - INFO - 在非搜索模式下使用当前行索引 22 作为真实索引
2025-03-27 10:43:21,494 - paramiko.transport - INFO - Connected (version 2.0, client OpenSSH_7.4)
2025-03-27 10:43:21,621 - paramiko.transport - INFO - Authentication (password) successful!
2025-03-27 10:43:21,660 - paramiko.transport - INFO - Connected (version 2.0, client OpenSSH_7.4)
2025-03-27 10:43:21,771 - paramiko.transport - INFO - Authentication (password) successful!
2025-03-27 10:43:27,071 - paramiko.transport - INFO - Connected (version 2.0, client OpenSSH_7.4)
2025-03-27 10:43:27,221 - paramiko.transport - INFO - Authentication (password) successful!
2025-03-27 10:43:34,669 - password - INFO - 调试信息 - update_password被调用，skip_server_sync参数值为: True，类型: <class 'bool'>
2025-03-27 10:43:34,669 - password - INFO - 更新密码记录 - 所有者: 徐国明, 索引: 22, 项目: ceshi, 跳过服务器同步: 是
2025-03-27 10:43:34,670 - password - INFO - 明确跳过SSH密码更新步骤 - 项目: ceshi, skip_server_sync=True
2025-03-27 10:43:34,672 - password - INFO - 更新所有者 徐国明 的密码记录成功 (跳过服务器同步)
2025-03-27 10:43:34,678 - ui.password_manager.ui_dialogs.password_update_dialog - INFO - 成功保存密码到数据库 - 服务器: 192.168.8.87, 索引: 22
2025-03-27 10:43:34,684 - ui.password_manager.ui_table.table_password - INFO - 密码更新对话框返回确认结果，刷新表格显示更新后的密码
2025-03-27 10:46:03,452 - ui.password_manager.ui_table.table_events - INFO - 右键菜单 - 当前行: 23, 当前列: 5, 选中行数: 1, 选中行: [23]
2025-03-27 10:46:03,452 - ui.password_manager.ui_table.table_events - INFO - 选中的密码单元格数量: 1
2025-03-27 10:46:03,453 - ui.password_manager.ui_table.table_events - INFO - 准备添加'添加行'子菜单 (选中行数: 1)
2025-03-27 10:46:03,453 - ui.password_manager.ui_table.table_events - INFO - 已添加'添加行'子菜单，包含上方、下方和末尾三个选项
2025-03-27 10:46:03,454 - ui.password_manager.ui_table.table_events - INFO - 已添加'编辑行'选项
2025-03-27 10:46:04,296 - ui.password_manager.ui_table.table_password - WARNING - 无法获取行 22 的真实索引，将使用表格行索引作为备选
2025-03-27 10:46:04,296 - ui.password_manager.ui_table.table_password - INFO - 在非搜索模式下使用当前行索引 22 作为真实索引
2025-03-27 10:47:34,433 - paramiko.transport - INFO - Connected (version 2.0, client OpenSSH_7.4)
2025-03-27 10:47:34,563 - paramiko.transport - INFO - Authentication (password) successful!
2025-03-27 10:47:34,603 - paramiko.transport - INFO - Connected (version 2.0, client OpenSSH_7.4)
2025-03-27 10:47:34,713 - paramiko.transport - INFO - Authentication (password) successful!
2025-03-27 10:47:40,032 - paramiko.transport - INFO - Connected (version 2.0, client OpenSSH_7.4)
2025-03-27 10:47:40,162 - paramiko.transport - INFO - Authentication (password) successful!
2025-03-27 10:47:58,120 - password - INFO - 调试信息 - update_password被调用，skip_server_sync参数值为: True，类型: <class 'bool'>
2025-03-27 10:47:58,120 - password - INFO - 更新密码记录 - 所有者: 徐国明, 索引: 22, 项目: ceshi, 跳过服务器同步: 是
2025-03-27 10:47:58,121 - password - INFO - 明确跳过SSH密码更新步骤 - 项目: ceshi, skip_server_sync=True
2025-03-27 10:47:58,122 - password - INFO - 更新所有者 徐国明 的密码记录成功 (跳过服务器同步)
2025-03-27 10:47:58,129 - ui.password_manager.ui_dialogs.password_update_dialog - INFO - 成功保存密码到数据库 - 服务器: 192.168.8.87, 索引: 22
2025-03-27 10:47:58,136 - ui.password_manager.ui_table.table_password - INFO - 密码更新对话框返回确认结果，刷新表格显示更新后的密码
2025-03-27 10:48:05,510 - ui.password_manager.ui_table.table_events - INFO - 右键菜单 - 当前行: 23, 当前列: 5, 选中行数: 1, 选中行: [23]
2025-03-27 10:48:05,510 - ui.password_manager.ui_table.table_events - INFO - 选中的密码单元格数量: 1
2025-03-27 10:48:05,511 - ui.password_manager.ui_table.table_events - INFO - 准备添加'添加行'子菜单 (选中行数: 1)
2025-03-27 10:48:05,511 - ui.password_manager.ui_table.table_events - INFO - 已添加'添加行'子菜单，包含上方、下方和末尾三个选项
2025-03-27 10:48:05,512 - ui.password_manager.ui_table.table_events - INFO - 已添加'编辑行'选项
2025-03-27 10:48:06,350 - ui.password_manager.ui_table.table_password - WARNING - 无法获取行 22 的真实索引，将使用表格行索引作为备选
2025-03-27 10:48:06,350 - ui.password_manager.ui_table.table_password - INFO - 在非搜索模式下使用当前行索引 22 作为真实索引
2025-03-27 10:55:54,464 - ui.password_manager.ui_table.table_password - INFO - 用户取消了密码更新操作
2025-03-27 10:56:12,118 - user - INFO - 用户已登出
2025-03-27 10:56:14,399 - root - INFO - 密码管理系统启动
2025-03-27 10:56:14,399 - root - INFO - 初始化用户设置模块...
2025-03-27 10:56:14,399 - root - INFO - 用户设置模块已初始化
2025-03-27 10:56:15,494 - user - INFO - 用户 admin 登录成功
2025-03-27 10:56:15,501 - login_ui - INFO - 用户 admin 登录成功
2025-03-27 10:56:15,502 - root - INFO - 用户 admin 登录成功，准备打开密码管理界面
2025-03-27 10:56:15,611 - ui.password_manager.ui_table.base_table - INFO - 已设置必填字段自定义委托
2025-03-27 10:56:15,692 - ui.password_manager.ui_guide - INFO - 用户已完成引导: password_update，跳过显示
2025-03-27 10:56:18,264 - ui.password_manager.ui_table.table_events - INFO - 右键菜单 - 当前行: 23, 当前列: 5, 选中行数: 1, 选中行: [23]
2025-03-27 10:56:18,265 - ui.password_manager.ui_table.table_events - INFO - 选中的密码单元格数量: 1
2025-03-27 10:56:18,265 - ui.password_manager.ui_table.table_events - INFO - 准备添加'添加行'子菜单 (选中行数: 1)
2025-03-27 10:56:18,266 - ui.password_manager.ui_table.table_events - INFO - 已添加'添加行'子菜单，包含上方、下方和末尾三个选项
2025-03-27 10:56:18,266 - ui.password_manager.ui_table.table_events - INFO - 已添加'编辑行'选项
2025-03-27 10:56:19,017 - ui.password_manager.ui_table.table_password - WARNING - 无法获取行 22 的真实索引，将使用表格行索引作为备选
2025-03-27 10:56:19,017 - ui.password_manager.ui_table.table_password - INFO - 在非搜索模式下使用当前行索引 22 作为真实索引
2025-03-27 10:56:20,474 - paramiko.transport - INFO - Connected (version 2.0, client OpenSSH_7.4)
2025-03-27 10:56:20,606 - paramiko.transport - INFO - Authentication (password) successful!
2025-03-27 10:56:20,645 - paramiko.transport - INFO - Connected (version 2.0, client OpenSSH_7.4)
2025-03-27 10:56:20,767 - paramiko.transport - INFO - Authentication (password) successful!
2025-03-27 10:56:26,084 - paramiko.transport - INFO - Connected (version 2.0, client OpenSSH_7.4)
2025-03-27 10:56:26,244 - paramiko.transport - INFO - Authentication (password) successful!
2025-03-27 10:56:47,453 - password - INFO - 调试信息 - update_password被调用，skip_server_sync参数值为: True，类型: <class 'bool'>
2025-03-27 10:56:47,454 - password - INFO - 更新密码记录 - 所有者: 徐国明, 索引: 22, 项目: ceshi, 跳过服务器同步: 是
2025-03-27 10:56:47,454 - password - INFO - 明确跳过SSH密码更新步骤 - 项目: ceshi, skip_server_sync=True
2025-03-27 10:56:47,456 - password - INFO - 更新所有者 徐国明 的密码记录成功 (跳过服务器同步)
2025-03-27 10:56:47,463 - ui.password_manager.ui_dialogs.password_update_dialog - INFO - 成功保存密码到数据库 - 服务器: 192.168.8.87, 索引: 22
2025-03-27 10:56:47,469 - ui.password_manager.ui_table.table_password - INFO - 密码更新对话框返回确认结果，刷新表格显示更新后的密码
2025-03-27 10:56:50,430 - ui.password_manager.ui_table.table_events - INFO - 右键菜单 - 当前行: 23, 当前列: 5, 选中行数: 1, 选中行: [23]
2025-03-27 10:56:50,430 - ui.password_manager.ui_table.table_events - INFO - 选中的密码单元格数量: 1
2025-03-27 10:56:50,431 - ui.password_manager.ui_table.table_events - INFO - 准备添加'添加行'子菜单 (选中行数: 1)
2025-03-27 10:56:50,431 - ui.password_manager.ui_table.table_events - INFO - 已添加'添加行'子菜单，包含上方、下方和末尾三个选项
2025-03-27 10:56:50,432 - ui.password_manager.ui_table.table_events - INFO - 已添加'编辑行'选项
2025-03-27 10:56:51,213 - ui.password_manager.ui_table.table_password - WARNING - 无法获取行 22 的真实索引，将使用表格行索引作为备选
2025-03-27 10:56:51,214 - ui.password_manager.ui_table.table_password - INFO - 在非搜索模式下使用当前行索引 22 作为真实索引
2025-03-27 10:56:52,474 - paramiko.transport - INFO - Connected (version 2.0, client OpenSSH_7.4)
2025-03-27 10:56:52,630 - paramiko.transport - INFO - Authentication (password) successful!
2025-03-27 10:56:52,686 - paramiko.transport - INFO - Connected (version 2.0, client OpenSSH_7.4)
2025-03-27 10:56:52,819 - paramiko.transport - INFO - Authentication (password) successful!
2025-03-27 10:56:58,144 - paramiko.transport - INFO - Connected (version 2.0, client OpenSSH_7.4)
2025-03-27 10:56:58,294 - paramiko.transport - INFO - Authentication (password) successful!
2025-03-27 10:57:17,439 - password - INFO - 调试信息 - update_password被调用，skip_server_sync参数值为: True，类型: <class 'bool'>
2025-03-27 10:57:17,440 - password - INFO - 更新密码记录 - 所有者: 徐国明, 索引: 22, 项目: ceshi, 跳过服务器同步: 是
2025-03-27 10:57:17,440 - password - INFO - 明确跳过SSH密码更新步骤 - 项目: ceshi, skip_server_sync=True
2025-03-27 10:57:17,442 - password - INFO - 更新所有者 徐国明 的密码记录成功 (跳过服务器同步)
2025-03-27 10:57:17,448 - ui.password_manager.ui_dialogs.password_update_dialog - INFO - 成功保存密码到数据库 - 服务器: 192.168.8.87, 索引: 22
2025-03-27 10:57:17,454 - ui.password_manager.ui_table.table_password - INFO - 密码更新对话框返回确认结果，刷新表格显示更新后的密码
2025-03-27 10:57:19,106 - ui.password_manager.ui_table.table_events - INFO - 右键菜单 - 当前行: 23, 当前列: 5, 选中行数: 3, 选中行: [21, 22, 23]
2025-03-27 10:57:19,107 - ui.password_manager.ui_table.table_events - INFO - 选中的密码单元格数量: 3
2025-03-27 10:57:19,990 - ui.password_manager.ui_table.table_password - WARNING - 无法获取行 20 的真实索引，将使用表格行索引作为备选
2025-03-27 10:57:19,990 - ui.password_manager.ui_table.table_password - INFO - 在非搜索模式下使用当前行索引 20 作为真实索引
2025-03-27 10:57:19,991 - ui.password_manager.ui_table.table_password - WARNING - 无法获取行 21 的真实索引，将使用表格行索引作为备选
2025-03-27 10:57:19,991 - ui.password_manager.ui_table.table_password - INFO - 在非搜索模式下使用当前行索引 21 作为真实索引
2025-03-27 10:57:19,992 - ui.password_manager.ui_table.table_password - WARNING - 无法获取行 22 的真实索引，将使用表格行索引作为备选
2025-03-27 10:57:19,992 - ui.password_manager.ui_table.table_password - INFO - 在非搜索模式下使用当前行索引 22 作为真实索引
2025-03-27 10:57:41,263 - paramiko.transport - INFO - Connected (version 2.0, client OpenSSH_7.4)
2025-03-27 10:57:41,374 - paramiko.transport - INFO - Authentication (password) successful!
2025-03-27 10:57:41,414 - paramiko.transport - INFO - Connected (version 2.0, client OpenSSH_7.4)
2025-03-27 10:57:41,553 - paramiko.transport - INFO - Authentication (password) successful!
2025-03-27 10:57:46,845 - paramiko.transport - INFO - Connected (version 2.0, client OpenSSH_7.4)
2025-03-27 10:57:46,955 - paramiko.transport - INFO - Authentication (password) successful!
2025-03-27 10:57:51,877 - password - INFO - 调试信息 - update_password被调用，skip_server_sync参数值为: True，类型: <class 'bool'>
2025-03-27 10:57:51,878 - password - INFO - 更新密码记录 - 所有者: 徐国明, 索引: 22, 项目: ceshi, 跳过服务器同步: 是
2025-03-27 10:57:51,879 - password - INFO - 明确跳过SSH密码更新步骤 - 项目: ceshi, skip_server_sync=True
2025-03-27 10:57:51,881 - password - INFO - 更新所有者 徐国明 的密码记录成功 (跳过服务器同步)
2025-03-27 10:57:51,888 - ui.password_manager.ui_dialogs.password_update_dialog - INFO - 成功保存密码到数据库 - 服务器: 192.168.8.87, 索引: 22
2025-03-27 10:57:51,894 - ui.password_manager.ui_table.table_password - INFO - 密码更新对话框返回确认结果，刷新表格显示更新后的密码
2025-03-27 10:58:14,543 - ui.password_manager.ui_table.table_events - INFO - 右键菜单 - 当前行: 23, 当前列: 5, 选中行数: 3, 选中行: [21, 22, 23]
2025-03-27 10:58:14,544 - ui.password_manager.ui_table.table_events - INFO - 选中的密码单元格数量: 3
2025-03-27 10:58:15,271 - ui.password_manager.ui_table.table_password - WARNING - 无法获取行 20 的真实索引，将使用表格行索引作为备选
2025-03-27 10:58:15,271 - ui.password_manager.ui_table.table_password - INFO - 在非搜索模式下使用当前行索引 20 作为真实索引
2025-03-27 10:58:15,271 - ui.password_manager.ui_table.table_password - WARNING - 无法获取行 21 的真实索引，将使用表格行索引作为备选
2025-03-27 10:58:15,271 - ui.password_manager.ui_table.table_password - INFO - 在非搜索模式下使用当前行索引 21 作为真实索引
2025-03-27 10:58:15,271 - ui.password_manager.ui_table.table_password - WARNING - 无法获取行 22 的真实索引，将使用表格行索引作为备选
2025-03-27 10:58:15,272 - ui.password_manager.ui_table.table_password - INFO - 在非搜索模式下使用当前行索引 22 作为真实索引
2025-03-27 10:58:36,274 - paramiko.transport - INFO - Connected (version 2.0, client OpenSSH_7.4)
2025-03-27 10:58:36,384 - paramiko.transport - INFO - Authentication (password) successful!
2025-03-27 10:58:36,424 - paramiko.transport - INFO - Connected (version 2.0, client OpenSSH_7.4)
2025-03-27 10:58:36,534 - paramiko.transport - INFO - Authentication (password) successful!
2025-03-27 10:58:41,814 - paramiko.transport - INFO - Connected (version 2.0, client OpenSSH_7.4)
2025-03-27 10:58:41,925 - paramiko.transport - INFO - Authentication (password) successful!
2025-03-27 10:58:44,112 - password - INFO - 调试信息 - update_password被调用，skip_server_sync参数值为: True，类型: <class 'bool'>
2025-03-27 10:58:44,112 - password - INFO - 更新密码记录 - 所有者: 徐国明, 索引: 22, 项目: ceshi, 跳过服务器同步: 是
2025-03-27 10:58:44,113 - password - INFO - 明确跳过SSH密码更新步骤 - 项目: ceshi, skip_server_sync=True
2025-03-27 10:58:44,114 - password - INFO - 更新所有者 徐国明 的密码记录成功 (跳过服务器同步)
2025-03-27 10:58:44,121 - ui.password_manager.ui_dialogs.password_update_dialog - INFO - 成功保存密码到数据库 - 服务器: 192.168.8.87, 索引: 22
2025-03-27 10:58:44,127 - ui.password_manager.ui_table.table_password - INFO - 密码更新对话框返回确认结果，刷新表格显示更新后的密码
2025-03-27 10:58:45,988 - ui.password_manager.ui_table.table_events - INFO - 右键菜单 - 当前行: 23, 当前列: 5, 选中行数: 1, 选中行: [23]
2025-03-27 10:58:45,989 - ui.password_manager.ui_table.table_events - INFO - 选中的密码单元格数量: 1
2025-03-27 10:58:45,990 - ui.password_manager.ui_table.table_events - INFO - 准备添加'添加行'子菜单 (选中行数: 1)
2025-03-27 10:58:45,990 - ui.password_manager.ui_table.table_events - INFO - 已添加'添加行'子菜单，包含上方、下方和末尾三个选项
2025-03-27 10:58:45,991 - ui.password_manager.ui_table.table_events - INFO - 已添加'编辑行'选项
2025-03-27 10:58:49,135 - ui.password_manager.ui_table.table_events - INFO - 右键菜单 - 当前行: 23, 当前列: 5, 选中行数: 1, 选中行: [23]
2025-03-27 10:58:49,135 - ui.password_manager.ui_table.table_events - INFO - 选中的密码单元格数量: 1
2025-03-27 10:58:49,136 - ui.password_manager.ui_table.table_events - INFO - 准备添加'添加行'子菜单 (选中行数: 1)
2025-03-27 10:58:49,136 - ui.password_manager.ui_table.table_events - INFO - 已添加'添加行'子菜单，包含上方、下方和末尾三个选项
2025-03-27 10:58:49,137 - ui.password_manager.ui_table.table_events - INFO - 已添加'编辑行'选项
2025-03-27 10:58:49,952 - ui.password_manager.ui_table.table_password - WARNING - 无法获取行 22 的真实索引，将使用表格行索引作为备选
2025-03-27 10:58:49,952 - ui.password_manager.ui_table.table_password - INFO - 在非搜索模式下使用当前行索引 22 作为真实索引
2025-03-27 10:58:51,918 - ui.password_manager.ui_table.table_password - INFO - 用户取消了密码更新操作
2025-03-27 10:59:02,325 - ui.password_manager.ui_table.table_events - INFO - 右键菜单 - 当前行: 23, 当前列: 5, 选中行数: 1, 选中行: [23]
2025-03-27 10:59:02,326 - ui.password_manager.ui_table.table_events - INFO - 选中的密码单元格数量: 1
2025-03-27 10:59:02,326 - ui.password_manager.ui_table.table_events - INFO - 准备添加'添加行'子菜单 (选中行数: 1)
2025-03-27 10:59:02,327 - ui.password_manager.ui_table.table_events - INFO - 已添加'添加行'子菜单，包含上方、下方和末尾三个选项
2025-03-27 10:59:02,327 - ui.password_manager.ui_table.table_events - INFO - 已添加'编辑行'选项
2025-03-27 10:59:02,919 - ui.password_manager.ui_table.table_password - WARNING - 无法获取行 22 的真实索引，将使用表格行索引作为备选
2025-03-27 10:59:02,920 - ui.password_manager.ui_table.table_password - INFO - 在非搜索模式下使用当前行索引 22 作为真实索引
2025-03-27 11:01:41,249 - ui.password_manager.ui_table.table_password - INFO - 用户取消了密码更新操作
2025-03-27 11:01:42,301 - user - INFO - 用户已登出
2025-03-27 11:01:44,701 - root - INFO - 密码管理系统启动
2025-03-27 11:01:44,702 - root - INFO - 初始化用户设置模块...
2025-03-27 11:01:44,702 - root - INFO - 用户设置模块已初始化
2025-03-27 11:01:46,687 - user - INFO - 用户 admin 登录成功
2025-03-27 11:01:46,694 - login_ui - INFO - 用户 admin 登录成功
2025-03-27 11:01:46,695 - root - INFO - 用户 admin 登录成功，准备打开密码管理界面
2025-03-27 11:01:46,787 - ui.password_manager.ui_table.base_table - INFO - 已设置必填字段自定义委托
2025-03-27 11:01:46,886 - ui.password_manager.ui_guide - INFO - 用户已完成引导: password_update，跳过显示
2025-03-27 11:01:48,470 - ui.password_manager.ui_table.table_events - INFO - 右键菜单 - 当前行: 23, 当前列: 5, 选中行数: 1, 选中行: [23]
2025-03-27 11:01:48,471 - ui.password_manager.ui_table.table_events - INFO - 选中的密码单元格数量: 1
2025-03-27 11:01:48,471 - ui.password_manager.ui_table.table_events - INFO - 准备添加'添加行'子菜单 (选中行数: 1)
2025-03-27 11:01:48,472 - ui.password_manager.ui_table.table_events - INFO - 已添加'添加行'子菜单，包含上方、下方和末尾三个选项
2025-03-27 11:01:48,472 - ui.password_manager.ui_table.table_events - INFO - 已添加'编辑行'选项
2025-03-27 11:01:49,184 - ui.password_manager.ui_table.table_password - WARNING - 无法获取行 22 的真实索引，将使用表格行索引作为备选
2025-03-27 11:01:49,184 - ui.password_manager.ui_table.table_password - INFO - 在非搜索模式下使用当前行索引 22 作为真实索引
2025-03-27 11:01:50,258 - paramiko.transport - INFO - Connected (version 2.0, client OpenSSH_7.4)
2025-03-27 11:01:50,474 - paramiko.transport - INFO - Authentication (password) successful!
2025-03-27 11:01:50,537 - paramiko.transport - INFO - Connected (version 2.0, client OpenSSH_7.4)
2025-03-27 11:01:50,714 - paramiko.transport - INFO - Authentication (password) successful!
2025-03-27 11:01:56,016 - paramiko.transport - INFO - Connected (version 2.0, client OpenSSH_7.4)
2025-03-27 11:01:56,126 - paramiko.transport - INFO - Authentication (password) successful!
2025-03-27 11:02:06,896 - password - INFO - 调试信息 - update_password被调用，skip_server_sync参数值为: True，类型: <class 'bool'>
2025-03-27 11:02:06,897 - password - INFO - 更新密码记录 - 所有者: 徐国明, 索引: 22, 项目: ceshi, 跳过服务器同步: 是
2025-03-27 11:02:06,897 - password - INFO - 明确跳过SSH密码更新步骤 - 项目: ceshi, skip_server_sync=True
2025-03-27 11:02:06,899 - password - INFO - 更新所有者 徐国明 的密码记录成功 (跳过服务器同步)
2025-03-27 11:02:06,906 - ui.password_manager.ui_dialogs.password_update_dialog - INFO - 成功保存密码到数据库 - 服务器: 192.168.8.87, 索引: 22
2025-03-27 11:02:06,910 - ui.password_manager.ui_table.table_password - INFO - 密码更新对话框返回确认结果，刷新表格显示更新后的密码
2025-03-27 11:02:11,061 - ui.password_manager.ui_table.table_events - INFO - 右键菜单 - 当前行: 23, 当前列: 5, 选中行数: 1, 选中行: [23]
2025-03-27 11:02:11,062 - ui.password_manager.ui_table.table_events - INFO - 选中的密码单元格数量: 1
2025-03-27 11:02:11,062 - ui.password_manager.ui_table.table_events - INFO - 准备添加'添加行'子菜单 (选中行数: 1)
2025-03-27 11:02:11,063 - ui.password_manager.ui_table.table_events - INFO - 已添加'添加行'子菜单，包含上方、下方和末尾三个选项
2025-03-27 11:02:11,063 - ui.password_manager.ui_table.table_events - INFO - 已添加'编辑行'选项
2025-03-27 11:02:14,901 - ui.password_manager.ui_table.table_events - INFO - 右键菜单 - 当前行: 23, 当前列: 5, 选中行数: 1, 选中行: [23]
2025-03-27 11:02:14,902 - ui.password_manager.ui_table.table_events - INFO - 选中的密码单元格数量: 1
2025-03-27 11:02:14,902 - ui.password_manager.ui_table.table_events - INFO - 准备添加'添加行'子菜单 (选中行数: 1)
2025-03-27 11:02:14,903 - ui.password_manager.ui_table.table_events - INFO - 已添加'添加行'子菜单，包含上方、下方和末尾三个选项
2025-03-27 11:02:14,903 - ui.password_manager.ui_table.table_events - INFO - 已添加'编辑行'选项
2025-03-27 11:02:15,959 - ui.password_manager.ui_table.table_password - WARNING - 无法获取行 22 的真实索引，将使用表格行索引作为备选
2025-03-27 11:02:15,959 - ui.password_manager.ui_table.table_password - INFO - 在非搜索模式下使用当前行索引 22 作为真实索引
2025-03-27 11:02:23,187 - paramiko.transport - INFO - Connected (version 2.0, client OpenSSH_7.4)
2025-03-27 11:02:23,718 - paramiko.transport - INFO - Authentication (password) successful!
2025-03-27 11:02:23,755 - paramiko.transport - INFO - Connected (version 2.0, client OpenSSH_7.4)
2025-03-27 11:02:23,887 - paramiko.transport - INFO - Authentication (password) successful!
2025-03-27 11:02:29,175 - paramiko.transport - INFO - Connected (version 2.0, client OpenSSH_7.4)
2025-03-27 11:02:29,325 - paramiko.transport - INFO - Authentication (password) successful!
2025-03-27 11:05:45,694 - password - INFO - 调试信息 - update_password被调用，skip_server_sync参数值为: True，类型: <class 'bool'>
2025-03-27 11:05:45,694 - password - INFO - 更新密码记录 - 所有者: 徐国明, 索引: 22, 项目: ceshi, 跳过服务器同步: 是
2025-03-27 11:05:45,695 - password - INFO - 明确跳过SSH密码更新步骤 - 项目: ceshi, skip_server_sync=True
2025-03-27 11:05:45,697 - password - INFO - 更新所有者 徐国明 的密码记录成功 (跳过服务器同步)
2025-03-27 11:05:45,704 - ui.password_manager.ui_dialogs.password_update_dialog - INFO - 成功保存密码到数据库 - 服务器: 192.168.8.87, 索引: 22
2025-03-27 11:05:45,710 - ui.password_manager.ui_table.table_password - INFO - 密码更新对话框返回确认结果，刷新表格显示更新后的密码
2025-03-27 11:05:46,888 - user - INFO - 用户已登出
2025-03-27 11:05:49,037 - root - INFO - 密码管理系统启动
2025-03-27 11:05:49,037 - root - INFO - 初始化用户设置模块...
2025-03-27 11:05:49,038 - root - INFO - 用户设置模块已初始化
2025-03-27 11:05:50,176 - user - INFO - 用户 admin 登录成功
2025-03-27 11:05:50,185 - login_ui - INFO - 用户 admin 登录成功
2025-03-27 11:05:50,186 - root - INFO - 用户 admin 登录成功，准备打开密码管理界面
2025-03-27 11:05:50,291 - ui.password_manager.ui_table.base_table - INFO - 已设置必填字段自定义委托
2025-03-27 11:05:50,378 - ui.password_manager.ui_guide - INFO - 用户已完成引导: password_update，跳过显示
2025-03-27 11:05:51,829 - ui.password_manager.ui_table.table_events - INFO - 右键菜单 - 当前行: 23, 当前列: 5, 选中行数: 1, 选中行: [23]
2025-03-27 11:05:51,830 - ui.password_manager.ui_table.table_events - INFO - 选中的密码单元格数量: 1
2025-03-27 11:05:51,831 - ui.password_manager.ui_table.table_events - INFO - 准备添加'添加行'子菜单 (选中行数: 1)
2025-03-27 11:05:51,831 - ui.password_manager.ui_table.table_events - INFO - 已添加'添加行'子菜单，包含上方、下方和末尾三个选项
2025-03-27 11:05:51,832 - ui.password_manager.ui_table.table_events - INFO - 已添加'编辑行'选项
2025-03-27 11:05:52,551 - ui.password_manager.ui_table.table_password - WARNING - 无法获取行 22 的真实索引，将使用表格行索引作为备选
2025-03-27 11:05:52,552 - ui.password_manager.ui_table.table_password - INFO - 在非搜索模式下使用当前行索引 22 作为真实索引
2025-03-27 11:05:54,285 - paramiko.transport - INFO - Connected (version 2.0, client OpenSSH_7.4)
2025-03-27 11:05:54,396 - paramiko.transport - INFO - Authentication (password) successful!
2025-03-27 11:05:54,435 - paramiko.transport - INFO - Connected (version 2.0, client OpenSSH_7.4)
2025-03-27 11:05:54,566 - paramiko.transport - INFO - Authentication (password) successful!
2025-03-27 11:05:59,836 - paramiko.transport - INFO - Connected (version 2.0, client OpenSSH_7.4)
2025-03-27 11:05:59,965 - paramiko.transport - INFO - Authentication (password) successful!
2025-03-27 11:06:03,768 - password - INFO - 调试信息 - update_password被调用，skip_server_sync参数值为: True，类型: <class 'bool'>
2025-03-27 11:06:03,768 - password - INFO - 更新密码记录 - 所有者: 徐国明, 索引: 22, 项目: ceshi, 跳过服务器同步: 是
2025-03-27 11:06:03,769 - password - INFO - 明确跳过SSH密码更新步骤 - 项目: ceshi, skip_server_sync=True
2025-03-27 11:06:03,771 - password - INFO - 更新所有者 徐国明 的密码记录成功 (跳过服务器同步)
2025-03-27 11:06:03,777 - ui.password_manager.ui_dialogs.password_update_dialog - INFO - 成功保存密码到数据库 - 服务器: 192.168.8.87, 索引: 22
2025-03-27 11:06:03,784 - ui.password_manager.ui_table.table_password - INFO - 密码更新对话框返回确认结果，刷新表格显示更新后的密码
2025-03-27 11:06:05,830 - ui.password_manager.ui_table.table_events - INFO - 右键菜单 - 当前行: 22, 当前列: 5, 选中行数: 3, 选中行: [21, 22, 23]
2025-03-27 11:06:05,830 - ui.password_manager.ui_table.table_events - INFO - 选中的密码单元格数量: 3
2025-03-27 11:06:06,626 - ui.password_manager.ui_table.table_password - WARNING - 无法获取行 20 的真实索引，将使用表格行索引作为备选
2025-03-27 11:06:06,627 - ui.password_manager.ui_table.table_password - INFO - 在非搜索模式下使用当前行索引 20 作为真实索引
2025-03-27 11:06:06,627 - ui.password_manager.ui_table.table_password - WARNING - 无法获取行 21 的真实索引，将使用表格行索引作为备选
2025-03-27 11:06:06,628 - ui.password_manager.ui_table.table_password - INFO - 在非搜索模式下使用当前行索引 21 作为真实索引
2025-03-27 11:06:06,628 - ui.password_manager.ui_table.table_password - WARNING - 无法获取行 22 的真实索引，将使用表格行索引作为备选
2025-03-27 11:06:06,628 - ui.password_manager.ui_table.table_password - INFO - 在非搜索模式下使用当前行索引 22 作为真实索引
2025-03-27 11:06:27,896 - paramiko.transport - INFO - Connected (version 2.0, client OpenSSH_7.4)
2025-03-27 11:06:28,006 - paramiko.transport - INFO - Authentication (password) successful!
2025-03-27 11:06:28,046 - paramiko.transport - INFO - Connected (version 2.0, client OpenSSH_7.4)
2025-03-27 11:06:28,156 - paramiko.transport - INFO - Authentication (password) successful!
2025-03-27 11:06:33,474 - paramiko.transport - INFO - Connected (version 2.0, client OpenSSH_7.4)
2025-03-27 11:06:33,646 - paramiko.transport - INFO - Authentication (password) successful!
2025-03-27 11:06:42,009 - password - INFO - 调试信息 - update_password被调用，skip_server_sync参数值为: True，类型: <class 'bool'>
2025-03-27 11:06:42,009 - password - INFO - 更新密码记录 - 所有者: 徐国明, 索引: 22, 项目: ceshi, 跳过服务器同步: 是
2025-03-27 11:06:42,010 - password - INFO - 明确跳过SSH密码更新步骤 - 项目: ceshi, skip_server_sync=True
2025-03-27 11:06:42,012 - password - INFO - 更新所有者 徐国明 的密码记录成功 (跳过服务器同步)
2025-03-27 11:06:42,019 - ui.password_manager.ui_dialogs.password_update_dialog - INFO - 成功保存密码到数据库 - 服务器: 192.168.8.87, 索引: 22
2025-03-27 11:06:42,026 - ui.password_manager.ui_table.table_password - INFO - 密码更新对话框返回确认结果，刷新表格显示更新后的密码
2025-03-27 11:06:48,935 - ui.password_manager.ui_table.table_events - INFO - 右键菜单 - 当前行: 9, 当前列: 5, 选中行数: 1, 选中行: [9]
2025-03-27 11:06:48,935 - ui.password_manager.ui_table.table_events - INFO - 选中的密码单元格数量: 1
2025-03-27 11:06:48,936 - ui.password_manager.ui_table.table_events - INFO - 准备添加'添加行'子菜单 (选中行数: 1)
2025-03-27 11:06:48,936 - ui.password_manager.ui_table.table_events - INFO - 已添加'添加行'子菜单，包含上方、下方和末尾三个选项
2025-03-27 11:06:48,937 - ui.password_manager.ui_table.table_events - INFO - 已添加'编辑行'选项
2025-03-27 11:06:49,750 - ui.password_manager.ui_table.table_password - WARNING - 无法获取行 8 的真实索引，将使用表格行索引作为备选
2025-03-27 11:06:49,751 - ui.password_manager.ui_table.table_password - INFO - 在非搜索模式下使用当前行索引 8 作为真实索引
2025-03-27 11:07:05,530 - ui.password_manager.ui_table.table_password - INFO - 密码更新对话框返回确认结果，刷新表格显示更新后的密码
2025-03-27 11:07:09,173 - ui.password_manager.ui_table.table_events - INFO - 右键菜单 - 当前行: 10, 当前列: 5, 选中行数: 1, 选中行: [10]
2025-03-27 11:07:09,174 - ui.password_manager.ui_table.table_events - INFO - 选中的密码单元格数量: 1
2025-03-27 11:07:09,175 - ui.password_manager.ui_table.table_events - INFO - 准备添加'添加行'子菜单 (选中行数: 1)
2025-03-27 11:07:09,175 - ui.password_manager.ui_table.table_events - INFO - 已添加'添加行'子菜单，包含上方、下方和末尾三个选项
2025-03-27 11:07:09,176 - ui.password_manager.ui_table.table_events - INFO - 已添加'编辑行'选项
2025-03-27 11:07:11,622 - ui.password_manager.ui_table.table_password - WARNING - 无法获取行 9 的真实索引，将使用表格行索引作为备选
2025-03-27 11:07:11,623 - ui.password_manager.ui_table.table_password - INFO - 在非搜索模式下使用当前行索引 9 作为真实索引
2025-03-27 11:14:52,491 - ui.password_manager.ui_table.table_password - INFO - 用户取消了密码更新操作
2025-03-27 11:14:53,136 - user - INFO - 用户已登出
2025-03-27 11:14:55,418 - root - INFO - 密码管理系统启动
2025-03-27 11:14:55,419 - root - INFO - 初始化用户设置模块...
2025-03-27 11:14:55,419 - root - INFO - 用户设置模块已初始化
2025-03-27 11:14:56,544 - user - INFO - 用户 admin 登录成功
2025-03-27 11:14:56,551 - login_ui - INFO - 用户 admin 登录成功
2025-03-27 11:14:56,553 - root - INFO - 用户 admin 登录成功，准备打开密码管理界面
2025-03-27 11:14:56,654 - ui.password_manager.ui_table.base_table - INFO - 已设置必填字段自定义委托
2025-03-27 11:14:56,733 - ui.password_manager.ui_guide - INFO - 用户已完成引导: password_update，跳过显示
2025-03-27 11:14:58,231 - ui.password_manager.ui_table.table_events - INFO - 右键菜单 - 当前行: 23, 当前列: 5, 选中行数: 1, 选中行: [23]
2025-03-27 11:14:58,231 - ui.password_manager.ui_table.table_events - INFO - 选中的密码单元格数量: 1
2025-03-27 11:14:58,232 - ui.password_manager.ui_table.table_events - INFO - 准备添加'添加行'子菜单 (选中行数: 1)
2025-03-27 11:14:58,232 - ui.password_manager.ui_table.table_events - INFO - 已添加'添加行'子菜单，包含上方、下方和末尾三个选项
2025-03-27 11:14:58,233 - ui.password_manager.ui_table.table_events - INFO - 已添加'编辑行'选项
2025-03-27 11:14:58,890 - ui.password_manager.ui_table.table_password - WARNING - 无法获取行 22 的真实索引，将使用表格行索引作为备选
2025-03-27 11:14:58,891 - ui.password_manager.ui_table.table_password - INFO - 在非搜索模式下使用当前行索引 22 作为真实索引
2025-03-27 11:17:24,675 - ui.password_manager.ui_table.table_password - INFO - 用户取消了密码更新操作
2025-03-27 11:17:26,336 - user - INFO - 用户已登出
2025-03-27 11:17:28,290 - root - INFO - 密码管理系统启动
2025-03-27 11:17:28,290 - root - INFO - 初始化用户设置模块...
2025-03-27 11:17:28,291 - root - INFO - 用户设置模块已初始化
2025-03-27 11:17:29,350 - user - INFO - 用户 admin 登录成功
2025-03-27 11:17:29,357 - login_ui - INFO - 用户 admin 登录成功
2025-03-27 11:17:29,359 - root - INFO - 用户 admin 登录成功，准备打开密码管理界面
2025-03-27 11:17:29,444 - ui.password_manager.ui_table.base_table - INFO - 已设置必填字段自定义委托
2025-03-27 11:17:29,533 - ui.password_manager.ui_guide - INFO - 用户已完成引导: password_update，跳过显示
2025-03-27 11:17:31,447 - ui.password_manager.ui_table.table_events - INFO - 右键菜单 - 当前行: 6, 当前列: 5, 选中行数: 1, 选中行: [6]
2025-03-27 11:17:31,448 - ui.password_manager.ui_table.table_events - INFO - 选中的密码单元格数量: 1
2025-03-27 11:17:31,448 - ui.password_manager.ui_table.table_events - INFO - 准备添加'添加行'子菜单 (选中行数: 1)
2025-03-27 11:17:31,449 - ui.password_manager.ui_table.table_events - INFO - 已添加'添加行'子菜单，包含上方、下方和末尾三个选项
2025-03-27 11:17:31,449 - ui.password_manager.ui_table.table_events - INFO - 已添加'编辑行'选项
2025-03-27 11:17:32,143 - ui.password_manager.ui_table.table_password - WARNING - 无法获取行 5 的真实索引，将使用表格行索引作为备选
2025-03-27 11:17:32,144 - ui.password_manager.ui_table.table_password - INFO - 在非搜索模式下使用当前行索引 5 作为真实索引
2025-03-27 11:18:41,299 - root - INFO - 密码管理系统启动
2025-03-27 11:18:41,300 - root - INFO - 初始化用户设置模块...
2025-03-27 11:18:41,300 - root - INFO - 用户设置模块已初始化
2025-03-27 11:18:42,608 - user - INFO - 用户 admin 登录成功
2025-03-27 11:18:42,615 - login_ui - INFO - 用户 admin 登录成功
2025-03-27 11:18:42,616 - root - INFO - 用户 admin 登录成功，准备打开密码管理界面
2025-03-27 11:18:42,716 - ui.password_manager.ui_table.base_table - INFO - 已设置必填字段自定义委托
2025-03-27 11:18:42,811 - ui.password_manager.ui_guide - INFO - 用户已完成引导: password_update，跳过显示
2025-03-27 11:18:43,704 - ui.password_manager.ui_table.table_events - INFO - 右键菜单 - 当前行: 16, 当前列: 5, 选中行数: 1, 选中行: [16]
2025-03-27 11:18:43,705 - ui.password_manager.ui_table.table_events - INFO - 选中的密码单元格数量: 1
2025-03-27 11:18:43,705 - ui.password_manager.ui_table.table_events - INFO - 准备添加'添加行'子菜单 (选中行数: 1)
2025-03-27 11:18:43,706 - ui.password_manager.ui_table.table_events - INFO - 已添加'添加行'子菜单，包含上方、下方和末尾三个选项
2025-03-27 11:18:43,706 - ui.password_manager.ui_table.table_events - INFO - 已添加'编辑行'选项
2025-03-27 11:18:44,407 - ui.password_manager.ui_table.table_password - WARNING - 无法获取行 15 的真实索引，将使用表格行索引作为备选
2025-03-27 11:18:44,408 - ui.password_manager.ui_table.table_password - INFO - 在非搜索模式下使用当前行索引 15 作为真实索引
2025-03-27 11:18:59,916 - ui.password_manager.ui_table.table_password - INFO - 用户取消了密码更新操作
2025-03-27 11:21:14,152 - user - INFO - 用户已登出
2025-03-27 11:21:16,254 - root - INFO - 密码管理系统启动
2025-03-27 11:21:16,254 - root - INFO - 初始化用户设置模块...
2025-03-27 11:21:16,254 - root - INFO - 用户设置模块已初始化
2025-03-27 11:21:17,248 - user - INFO - 用户 admin 登录成功
2025-03-27 11:21:17,256 - login_ui - INFO - 用户 admin 登录成功
2025-03-27 11:21:17,257 - root - INFO - 用户 admin 登录成功，准备打开密码管理界面
2025-03-27 11:21:17,342 - ui.password_manager.ui_table.base_table - INFO - 已设置必填字段自定义委托
2025-03-27 11:21:17,445 - ui.password_manager.ui_guide - INFO - 用户已完成引导: password_update，跳过显示
2025-03-27 11:21:18,089 - ui.password_manager.ui_table.table_events - INFO - 右键菜单 - 当前行: 9, 当前列: 5, 选中行数: 1, 选中行: [9]
2025-03-27 11:21:18,089 - ui.password_manager.ui_table.table_events - INFO - 选中的密码单元格数量: 1
2025-03-27 11:21:18,090 - ui.password_manager.ui_table.table_events - INFO - 准备添加'添加行'子菜单 (选中行数: 1)
2025-03-27 11:21:18,090 - ui.password_manager.ui_table.table_events - INFO - 已添加'添加行'子菜单，包含上方、下方和末尾三个选项
2025-03-27 11:21:18,091 - ui.password_manager.ui_table.table_events - INFO - 已添加'编辑行'选项
2025-03-27 11:21:18,873 - ui.password_manager.ui_table.table_password - WARNING - 无法获取行 8 的真实索引，将使用表格行索引作为备选
2025-03-27 11:21:18,873 - ui.password_manager.ui_table.table_password - INFO - 在非搜索模式下使用当前行索引 8 作为真实索引
2025-03-27 11:21:36,023 - ui.password_manager.ui_table.table_password - INFO - 用户取消了密码更新操作
2025-03-27 11:21:37,280 - user - INFO - 用户已登出
2025-03-27 11:23:18,340 - root - INFO - 密码管理系统启动
2025-03-27 11:23:18,341 - root - INFO - 初始化用户设置模块...
2025-03-27 11:23:18,341 - root - INFO - 用户设置模块已初始化
2025-03-27 11:23:19,314 - user - INFO - 用户 admin 登录成功
2025-03-27 11:23:19,322 - login_ui - INFO - 用户 admin 登录成功
2025-03-27 11:23:19,324 - root - INFO - 用户 admin 登录成功，准备打开密码管理界面
2025-03-27 11:23:19,425 - ui.password_manager.ui_table.base_table - INFO - 已设置必填字段自定义委托
2025-03-27 11:23:19,513 - ui.password_manager.ui_guide - INFO - 用户已完成引导: password_update，跳过显示
2025-03-27 11:23:20,008 - ui.password_manager.ui_table.table_events - INFO - 右键菜单 - 当前行: 14, 当前列: 5, 选中行数: 1, 选中行: [14]
2025-03-27 11:23:20,008 - ui.password_manager.ui_table.table_events - INFO - 选中的密码单元格数量: 1
2025-03-27 11:23:20,009 - ui.password_manager.ui_table.table_events - INFO - 准备添加'添加行'子菜单 (选中行数: 1)
2025-03-27 11:23:20,009 - ui.password_manager.ui_table.table_events - INFO - 已添加'添加行'子菜单，包含上方、下方和末尾三个选项
2025-03-27 11:23:20,010 - ui.password_manager.ui_table.table_events - INFO - 已添加'编辑行'选项
2025-03-27 11:23:20,714 - ui.password_manager.ui_table.table_password - WARNING - 无法获取行 13 的真实索引，将使用表格行索引作为备选
2025-03-27 11:23:20,715 - ui.password_manager.ui_table.table_password - INFO - 在非搜索模式下使用当前行索引 13 作为真实索引
2025-03-27 11:24:25,919 - ui.password_manager.ui_table.table_password - INFO - 密码更新对话框返回确认结果，刷新表格显示更新后的密码
2025-03-27 11:24:34,551 - ui.password_manager.ui_table.table_events - INFO - 右键菜单 - 当前行: 12, 当前列: 5, 选中行数: 1, 选中行: [12]
2025-03-27 11:24:34,551 - ui.password_manager.ui_table.table_events - INFO - 选中的密码单元格数量: 1
2025-03-27 11:24:34,552 - ui.password_manager.ui_table.table_events - INFO - 准备添加'添加行'子菜单 (选中行数: 1)
2025-03-27 11:24:34,552 - ui.password_manager.ui_table.table_events - INFO - 已添加'添加行'子菜单，包含上方、下方和末尾三个选项
2025-03-27 11:24:34,552 - ui.password_manager.ui_table.table_events - INFO - 已添加'编辑行'选项
2025-03-27 11:24:36,815 - ui.password_manager.ui_table.table_password - WARNING - 无法获取行 11 的真实索引，将使用表格行索引作为备选
2025-03-27 11:24:36,816 - ui.password_manager.ui_table.table_password - INFO - 在非搜索模式下使用当前行索引 11 作为真实索引
2025-03-27 11:24:57,921 - ui.password_manager.ui_table.table_password - INFO - 用户取消了密码更新操作
2025-03-27 11:24:59,591 - user - INFO - 用户已登出
2025-03-27 11:25:45,547 - root - INFO - 密码管理系统启动
2025-03-27 11:25:45,547 - root - INFO - 初始化用户设置模块...
2025-03-27 11:25:45,547 - root - INFO - 用户设置模块已初始化
2025-03-27 11:25:46,913 - user - INFO - 用户 admin 登录成功
2025-03-27 11:25:46,920 - login_ui - INFO - 用户 admin 登录成功
2025-03-27 11:25:46,921 - root - INFO - 用户 admin 登录成功，准备打开密码管理界面
2025-03-27 11:25:47,019 - ui.password_manager.ui_table.base_table - INFO - 已设置必填字段自定义委托
2025-03-27 11:25:47,110 - ui.password_manager.ui_guide - INFO - 用户已完成引导: password_update，跳过显示
2025-03-27 11:25:47,751 - ui.password_manager.ui_table.table_events - INFO - 右键菜单 - 当前行: 10, 当前列: 5, 选中行数: 1, 选中行: [10]
2025-03-27 11:25:47,751 - ui.password_manager.ui_table.table_events - INFO - 选中的密码单元格数量: 1
2025-03-27 11:25:47,752 - ui.password_manager.ui_table.table_events - INFO - 准备添加'添加行'子菜单 (选中行数: 1)
2025-03-27 11:25:47,752 - ui.password_manager.ui_table.table_events - INFO - 已添加'添加行'子菜单，包含上方、下方和末尾三个选项
2025-03-27 11:25:47,753 - ui.password_manager.ui_table.table_events - INFO - 已添加'编辑行'选项
2025-03-27 11:25:48,520 - ui.password_manager.ui_table.table_password - WARNING - 无法获取行 9 的真实索引，将使用表格行索引作为备选
2025-03-27 11:25:48,520 - ui.password_manager.ui_table.table_password - INFO - 在非搜索模式下使用当前行索引 9 作为真实索引
2025-03-27 11:26:13,274 - ui.password_manager.ui_table.table_password - INFO - 用户取消了密码更新操作
2025-03-27 11:30:54,105 - ui.password_manager.ui_table.table_events - INFO - 右键菜单 - 当前行: 10, 当前列: 5, 选中行数: 1, 选中行: [10]
2025-03-27 11:30:54,105 - ui.password_manager.ui_table.table_events - INFO - 选中的密码单元格数量: 1
2025-03-27 11:30:54,106 - ui.password_manager.ui_table.table_events - INFO - 准备添加'添加行'子菜单 (选中行数: 1)
2025-03-27 11:30:54,107 - ui.password_manager.ui_table.table_events - INFO - 已添加'添加行'子菜单，包含上方、下方和末尾三个选项
2025-03-27 11:30:54,107 - ui.password_manager.ui_table.table_events - INFO - 已添加'编辑行'选项
2025-03-27 11:30:55,123 - ui.password_manager.ui_table.table_password - WARNING - 无法获取行 9 的真实索引，将使用表格行索引作为备选
2025-03-27 11:30:55,123 - ui.password_manager.ui_table.table_password - INFO - 在非搜索模式下使用当前行索引 9 作为真实索引
2025-03-27 11:32:10,175 - ui.password_manager.ui_table.table_password - INFO - 用户取消了密码更新操作
2025-03-27 11:32:10,856 - user - INFO - 用户已登出
2025-03-27 11:32:12,388 - root - INFO - 密码管理系统启动
2025-03-27 11:32:12,389 - root - INFO - 初始化用户设置模块...
2025-03-27 11:32:12,389 - root - INFO - 用户设置模块已初始化
2025-03-27 11:32:13,857 - user - INFO - 用户 admin 登录成功
2025-03-27 11:32:13,865 - login_ui - INFO - 用户 admin 登录成功
2025-03-27 11:32:13,867 - root - INFO - 用户 admin 登录成功，准备打开密码管理界面
2025-03-27 11:32:13,950 - ui.password_manager.ui_table.base_table - INFO - 已设置必填字段自定义委托
2025-03-27 11:32:14,044 - ui.password_manager.ui_guide - INFO - 用户已完成引导: password_update，跳过显示
2025-03-27 11:32:14,600 - ui.password_manager.ui_table.table_events - INFO - 右键菜单 - 当前行: 8, 当前列: 5, 选中行数: 1, 选中行: [8]
2025-03-27 11:32:14,600 - ui.password_manager.ui_table.table_events - INFO - 选中的密码单元格数量: 1
2025-03-27 11:32:14,601 - ui.password_manager.ui_table.table_events - INFO - 准备添加'添加行'子菜单 (选中行数: 1)
2025-03-27 11:32:14,601 - ui.password_manager.ui_table.table_events - INFO - 已添加'添加行'子菜单，包含上方、下方和末尾三个选项
2025-03-27 11:32:14,602 - ui.password_manager.ui_table.table_events - INFO - 已添加'编辑行'选项
2025-03-27 11:32:15,203 - ui.password_manager.ui_table.table_password - WARNING - 无法获取行 7 的真实索引，将使用表格行索引作为备选
2025-03-27 11:32:15,204 - ui.password_manager.ui_table.table_password - INFO - 在非搜索模式下使用当前行索引 7 作为真实索引
2025-03-27 11:34:50,384 - ui.password_manager.ui_table.table_password - INFO - 密码更新对话框返回确认结果，刷新表格显示更新后的密码
2025-03-27 11:34:51,394 - user - INFO - 用户已登出
2025-03-27 11:34:53,890 - root - INFO - 密码管理系统启动
2025-03-27 11:34:53,891 - root - INFO - 初始化用户设置模块...
2025-03-27 11:34:53,891 - root - INFO - 用户设置模块已初始化
2025-03-27 11:34:55,002 - user - INFO - 用户 admin 登录成功
2025-03-27 11:34:55,009 - login_ui - INFO - 用户 admin 登录成功
2025-03-27 11:34:55,010 - root - INFO - 用户 admin 登录成功，准备打开密码管理界面
2025-03-27 11:34:55,092 - ui.password_manager.ui_table.base_table - INFO - 已设置必填字段自定义委托
2025-03-27 11:34:55,179 - ui.password_manager.ui_guide - INFO - 用户已完成引导: password_update，跳过显示
2025-03-27 11:34:56,064 - ui.password_manager.ui_table.table_events - INFO - 右键菜单 - 当前行: 13, 当前列: 5, 选中行数: 1, 选中行: [13]
2025-03-27 11:34:56,064 - ui.password_manager.ui_table.table_events - INFO - 选中的密码单元格数量: 1
2025-03-27 11:34:56,065 - ui.password_manager.ui_table.table_events - INFO - 准备添加'添加行'子菜单 (选中行数: 1)
2025-03-27 11:34:56,065 - ui.password_manager.ui_table.table_events - INFO - 已添加'添加行'子菜单，包含上方、下方和末尾三个选项
2025-03-27 11:34:56,066 - ui.password_manager.ui_table.table_events - INFO - 已添加'编辑行'选项
2025-03-27 11:34:56,624 - ui.password_manager.ui_table.table_password - WARNING - 无法获取行 12 的真实索引，将使用表格行索引作为备选
2025-03-27 11:34:56,624 - ui.password_manager.ui_table.table_password - INFO - 在非搜索模式下使用当前行索引 12 作为真实索引
2025-03-27 11:35:01,592 - ui.password_manager.ui_table.table_password - INFO - 用户取消了密码更新操作
2025-03-27 11:35:02,591 - user - INFO - 用户已登出
2025-03-27 11:35:22,744 - root - INFO - 密码管理系统启动
2025-03-27 11:35:22,744 - root - INFO - 初始化用户设置模块...
2025-03-27 11:35:22,744 - root - INFO - 用户设置模块已初始化
2025-03-27 11:35:23,864 - user - INFO - 用户 admin 登录成功
2025-03-27 11:35:23,874 - login_ui - INFO - 用户 admin 登录成功
2025-03-27 11:35:23,875 - root - INFO - 用户 admin 登录成功，准备打开密码管理界面
2025-03-27 11:35:23,969 - ui.password_manager.ui_table.base_table - INFO - 已设置必填字段自定义委托
2025-03-27 11:35:24,048 - ui.password_manager.ui_guide - INFO - 用户已完成引导: password_update，跳过显示
2025-03-27 11:35:24,762 - ui.password_manager.ui_table.table_events - INFO - 右键菜单 - 当前行: 13, 当前列: 5, 选中行数: 1, 选中行: [13]
2025-03-27 11:35:24,762 - ui.password_manager.ui_table.table_events - INFO - 选中的密码单元格数量: 1
2025-03-27 11:35:24,763 - ui.password_manager.ui_table.table_events - INFO - 准备添加'添加行'子菜单 (选中行数: 1)
2025-03-27 11:35:24,763 - ui.password_manager.ui_table.table_events - INFO - 已添加'添加行'子菜单，包含上方、下方和末尾三个选项
2025-03-27 11:35:24,764 - ui.password_manager.ui_table.table_events - INFO - 已添加'编辑行'选项
2025-03-27 11:35:25,345 - ui.password_manager.ui_table.table_password - WARNING - 无法获取行 12 的真实索引，将使用表格行索引作为备选
2025-03-27 11:35:25,346 - ui.password_manager.ui_table.table_password - INFO - 在非搜索模式下使用当前行索引 12 作为真实索引
2025-03-27 11:35:45,465 - ui.password_manager.ui_table.table_password - INFO - 用户取消了密码更新操作
2025-03-27 11:35:46,543 - user - INFO - 用户已登出
2025-03-27 14:08:01,761 - root - INFO - 密码管理系统启动
2025-03-27 14:08:01,761 - root - INFO - 初始化用户设置模块...
2025-03-27 14:08:01,762 - root - INFO - 用户设置模块已初始化
2025-03-27 14:08:03,552 - user - INFO - 用户 admin 登录成功
2025-03-27 14:08:03,560 - login_ui - INFO - 用户 admin 登录成功
2025-03-27 14:08:03,561 - root - INFO - 用户 admin 登录成功，准备打开密码管理界面
2025-03-27 14:08:03,656 - ui.password_manager.ui_table.base_table - INFO - 已设置必填字段自定义委托
2025-03-27 14:08:03,739 - ui.password_manager.ui_guide - INFO - 用户已完成引导: password_update，跳过显示
2025-03-27 14:08:06,704 - ui.password_manager.ui_table.table_events - INFO - 右键菜单 - 当前行: 23, 当前列: 5, 选中行数: 1, 选中行: [23]
2025-03-27 14:08:06,705 - ui.password_manager.ui_table.table_events - INFO - 选中的密码单元格数量: 1
2025-03-27 14:08:06,705 - ui.password_manager.ui_table.table_events - INFO - 准备添加'添加行'子菜单 (选中行数: 1)
2025-03-27 14:08:06,706 - ui.password_manager.ui_table.table_events - INFO - 已添加'添加行'子菜单，包含上方、下方和末尾三个选项
2025-03-27 14:08:06,706 - ui.password_manager.ui_table.table_events - INFO - 已添加'编辑行'选项
2025-03-27 14:08:07,441 - ui.password_manager.ui_table.table_password - WARNING - 无法获取行 22 的真实索引，将使用表格行索引作为备选
2025-03-27 14:08:07,442 - ui.password_manager.ui_table.table_password - INFO - 在非搜索模式下使用当前行索引 22 作为真实索引
2025-03-27 14:08:08,645 - paramiko.transport - INFO - Connected (version 2.0, client OpenSSH_7.4)
2025-03-27 14:08:08,719 - paramiko.transport - INFO - Authentication (password) successful!
2025-03-27 14:08:08,775 - paramiko.transport - INFO - Connected (version 2.0, client OpenSSH_7.4)
2025-03-27 14:08:08,904 - paramiko.transport - INFO - Authentication (password) successful!
2025-03-27 14:08:14,175 - paramiko.transport - INFO - Connected (version 2.0, client OpenSSH_7.4)
2025-03-27 14:08:14,287 - paramiko.transport - INFO - Authentication (password) successful!
2025-03-27 14:08:35,274 - password - INFO - 调试信息 - update_password被调用，skip_server_sync参数值为: True，类型: <class 'bool'>
2025-03-27 14:08:35,275 - password - INFO - 更新密码记录 - 所有者: 徐国明, 索引: 22, 项目: ceshi, 跳过服务器同步: 是
2025-03-27 14:08:35,275 - password - INFO - 明确跳过SSH密码更新步骤 - 项目: ceshi, skip_server_sync=True
2025-03-27 14:08:35,277 - password - INFO - 更新所有者 徐国明 的密码记录成功 (跳过服务器同步)
2025-03-27 14:08:35,286 - ui.password_manager.ui_dialogs.password_update_dialog - INFO - 成功保存密码到数据库 - 服务器: 192.168.8.87, 索引: 22
2025-03-27 14:08:35,292 - ui.password_manager.ui_table.table_password - INFO - 密码更新对话框返回确认结果，刷新表格显示更新后的密码
2025-03-27 14:08:38,258 - ui.password_manager.ui_table.table_events - INFO - 右键菜单 - 当前行: 21, 当前列: 5, 选中行数: 3, 选中行: [21, 22, 23]
2025-03-27 14:08:38,259 - ui.password_manager.ui_table.table_events - INFO - 选中的密码单元格数量: 3
2025-03-27 14:08:39,002 - ui.password_manager.ui_table.table_password - WARNING - 无法获取行 20 的真实索引，将使用表格行索引作为备选
2025-03-27 14:08:39,002 - ui.password_manager.ui_table.table_password - INFO - 在非搜索模式下使用当前行索引 20 作为真实索引
2025-03-27 14:08:39,003 - ui.password_manager.ui_table.table_password - WARNING - 无法获取行 21 的真实索引，将使用表格行索引作为备选
2025-03-27 14:08:39,003 - ui.password_manager.ui_table.table_password - INFO - 在非搜索模式下使用当前行索引 21 作为真实索引
2025-03-27 14:08:39,003 - ui.password_manager.ui_table.table_password - WARNING - 无法获取行 22 的真实索引，将使用表格行索引作为备选
2025-03-27 14:08:39,004 - ui.password_manager.ui_table.table_password - INFO - 在非搜索模式下使用当前行索引 22 作为真实索引
2025-03-27 14:09:00,575 - paramiko.transport - INFO - Connected (version 2.0, client OpenSSH_7.4)
2025-03-27 14:09:00,735 - paramiko.transport - INFO - Authentication (password) successful!
2025-03-27 14:09:00,774 - paramiko.transport - INFO - Connected (version 2.0, client OpenSSH_7.4)
2025-03-27 14:09:00,887 - paramiko.transport - INFO - Authentication (password) successful!
2025-03-27 14:09:06,154 - paramiko.transport - INFO - Connected (version 2.0, client OpenSSH_7.4)
2025-03-27 14:09:06,227 - paramiko.transport - INFO - Authentication (password) successful!
2025-03-27 14:09:09,136 - password - INFO - 调试信息 - update_password被调用，skip_server_sync参数值为: True，类型: <class 'bool'>
2025-03-27 14:09:09,137 - password - INFO - 更新密码记录 - 所有者: 徐国明, 索引: 22, 项目: ceshi, 跳过服务器同步: 是
2025-03-27 14:09:09,137 - password - INFO - 明确跳过SSH密码更新步骤 - 项目: ceshi, skip_server_sync=True
2025-03-27 14:09:09,139 - password - INFO - 更新所有者 徐国明 的密码记录成功 (跳过服务器同步)
2025-03-27 14:09:09,147 - ui.password_manager.ui_dialogs.password_update_dialog - INFO - 成功保存密码到数据库 - 服务器: 192.168.8.87, 索引: 22
2025-03-27 14:09:09,155 - ui.password_manager.ui_table.table_password - INFO - 密码更新对话框返回确认结果，刷新表格显示更新后的密码
2025-03-27 14:10:59,112 - ui.password_manager.ui_table.table_events - INFO - 右键菜单 - 当前行: 9, 当前列: 5, 选中行数: 1, 选中行: [9]
2025-03-27 14:10:59,113 - ui.password_manager.ui_table.table_events - INFO - 选中的密码单元格数量: 1
2025-03-27 14:10:59,114 - ui.password_manager.ui_table.table_events - INFO - 准备添加'添加行'子菜单 (选中行数: 1)
2025-03-27 14:10:59,114 - ui.password_manager.ui_table.table_events - INFO - 已添加'添加行'子菜单，包含上方、下方和末尾三个选项
2025-03-27 14:10:59,115 - ui.password_manager.ui_table.table_events - INFO - 已添加'编辑行'选项
2025-03-27 14:11:12,459 - audit_log_viewer - INFO - 所有模块导入成功
2025-03-27 14:11:12,459 - ui.password_manager.password_manager_ui - INFO - 使用内嵌方式打开审计日志查看器
2025-03-27 14:11:12,471 - audit_log_viewer - INFO - 界面初始化完成
2025-03-27 14:11:12,515 - audit_log_viewer - INFO - AuditLogViewer初始化成功
2025-03-27 14:18:28,160 - ui.password_manager.ui_table.table_events - INFO - 右键菜单 - 当前行: 19, 当前列: 5, 选中行数: 1, 选中行: [19]
2025-03-27 14:18:28,161 - ui.password_manager.ui_table.table_events - INFO - 选中的密码单元格数量: 1
2025-03-27 14:18:28,162 - ui.password_manager.ui_table.table_events - INFO - 准备添加'添加行'子菜单 (选中行数: 1)
2025-03-27 14:18:28,162 - ui.password_manager.ui_table.table_events - INFO - 已添加'添加行'子菜单，包含上方、下方和末尾三个选项
2025-03-27 14:18:28,162 - ui.password_manager.ui_table.table_events - INFO - 已添加'编辑行'选项
2025-03-27 14:18:28,955 - ui.password_manager.ui_table.table_password - WARNING - 无法获取行 18 的真实索引，将使用表格行索引作为备选
2025-03-27 14:18:28,956 - ui.password_manager.ui_table.table_password - INFO - 在非搜索模式下使用当前行索引 18 作为真实索引
2025-03-27 14:18:44,674 - ui.password_manager.ui_table.table_password - INFO - 用户取消了密码更新操作
2025-03-27 14:18:57,488 - user - INFO - 用户已登出
