2025-03-12 09:12:38,283 - root - INFO - 密码管理系统启动
2025-03-12 09:12:39,743 - user - INFO - 用户 admin 登录成功
2025-03-12 09:12:39,744 - login_ui - INFO - 用户 admin 登录成功
2025-03-12 09:12:39,745 - root - INFO - 用户 admin 登录成功，准备打开密码管理界面
2025-03-12 09:12:42,495 - ui.password_manager.ui_table.table_events - INFO - 右键菜单 - 当前行: 4, 当前列: 5, 选中行数: 2, 选中行: [3, 4]
2025-03-12 09:12:42,496 - ui.password_manager.ui_table.table_events - INFO - 选中的密码单元格数量: 2
2025-03-12 09:12:43,885 - ui.password_manager.ui_table.table_password - INFO - 已为第3行生成16位随机密码
2025-03-12 09:12:43,887 - ui.password_manager.ui_table.table_password - INFO - 已为第4行生成16位随机密码
2025-03-12 09:12:43,887 - ui.password_manager.ui_table.table_password - INFO - 生成密码后进入编辑模式 - 行: 3
2025-03-12 09:12:43,887 - ui.password_manager.ui_table.table_password - INFO - 后续将编辑 1 行
2025-03-12 09:12:43,904 - ui.password_manager.ui_table.table_password - INFO - 已为2个密码单元格生成16位随机密码
2025-03-12 09:12:51,668 - ui.password_manager.ui_table.table_events - INFO - 右键菜单 - 当前行: 3, 当前列: 5, 选中行数: 2, 选中行: [2, 3]
2025-03-12 09:12:51,669 - ui.password_manager.ui_table.table_events - INFO - 选中的密码单元格数量: 2
2025-03-12 09:12:52,844 - ui.password_manager.ui_table.table_password - INFO - 已为第2行生成12位随机密码
2025-03-12 09:12:52,845 - ui.password_manager.ui_table.table_password - INFO - 已为第3行生成12位随机密码
2025-03-12 09:12:52,846 - ui.password_manager.ui_table.table_password - INFO - 生成密码后进入编辑模式 - 行: 2
2025-03-12 09:12:52,846 - ui.password_manager.ui_table.table_password - INFO - 后续将编辑 1 行
2025-03-12 09:12:52,856 - ui.password_manager.ui_table.table_password - INFO - 已为2个密码单元格生成12位随机密码
2025-03-12 09:12:56,222 - ui.password_manager.ui_table.table_events - INFO - 右键菜单 - 当前行: 3, 当前列: 5, 选中行数: 2, 选中行: [2, 3]
2025-03-12 09:12:56,224 - ui.password_manager.ui_table.table_events - INFO - 选中的密码单元格数量: 2
2025-03-12 09:12:58,678 - ui.password_manager.ui_table.table_password - INFO - 已为第2行生成12位随机密码
2025-03-12 09:12:58,679 - ui.password_manager.ui_table.table_password - INFO - 已为第3行生成12位随机密码
2025-03-12 09:12:58,680 - ui.password_manager.ui_table.table_password - INFO - 生成密码后进入编辑模式 - 行: 2
2025-03-12 09:12:58,680 - ui.password_manager.ui_table.table_password - INFO - 后续将编辑 1 行
2025-03-12 09:12:58,688 - ui.password_manager.ui_table.table_password - INFO - 已为2个密码单元格生成12位随机密码
2025-03-12 09:13:01,884 - ui.password_manager.ui_table.table_events - INFO - 右键菜单 - 当前行: 3, 当前列: 5, 选中行数: 2, 选中行: [2, 3]
2025-03-12 09:13:01,885 - ui.password_manager.ui_table.table_events - INFO - 选中的密码单元格数量: 2
2025-03-12 09:13:03,518 - ui.password_manager.ui_table.table_password - INFO - 已为第2行生成12位随机密码
2025-03-12 09:13:03,519 - ui.password_manager.ui_table.table_password - INFO - 已为第3行生成12位随机密码
2025-03-12 09:13:03,519 - ui.password_manager.ui_table.table_password - INFO - 生成密码后进入编辑模式 - 行: 2
2025-03-12 09:13:03,520 - ui.password_manager.ui_table.table_password - INFO - 后续将编辑 1 行
2025-03-12 09:13:03,527 - ui.password_manager.ui_table.table_password - INFO - 已为2个密码单元格生成12位随机密码
2025-03-12 09:13:08,365 - ui.password_manager.ui_table.table_events - INFO - 右键菜单 - 当前行: 4, 当前列: 5, 选中行数: 2, 选中行: [3, 4]
2025-03-12 09:13:08,366 - ui.password_manager.ui_table.table_events - INFO - 选中的密码单元格数量: 2
2025-03-12 09:13:09,422 - ui.password_manager.ui_table.table_password - INFO - 已为第3行生成12位随机密码
2025-03-12 09:13:09,423 - ui.password_manager.ui_table.table_password - INFO - 已为第4行生成12位随机密码
2025-03-12 09:13:09,423 - ui.password_manager.ui_table.table_password - INFO - 生成密码后进入编辑模式 - 行: 3
2025-03-12 09:13:09,424 - ui.password_manager.ui_table.table_password - INFO - 后续将编辑 1 行
2025-03-12 09:13:09,430 - ui.password_manager.ui_table.table_password - INFO - 已为2个密码单元格生成12位随机密码
2025-03-12 09:13:11,077 - ui.password_manager.ui_table.table_edit - INFO - 检查是否有需要SSH更新的密码
2025-03-12 09:13:11,078 - ui.password_manager.ui_table.table_password - INFO - 没有找到需要SSH更新的密码
2025-03-12 09:13:11,078 - password - INFO - 尝试更新服务器密码 - 项目: 互联网, IP: 15.85.163.224, 用户: admin286
2025-03-12 09:13:21,091 - password - INFO - SSH密码更新操作已记录到日志文件: logs\ssh_operations.log
2025-03-12 09:13:21,093 - password - INFO - 更新所有者 徐国明 的密码记录成功
2025-03-12 09:13:21,093 - password - WARNING - 服务器密码更新失败，但本地密码已更新：连接或命令执行失败: timed out
2025-03-12 09:13:21,102 - ui.password_manager.ui_table.table_password - INFO - 继续编辑下一行 - 行: 4
2025-03-12 09:13:21,113 - ui.password_manager.ui_table.table_password - INFO - 所有行编辑完成，恢复原始确认函数
2025-03-12 09:13:29,813 - ui.password_manager.ui_table.table_edit - INFO - 检查是否有需要SSH更新的密码
2025-03-12 09:13:29,814 - ui.password_manager.ui_table.table_password - INFO - 没有找到需要SSH更新的密码
2025-03-12 09:13:29,816 - password - INFO - 更新所有者 徐国明 的密码记录成功
2025-03-12 09:13:38,748 - ui.password_manager.ui_table.table_events - INFO - 右键菜单 - 当前行: 6, 当前列: 5, 选中行数: 1, 选中行: [6]
2025-03-12 09:13:38,748 - ui.password_manager.ui_table.table_events - INFO - 选中的密码单元格数量: 1
2025-03-12 09:13:39,813 - ui.password_manager.ui_table.table_password - INFO - 已为第6行生成8位随机密码
2025-03-12 09:13:39,814 - ui.password_manager.ui_table.table_password - INFO - 生成密码后进入编辑模式 - 行: 6
2025-03-12 09:13:39,823 - ui.password_manager.ui_table.table_password - INFO - 已为1个密码单元格生成8位随机密码
2025-03-12 09:13:41,077 - ui.password_manager.ui_table.table_edit - INFO - 检查是否有需要SSH更新的密码
2025-03-12 09:13:41,078 - ui.password_manager.ui_table.table_password - INFO - 没有找到需要SSH更新的密码
2025-03-12 09:13:41,078 - password - INFO - 尝试更新服务器密码 - 项目: 备份系统, IP: 72.172.10.26, 用户: lmpsqp
2025-03-12 09:13:51,093 - password - INFO - SSH密码更新操作已记录到日志文件: logs\ssh_operations.log
2025-03-12 09:13:51,095 - password - INFO - 更新所有者 徐国明 的密码记录成功
2025-03-12 09:13:51,096 - password - WARNING - 服务器密码更新失败，但本地密码已更新：连接或命令执行失败: timed out
2025-03-12 09:15:25,340 - ui.password_manager.ui_table.table_events - INFO - 右键菜单 - 当前行: 8, 当前列: 5, 选中行数: 2, 选中行: [9, 8]
2025-03-12 09:15:25,341 - ui.password_manager.ui_table.table_events - INFO - 选中的密码单元格数量: 2
2025-03-12 09:15:26,558 - ui.password_manager.ui_table.table_password - INFO - 已为第8行生成12位随机密码
2025-03-12 09:15:26,558 - ui.password_manager.ui_table.table_password - INFO - 已为第9行生成12位随机密码
2025-03-12 09:15:26,559 - ui.password_manager.ui_table.table_password - INFO - 生成密码后进入编辑模式 - 行: 8
2025-03-12 09:15:26,559 - ui.password_manager.ui_table.table_password - INFO - 后续将编辑 1 行
2025-03-12 09:15:26,569 - ui.password_manager.ui_table.table_password - INFO - 已为2个密码单元格生成12位随机密码
2025-03-12 09:15:28,124 - ui.password_manager.ui_table.table_edit - INFO - 检查是否有需要SSH更新的密码
2025-03-12 09:15:28,125 - ui.password_manager.ui_table.table_password - INFO - 没有找到需要SSH更新的密码
2025-03-12 09:15:28,125 - password - INFO - 尝试更新服务器密码 - 项目: Tomcat, IP: 11.12.0.214, 用户: user53
2025-03-12 09:15:38,129 - password - INFO - SSH密码更新操作已记录到日志文件: logs\ssh_operations.log
2025-03-12 09:15:38,131 - password - INFO - 更新所有者 徐国明 的密码记录成功
2025-03-12 09:15:38,131 - password - WARNING - 服务器密码更新失败，但本地密码已更新：连接或命令执行失败: timed out
2025-03-12 09:15:38,138 - ui.password_manager.ui_table.table_password - INFO - 继续编辑下一行 - 行: 9
2025-03-12 09:15:38,146 - ui.password_manager.ui_table.table_password - INFO - 所有行编辑完成，恢复原始确认函数
2025-03-12 09:15:45,942 - ui.password_manager.ui_table.table_edit - INFO - 检查是否有需要SSH更新的密码
2025-03-12 09:15:45,942 - ui.password_manager.ui_table.table_password - INFO - 没有找到需要SSH更新的密码
2025-03-12 09:15:45,944 - password - INFO - 更新所有者 徐国明 的密码记录成功
2025-03-12 09:33:38,442 - user - INFO - 用户已登出
2025-03-12 09:34:42,433 - root - INFO - 密码管理系统启动
2025-03-12 09:34:43,426 - user - INFO - 用户 admin 登录成功
2025-03-12 09:34:43,427 - login_ui - INFO - 用户 admin 登录成功
2025-03-12 09:34:43,428 - root - INFO - 用户 admin 登录成功，准备打开密码管理界面
2025-03-12 09:34:46,634 - ui.password_manager.ui_table.table_events - INFO - 右键菜单 - 当前行: 3, 当前列: 5, 选中行数: 2, 选中行: [2, 3]
2025-03-12 09:34:46,635 - ui.password_manager.ui_table.table_events - INFO - 选中的密码单元格数量: 2
2025-03-12 09:34:47,541 - ui.password_manager.ui_table.table_password - INFO - 尝试更新服务器密码 - 项目: 域控制器, IP: 190.126.81.41, 用户: root30
2025-03-12 09:34:57,556 - ui.password_manager.ui_table.table_password - INFO - SSH密码更新操作已记录到日志文件: logs\ssh_operations.log
2025-03-12 09:34:57,557 - ui.password_manager.ui_table.table_password - WARNING - 服务器密码更新失败，但本地密码已更新：连接或命令执行失败: timed out
2025-03-12 09:34:57,558 - ui.password_manager.ui_table.table_password - INFO - 尝试更新服务器密码 - 项目: 互联网, IP: 15.85.163.224, 用户: admin286
2025-03-12 09:35:07,562 - ui.password_manager.ui_table.table_password - INFO - SSH密码更新操作已记录到日志文件: logs\ssh_operations.log
2025-03-12 09:35:07,562 - ui.password_manager.ui_table.table_password - WARNING - 服务器密码更新失败，但本地密码已更新：连接或命令执行失败: timed out
2025-03-12 09:35:07,563 - ui.password_manager.ui_table.table_password - INFO - 生成密码后一次性进入编辑模式 - 共 2 行
2025-03-12 09:35:07,576 - ui.password_manager.ui_table.table_password - INFO - 已为2个密码单元格生成12位随机密码
2025-03-12 09:35:14,357 - ui.password_manager.ui_table.table_edit - INFO - 批量编辑模式 - 一次性确认所有修改
2025-03-12 09:35:14,358 - ui.password_manager.ui_table.table_edit - INFO - 检查是否有需要SSH更新的密码
2025-03-12 09:35:14,358 - ui.password_manager.ui_table.table_password - INFO - 找到需要SSH更新的密码 - 行: 2, IP: 190.126.81.41, 用户: root30
2025-03-12 09:35:14,359 - ui.password_manager.ui_table.table_password - INFO - 找到需要SSH更新的密码 - 行: 3, IP: 15.85.163.224, 用户: admin286
2025-03-12 09:35:18,295 - ui.password_manager.ui_table.table_password - INFO - 尝试通过SSH更新服务器密码 - IP: 190.126.81.41, 用户: root30
2025-03-12 09:35:28,297 - ui.password_manager.ui_table.table_password - INFO - SSH密码更新操作已记录到日志文件: logs\ssh_operations.log
2025-03-12 09:35:28,298 - ui.password_manager.ui_table.table_password - WARNING - 更新服务器 190.126.81.41 上用户 root30 的密码失败: 连接或命令执行失败: timed out
2025-03-12 09:35:28,300 - ui.password_manager.ui_table.table_password - INFO - 已恢复第2行的原始密码
2025-03-12 09:35:28,300 - ui.password_manager.ui_table.table_password - INFO - 尝试通过SSH更新服务器密码 - IP: 15.85.163.224, 用户: admin286
2025-03-12 09:35:38,302 - ui.password_manager.ui_table.table_password - INFO - SSH密码更新操作已记录到日志文件: logs\ssh_operations.log
2025-03-12 09:35:38,303 - ui.password_manager.ui_table.table_password - WARNING - 更新服务器 15.85.163.224 上用户 admin286 的密码失败: 连接或命令执行失败: timed out
2025-03-12 09:35:38,303 - ui.password_manager.ui_table.table_password - INFO - 已恢复第3行的原始密码
2025-03-12 09:35:51,787 - ui.password_manager.ui_table.table_edit - INFO - 批量确认 2 行的编辑
2025-03-12 09:35:51,790 - password - INFO - 更新所有者 徐国明 的密码记录成功
2025-03-12 09:35:51,792 - password - INFO - 更新所有者 徐国明 的密码记录成功
2025-03-12 09:35:51,814 - ui.password_manager.ui_table.table_edit - INFO - 成功保存了 2/2 行数据
2025-03-12 09:35:57,060 - ui.password_manager.ui_table.table_events - INFO - 右键菜单 - 当前行: 3, 当前列: 5, 选中行数: 2, 选中行: [2, 3]
2025-03-12 09:35:57,060 - ui.password_manager.ui_table.table_events - INFO - 选中的密码单元格数量: 2
2025-03-12 09:35:58,259 - ui.password_manager.ui_table.table_password - INFO - 尝试更新服务器密码 - 项目: 域控制器, IP: 190.126.81.41, 用户: root30
2025-03-12 09:36:08,263 - ui.password_manager.ui_table.table_password - INFO - SSH密码更新操作已记录到日志文件: logs\ssh_operations.log
2025-03-12 09:36:08,263 - ui.password_manager.ui_table.table_password - WARNING - 服务器密码更新失败，但本地密码已更新：连接或命令执行失败: timed out
2025-03-12 09:36:08,264 - ui.password_manager.ui_table.table_password - INFO - 尝试更新服务器密码 - 项目: 互联网, IP: 15.85.163.224, 用户: admin286
2025-03-12 09:36:18,271 - ui.password_manager.ui_table.table_password - INFO - SSH密码更新操作已记录到日志文件: logs\ssh_operations.log
2025-03-12 09:36:18,271 - ui.password_manager.ui_table.table_password - WARNING - 服务器密码更新失败，但本地密码已更新：连接或命令执行失败: timed out
2025-03-12 09:36:18,272 - ui.password_manager.ui_table.table_password - INFO - 生成密码后一次性进入编辑模式 - 共 2 行
2025-03-12 09:36:18,279 - ui.password_manager.ui_table.table_password - INFO - 已为2个密码单元格生成12位随机密码
2025-03-12 10:01:14,568 - user - INFO - 用户已登出
2025-03-12 10:01:16,997 - root - INFO - 密码管理系统启动
2025-03-12 10:01:18,409 - user - INFO - 用户 admin 登录成功
2025-03-12 10:01:18,409 - login_ui - INFO - 用户 admin 登录成功
2025-03-12 10:01:18,410 - root - INFO - 用户 admin 登录成功，准备打开密码管理界面
2025-03-12 10:01:20,624 - ui.password_manager.ui_table.table_events - INFO - 右键菜单 - 当前行: 3, 当前列: 5, 选中行数: 2, 选中行: [2, 3]
2025-03-12 10:01:20,625 - ui.password_manager.ui_table.table_events - INFO - 选中的密码单元格数量: 2
2025-03-12 10:01:21,450 - ui.password_manager.ui_table.table_password - INFO - 尝试更新服务器密码 - 项目: 域控制器, IP: 190.126.81.41, 用户: root30
2025-03-12 10:01:31,466 - ui.password_manager.ui_table.table_password - INFO - SSH密码更新操作已记录到日志文件: logs\ssh_operations.log
2025-03-12 10:01:31,466 - ui.password_manager.ui_table.table_password - WARNING - 服务器密码更新失败，但本地密码已更新：连接或命令执行失败: timed out
2025-03-12 10:01:31,467 - ui.password_manager.ui_table.table_password - INFO - 尝试更新服务器密码 - 项目: 互联网, IP: 15.85.163.224, 用户: admin286
2025-03-12 10:01:41,484 - ui.password_manager.ui_table.table_password - INFO - SSH密码更新操作已记录到日志文件: logs\ssh_operations.log
2025-03-12 10:01:41,485 - ui.password_manager.ui_table.table_password - WARNING - 服务器密码更新失败，但本地密码已更新：连接或命令执行失败: timed out
2025-03-12 10:01:41,486 - ui.password_manager.ui_table.table_password - INFO - 生成密码后一次性进入编辑模式 - 共 2 行
2025-03-12 10:01:41,499 - ui.password_manager.ui_table.table_password - INFO - 已为2个密码单元格生成12位随机密码
2025-03-12 10:07:07,390 - user - INFO - 用户已登出
2025-03-12 10:07:10,980 - root - INFO - 密码管理系统启动
2025-03-12 10:07:12,743 - user - INFO - 用户 admin 登录成功
2025-03-12 10:07:12,744 - login_ui - INFO - 用户 admin 登录成功
2025-03-12 10:07:12,745 - root - INFO - 用户 admin 登录成功，准备打开密码管理界面
2025-03-12 10:07:16,710 - user - INFO - 用户已登出
2025-03-12 10:10:05,949 - root - INFO - 密码管理系统启动
2025-03-12 10:10:07,510 - user - INFO - 用户 admin 登录成功
2025-03-12 10:10:07,511 - login_ui - INFO - 用户 admin 登录成功
2025-03-12 10:10:07,512 - root - INFO - 用户 admin 登录成功，准备打开密码管理界面
2025-03-12 10:10:09,974 - ui.password_manager.ui_table.table_events - INFO - 右键菜单 - 当前行: 3, 当前列: 5, 选中行数: 2, 选中行: [2, 3]
2025-03-12 10:10:09,975 - ui.password_manager.ui_table.table_events - INFO - 选中的密码单元格数量: 2
2025-03-12 10:10:11,030 - ui.password_manager.ui_table.table_password - INFO - 已为第2行生成12位随机密码 (服务器密码)
2025-03-12 10:10:11,031 - ui.password_manager.ui_table.table_password - INFO - 已为第3行生成12位随机密码 (服务器密码)
2025-03-12 10:10:11,031 - ui.password_manager.ui_table.table_password - INFO - 生成密码后一次性进入编辑模式 - 共 2 行
2025-03-12 10:10:11,044 - ui.password_manager.ui_table.table_password - INFO - 已为2个密码单元格生成12位随机密码
2025-03-12 10:10:16,127 - ui.password_manager.ui_table.table_edit - INFO - 批量编辑模式 - 一次性确认所有修改
2025-03-12 10:10:16,128 - ui.password_manager.ui_table.table_edit - INFO - 批量确认 2 行的编辑
2025-03-12 10:10:16,128 - ui.password_manager.ui_table.table_edit - INFO - 检查是否有需要SSH更新的密码
2025-03-12 10:10:16,129 - ui.password_manager.ui_table.table_password - INFO - 找到需要SSH更新的密码 - 行: 2, IP: 190.126.81.41, 用户: root30
2025-03-12 10:10:16,129 - ui.password_manager.ui_table.table_password - INFO - 找到需要SSH更新的密码 - 行: 3, IP: 15.85.163.224, 用户: admin286
2025-03-12 10:10:16,129 - ui.password_manager.ui_table.table_password - INFO - 尝试通过SSH更新服务器密码 - IP: 190.126.81.41, 用户: root30
2025-03-12 10:10:26,135 - ui.password_manager.ui_table.table_password - INFO - SSH密码更新操作已记录到日志文件: logs\ssh_operations.log
2025-03-12 10:10:26,136 - ui.password_manager.ui_table.table_password - WARNING - 更新服务器 190.126.81.41 上用户 root30 的密码失败: 连接或命令执行失败: timed out
2025-03-12 10:10:26,137 - ui.password_manager.ui_table.table_password - INFO - 已恢复第2行的原始密码
2025-03-12 10:10:26,137 - ui.password_manager.ui_table.table_password - INFO - 尝试通过SSH更新服务器密码 - IP: 15.85.163.224, 用户: admin286
2025-03-12 10:10:36,143 - ui.password_manager.ui_table.table_password - INFO - SSH密码更新操作已记录到日志文件: logs\ssh_operations.log
2025-03-12 10:10:36,144 - ui.password_manager.ui_table.table_password - WARNING - 更新服务器 15.85.163.224 上用户 admin286 的密码失败: 连接或命令执行失败: timed out
2025-03-12 10:10:36,144 - ui.password_manager.ui_table.table_password - INFO - 已恢复第3行的原始密码
2025-03-12 10:10:47,478 - ui.password_manager.ui_table.table_edit - WARNING - SSH密码更新失败，取消本地数据库更新
2025-03-12 10:10:50,175 - ui.password_manager.ui_table.table_events - INFO - 右键菜单 - 当前行: 4, 当前列: 5, 选中行数: 2, 选中行: [3, 4]
2025-03-12 10:10:50,175 - ui.password_manager.ui_table.table_events - INFO - 选中的密码单元格数量: 2
2025-03-12 10:10:51,152 - ui.password_manager.ui_table.table_password - INFO - 已为第3行生成8位随机密码 (服务器密码)
2025-03-12 10:10:51,153 - ui.password_manager.ui_table.table_password - INFO - 已为第4行生成8位随机密码 (服务器密码)
2025-03-12 10:10:51,153 - ui.password_manager.ui_table.table_password - INFO - 生成密码后一次性进入编辑模式 - 共 2 行
2025-03-12 10:10:51,161 - ui.password_manager.ui_table.table_password - INFO - 已为2个密码单元格生成8位随机密码
2025-03-12 10:10:57,519 - ui.password_manager.ui_table.table_events - INFO - 右键菜单 - 当前行: 3, 当前列: 5, 选中行数: 2, 选中行: [2, 3]
2025-03-12 10:10:57,520 - ui.password_manager.ui_table.table_events - INFO - 选中的密码单元格数量: 2
2025-03-12 10:10:58,734 - ui.password_manager.ui_table.table_password - INFO - 已为第2行生成12位随机密码 (服务器密码)
2025-03-12 10:10:58,735 - ui.password_manager.ui_table.table_password - INFO - 已为第3行生成12位随机密码 (服务器密码)
2025-03-12 10:10:58,736 - ui.password_manager.ui_table.table_password - INFO - 生成密码后一次性进入编辑模式 - 共 2 行
2025-03-12 10:10:58,744 - ui.password_manager.ui_table.table_password - INFO - 已为2个密码单元格生成12位随机密码
2025-03-12 10:11:01,814 - ui.password_manager.ui_table.table_events - INFO - 右键菜单 - 当前行: 3, 当前列: 5, 选中行数: 2, 选中行: [2, 3]
2025-03-12 10:11:01,815 - ui.password_manager.ui_table.table_events - INFO - 选中的密码单元格数量: 2
2025-03-12 10:11:02,903 - ui.password_manager.ui_table.table_password - INFO - 已为第2行生成8位随机密码 (服务器密码)
2025-03-12 10:11:02,903 - ui.password_manager.ui_table.table_password - INFO - 已为第3行生成8位随机密码 (服务器密码)
2025-03-12 10:11:02,904 - ui.password_manager.ui_table.table_password - INFO - 生成密码后一次性进入编辑模式 - 共 2 行
2025-03-12 10:11:02,911 - ui.password_manager.ui_table.table_password - INFO - 已为2个密码单元格生成8位随机密码
2025-03-12 10:11:09,120 - ui.password_manager.ui_table.table_events - INFO - 右键菜单 - 当前行: 3, 当前列: 5, 选中行数: 2, 选中行: [2, 3]
2025-03-12 10:11:09,120 - ui.password_manager.ui_table.table_events - INFO - 选中的密码单元格数量: 2
2025-03-12 10:11:11,903 - ui.password_manager.ui_table.table_password - INFO - 已为第2行生成8位随机密码 (服务器密码)
2025-03-12 10:11:11,903 - ui.password_manager.ui_table.table_password - INFO - 已为第3行生成8位随机密码 (服务器密码)
2025-03-12 10:11:11,904 - ui.password_manager.ui_table.table_password - INFO - 生成密码后一次性进入编辑模式 - 共 2 行
2025-03-12 10:11:11,911 - ui.password_manager.ui_table.table_password - INFO - 已为2个密码单元格生成8位随机密码
2025-03-12 10:11:24,319 - ui.password_manager.ui_table.table_events - INFO - 右键菜单 - 当前行: 3, 当前列: 5, 选中行数: 2, 选中行: [2, 3]
2025-03-12 10:11:24,319 - ui.password_manager.ui_table.table_events - INFO - 选中的密码单元格数量: 2
2025-03-12 10:11:26,241 - ui.password_manager.ui_table.table_password - INFO - 已为第2行生成32位随机密码 (服务器密码)
2025-03-12 10:11:26,242 - ui.password_manager.ui_table.table_password - INFO - 已为第3行生成32位随机密码 (服务器密码)
2025-03-12 10:11:26,242 - ui.password_manager.ui_table.table_password - INFO - 生成密码后一次性进入编辑模式 - 共 2 行
2025-03-12 10:11:26,249 - ui.password_manager.ui_table.table_password - INFO - 已为2个密码单元格生成32位随机密码
2025-03-12 10:19:49,679 - user - INFO - 用户已登出
2025-03-12 10:19:52,188 - root - INFO - 密码管理系统启动
2025-03-12 10:19:53,358 - user - INFO - 用户 admin 登录成功
2025-03-12 10:19:53,358 - login_ui - INFO - 用户 admin 登录成功
2025-03-12 10:19:53,360 - root - INFO - 用户 admin 登录成功，准备打开密码管理界面
2025-03-12 10:19:55,222 - ui.password_manager.ui_table.table_events - INFO - 右键菜单 - 当前行: 3, 当前列: 5, 选中行数: 2, 选中行: [2, 3]
2025-03-12 10:19:55,222 - ui.password_manager.ui_table.table_events - INFO - 选中的密码单元格数量: 2
2025-03-12 10:19:56,174 - ui.password_manager.ui_table.table_password - INFO - 已为第2行生成8位随机密码 (服务器密码)
2025-03-12 10:19:56,175 - ui.password_manager.ui_table.table_password - INFO - 已为第3行生成8位随机密码 (服务器密码)
2025-03-12 10:19:56,176 - ui.password_manager.ui_table.table_password - INFO - 生成密码后一次性进入编辑模式 - 共 2 行
2025-03-12 10:19:56,191 - ui.password_manager.ui_table.table_password - INFO - 已为2个密码单元格生成8位随机密码
2025-03-12 10:20:00,975 - ui.password_manager.ui_table.table_edit - INFO - 取消编辑 - 第2行: 域控制器
2025-03-12 10:20:00,976 - ui.password_manager.ui_table.table_edit - INFO - 取消批量编辑 - 共2行
2025-03-12 10:20:00,976 - ui.password_manager.ui_table.table_edit - INFO - 取消批量编辑项目: 域控制器、互联网
2025-03-12 10:20:00,980 - ui.password_manager.ui_table.table_edit - INFO - 取消编辑完成，已恢复原始数据
2025-03-12 10:20:04,518 - ui.password_manager.ui_table.table_events - INFO - 右键菜单 - 当前行: 4, 当前列: 4, 选中行数: 1, 选中行: [4]
2025-03-12 10:20:04,519 - ui.password_manager.ui_table.table_events - INFO - 选中的密码单元格数量: 0
2025-03-12 10:20:10,932 - ui.password_manager.ui_table.table_events - INFO - 右键菜单 - 当前行: 6, 当前列: 5, 选中行数: 2, 选中行: [5, 6]
2025-03-12 10:20:10,933 - ui.password_manager.ui_table.table_events - INFO - 选中的密码单元格数量: 2
2025-03-12 10:20:12,125 - ui.password_manager.ui_table.table_password - INFO - 已为第5行生成12位随机密码 (服务器密码)
2025-03-12 10:20:12,126 - ui.password_manager.ui_table.table_password - INFO - 已为第6行生成12位随机密码 (服务器密码)
2025-03-12 10:20:12,126 - ui.password_manager.ui_table.table_password - INFO - 生成密码后一次性进入编辑模式 - 共 2 行
2025-03-12 10:20:12,136 - ui.password_manager.ui_table.table_password - INFO - 已为2个密码单元格生成12位随机密码
2025-03-12 10:20:16,590 - ui.password_manager.ui_table.table_edit - INFO - 取消编辑 - 第5行: HR系统
2025-03-12 10:20:16,590 - ui.password_manager.ui_table.table_edit - INFO - 取消批量编辑 - 共2行
2025-03-12 10:20:16,591 - ui.password_manager.ui_table.table_edit - INFO - 取消批量编辑项目: HR系统、备份系统
2025-03-12 10:20:16,594 - ui.password_manager.ui_table.table_edit - INFO - 取消编辑完成，已恢复原始数据
2025-03-12 10:20:19,037 - ui.password_manager.ui_table.table_events - INFO - 右键菜单 - 当前行: 3, 当前列: 5, 选中行数: 2, 选中行: [2, 3]
2025-03-12 10:20:19,037 - ui.password_manager.ui_table.table_events - INFO - 选中的密码单元格数量: 2
2025-03-12 10:20:22,790 - ui.password_manager.ui_table.table_events - INFO - 右键菜单 - 当前行: 4, 当前列: 3, 选中行数: 1, 选中行: [4]
2025-03-12 10:20:22,790 - ui.password_manager.ui_table.table_events - INFO - 选中的密码单元格数量: 0
2025-03-12 10:20:25,340 - ui.password_manager.ui_table.table_events - INFO - 右键菜单 - 当前行: 2, 当前列: 5, 选中行数: 1, 选中行: [2]
2025-03-12 10:20:25,340 - ui.password_manager.ui_table.table_events - INFO - 选中的密码单元格数量: 1
2025-03-12 10:20:38,509 - ui.password_manager.ui_table.table_events - INFO - 右键菜单 - 当前行: 1, 当前列: 5, 选中行数: 1, 选中行: [1]
2025-03-12 10:20:38,510 - ui.password_manager.ui_table.table_events - INFO - 选中的密码单元格数量: 1
2025-03-12 10:20:40,741 - ui.password_manager.ui_table.table_password - INFO - 已为第1行生成12位随机密码 (服务器密码)
2025-03-12 10:20:40,742 - ui.password_manager.ui_table.table_password - INFO - 生成密码后一次性进入编辑模式 - 共 1 行
2025-03-12 10:20:40,750 - ui.password_manager.ui_table.table_password - INFO - 已为1个密码单元格生成12位随机密码
2025-03-12 10:20:42,720 - ui.password_manager.ui_table.table_edit - INFO - 开始确认编辑 - 第1行: 测试1
2025-03-12 10:20:42,720 - ui.password_manager.ui_table.table_edit - INFO - 批量编辑模式 - 一次性确认所有修改
2025-03-12 10:20:42,721 - ui.password_manager.ui_table.table_edit - INFO - 批量确认 1 行的编辑 - 开始处理
2025-03-12 10:20:42,721 - ui.password_manager.ui_table.table_edit - INFO - 批量确认项目: 测试1
2025-03-12 10:20:42,721 - ui.password_manager.ui_table.table_edit - INFO - 检查是否有需要SSH更新的密码
2025-03-12 10:20:42,722 - ui.password_manager.ui_table.table_password - INFO - 批量SSH更新: 开始检查 1 行数据
2025-03-12 10:20:42,722 - ui.password_manager.ui_table.table_password - INFO - 找到需要SSH更新的密码 - 行: 1, IP: 192.168.8.87, 用户: root, 项目: 测试1
2025-03-12 10:20:42,722 - ui.password_manager.ui_table.table_password - INFO - 批量SSH更新: 开始更新 1 个服务器密码
2025-03-12 10:20:42,723 - ui.password_manager.ui_table.table_password - INFO - 批量SSH更新: 开始更新 - 行: 1, IP: 192.168.8.87, 用户: root, 项目: 测试1
2025-03-12 10:20:42,765 - paramiko.transport - INFO - Connected (version 2.0, client OpenSSH_7.4)
2025-03-12 10:20:42,869 - paramiko.transport - INFO - Authentication (password) successful!
2025-03-12 10:20:55,165 - paramiko.transport - INFO - Connected (version 2.0, client OpenSSH_7.4)
2025-03-12 10:20:55,276 - paramiko.transport - INFO - Authentication (password) successful!
2025-03-12 10:20:55,403 - ui.password_manager.ui_table.table_password - INFO - SSH密码更新操作已记录到日志文件: logs\ssh_operations.log
2025-03-12 10:20:55,403 - ui.password_manager.ui_table.table_password - INFO - 批量SSH更新成功 - 行: 1, IP: 192.168.8.87, 用户: root, 项目: 测试1
2025-03-12 10:20:55,404 - ui.password_manager.ui_table.table_password - INFO - 显示SSH更新结果对话框: 成功 1/1, 失败 0/1
2025-03-12 10:21:01,788 - ui.password_manager.ui_table.table_password - INFO - 批量SSH更新完成: 成功 1/1 个，继续更新本地数据库
2025-03-12 10:21:01,789 - password - INFO - 尝试更新服务器密码 - 项目: 测试1, IP: 192.168.8.87, 用户: root
2025-03-12 10:21:01,814 - paramiko.transport - INFO - Connected (version 2.0, client OpenSSH_7.4)
2025-03-12 10:21:01,929 - paramiko.transport - INFO - Authentication (password) failed.
2025-03-12 10:21:01,930 - password - INFO - SSH密码更新操作已记录到日志文件: logs\ssh_operations.log
2025-03-12 10:21:01,933 - password - INFO - 更新所有者 徐国明 的密码记录成功
2025-03-12 10:21:01,933 - password - WARNING - 服务器密码更新失败，但本地密码已更新：连接或命令执行失败: Authentication failed.
2025-03-12 10:21:01,934 - ui.password_manager.ui_table.table_edit - INFO - 成功保存第1行数据: 测试1
2025-03-12 10:21:01,935 - ui.password_manager.ui_table.table_edit - ERROR - 批量确认编辑时出错: 'PasswordTable' object has no attribute '_remove_confirm_cancel_buttons'
2025-03-12 10:21:01,935 - ui.password_manager.ui_table.table_edit - INFO - 取消编辑 - 第1行: 测试1
2025-03-12 10:21:01,943 - ui.password_manager.ui_table.table_edit - INFO - 取消编辑完成，已恢复原始数据
2025-03-12 10:22:47,965 - ui.password_manager.ui_table.table_events - INFO - 右键菜单 - 当前行: 6, 当前列: 5, 选中行数: 2, 选中行: [5, 6]
2025-03-12 10:22:47,965 - ui.password_manager.ui_table.table_events - INFO - 选中的密码单元格数量: 2
2025-03-12 10:23:00,726 - ui.password_manager.ui_table.table_events - INFO - 右键菜单 - 当前行: 6, 当前列: 5, 选中行数: 4, 选中行: [9, 6, 7, 8]
2025-03-12 10:23:00,726 - ui.password_manager.ui_table.table_events - INFO - 选中的密码单元格数量: 4
2025-03-12 14:12:42,532 - ui.password_manager.ui_table.table_events - INFO - 右键菜单 - 当前行: 3, 当前列: 5, 选中行数: 2, 选中行: [2, 3]
2025-03-12 14:12:42,533 - ui.password_manager.ui_table.table_events - INFO - 选中的密码单元格数量: 2
2025-03-12 14:12:43,412 - ui.password_manager.ui_table.table_password - INFO - 已为第2行生成8位随机密码 (服务器密码)
2025-03-12 14:12:43,413 - ui.password_manager.ui_table.table_password - INFO - 已为第3行生成8位随机密码 (服务器密码)
2025-03-12 14:12:43,414 - ui.password_manager.ui_table.table_password - INFO - 生成密码后一次性进入编辑模式 - 共 2 行
2025-03-12 14:12:43,437 - ui.password_manager.ui_table.table_password - INFO - 已为2个密码单元格生成8位随机密码
2025-03-12 14:12:58,611 - ui.password_manager.ui_table.table_edit - INFO - 取消编辑 - 第2行: 域控制器
2025-03-12 14:12:58,612 - ui.password_manager.ui_table.table_edit - INFO - 取消批量编辑 - 共2行
2025-03-12 14:12:58,612 - ui.password_manager.ui_table.table_edit - INFO - 取消批量编辑项目: 域控制器、互联网
2025-03-12 14:12:58,616 - ui.password_manager.ui_table.table_edit - INFO - 取消编辑完成，已恢复原始数据
2025-03-12 14:13:04,134 - ui.password_manager.ui_table.table_events - INFO - 右键菜单 - 当前行: 3, 当前列: 5, 选中行数: 2, 选中行: [2, 3]
2025-03-12 14:13:04,135 - ui.password_manager.ui_table.table_events - INFO - 选中的密码单元格数量: 2
2025-03-12 14:13:31,476 - ui.password_manager.ui_table.table_events - INFO - 右键菜单 - 当前行: 3, 当前列: 5, 选中行数: 2, 选中行: [2, 3]
2025-03-12 14:13:31,477 - ui.password_manager.ui_table.table_events - INFO - 选中的密码单元格数量: 2
2025-03-12 14:13:33,723 - ui.password_manager.ui_table.table_password - INFO - 已为第2行生成8位随机密码 (服务器密码)
2025-03-12 14:13:33,724 - ui.password_manager.ui_table.table_password - INFO - 已为第3行生成8位随机密码 (服务器密码)
2025-03-12 14:13:33,724 - ui.password_manager.ui_table.table_password - INFO - 生成密码后一次性进入编辑模式 - 共 2 行
2025-03-12 14:13:33,733 - ui.password_manager.ui_table.table_password - INFO - 已为2个密码单元格生成8位随机密码
2025-03-12 14:13:50,262 - ui.password_manager.ui_table.table_edit - INFO - 开始确认编辑 - 第2行: Elasticsearch
2025-03-12 14:13:50,263 - ui.password_manager.ui_table.table_edit - INFO - 批量编辑模式 - 一次性确认所有修改
2025-03-12 14:13:50,263 - ui.password_manager.ui_table.table_edit - INFO - 批量确认 2 行的编辑 - 开始处理
2025-03-12 14:13:50,264 - ui.password_manager.ui_table.table_edit - INFO - 批量确认项目: Elasticsearch、项目管理系统
2025-03-12 14:13:50,264 - ui.password_manager.ui_table.table_edit - INFO - 检查是否有需要SSH更新的密码
2025-03-12 14:13:50,264 - ui.password_manager.ui_table.table_password - INFO - 批量SSH更新: 开始检查 2 行数据
2025-03-12 14:13:50,264 - ui.password_manager.ui_table.table_password - INFO - 找到需要SSH更新的密码 - 行: 2, IP: 162.234.71.239, 用户: operator73, 项目: Elasticsearch
2025-03-12 14:13:50,264 - ui.password_manager.ui_table.table_password - INFO - 找到需要SSH更新的密码 - 行: 3, IP: 58.18.160.167, 用户: operator83, 项目: 项目管理系统
2025-03-12 14:13:50,265 - ui.password_manager.ui_table.table_password - INFO - 批量SSH更新: 开始更新 2 个服务器密码
2025-03-12 14:13:50,265 - ui.password_manager.ui_table.table_password - INFO - 批量SSH更新: 开始更新 - 行: 2, IP: 162.234.71.239, 用户: operator73, 项目: Elasticsearch
2025-03-12 14:14:00,278 - ui.password_manager.ui_table.table_password - INFO - SSH密码更新操作已记录到日志文件: logs\ssh_operations.log
2025-03-12 14:14:00,279 - ui.password_manager.ui_table.table_password - WARNING - 批量SSH更新失败 - 行: 2, IP: 162.234.71.239, 用户: operator73, 项目: Elasticsearch, 错误: 连接或命令执行失败: timed out
2025-03-12 14:14:00,279 - ui.password_manager.ui_table.table_password - INFO - 已恢复第2行的原始密码
2025-03-12 14:14:00,280 - ui.password_manager.ui_table.table_password - INFO - 批量SSH更新: 开始更新 - 行: 3, IP: 58.18.160.167, 用户: operator83, 项目: 项目管理系统
2025-03-12 14:14:10,282 - ui.password_manager.ui_table.table_password - INFO - SSH密码更新操作已记录到日志文件: logs\ssh_operations.log
2025-03-12 14:14:10,283 - ui.password_manager.ui_table.table_password - WARNING - 批量SSH更新失败 - 行: 3, IP: 58.18.160.167, 用户: operator83, 项目: 项目管理系统, 错误: 连接或命令执行失败: timed out
2025-03-12 14:14:10,283 - ui.password_manager.ui_table.table_password - INFO - 已恢复第3行的原始密码
2025-03-12 14:14:10,284 - ui.password_manager.ui_table.table_password - INFO - 显示SSH更新结果对话框: 成功 0/2, 失败 2/2
2025-03-12 14:14:15,131 - ui.password_manager.ui_table.table_password - WARNING - 批量SSH更新: 所有 2 个更新都失败，取消本地数据库更新
2025-03-12 14:14:15,132 - ui.password_manager.ui_table.table_edit - WARNING - SSH密码更新失败，取消本地数据库更新
2025-03-12 14:14:15,132 - ui.password_manager.ui_table.table_edit - INFO - 取消编辑 - 第2行: Elasticsearch
2025-03-12 14:14:15,140 - ui.password_manager.ui_table.table_edit - INFO - 取消编辑完成，已恢复原始数据
2025-03-12 14:14:15,141 - ui.password_manager.ui_table.table_edit - WARNING - 批量确认 2 行的编辑 - 由于SSH更新失败而取消
2025-03-12 14:14:40,779 - ui.password_manager.ui_table.table_events - INFO - 右键菜单 - 当前行: 3, 当前列: 5, 选中行数: 2, 选中行: [2, 3]
2025-03-12 14:14:40,779 - ui.password_manager.ui_table.table_events - INFO - 选中的密码单元格数量: 2
2025-03-12 14:14:47,412 - ui.password_manager.ui_table.table_password - INFO - 已为第2行生成8位随机密码 (服务器密码)
2025-03-12 14:14:47,413 - ui.password_manager.ui_table.table_password - INFO - 已为第3行生成8位随机密码 (服务器密码)
2025-03-12 14:14:47,413 - ui.password_manager.ui_table.table_password - INFO - 生成密码后一次性进入编辑模式 - 共 2 行
2025-03-12 14:14:47,421 - ui.password_manager.ui_table.table_password - INFO - 已为2个密码单元格生成8位随机密码
2025-03-12 14:14:59,876 - ui.password_manager.ui_table.table_edit - INFO - 取消编辑 - 第2行: SQL
2025-03-12 14:14:59,876 - ui.password_manager.ui_table.table_edit - INFO - 取消批量编辑 - 共2行
2025-03-12 14:14:59,877 - ui.password_manager.ui_table.table_edit - INFO - 取消批量编辑项目: SQL、MySQL
2025-03-12 14:14:59,881 - ui.password_manager.ui_table.table_edit - INFO - 取消编辑完成，已恢复原始数据
2025-03-12 14:15:02,171 - ui.password_manager.ui_table.table_events - INFO - 右键菜单 - 当前行: 3, 当前列: 5, 选中行数: 2, 选中行: [2, 3]
2025-03-12 14:15:02,172 - ui.password_manager.ui_table.table_events - INFO - 选中的密码单元格数量: 2
2025-03-12 14:15:03,428 - ui.password_manager.ui_table.table_password - INFO - 已为第2行生成8位随机密码 (服务器密码)
2025-03-12 14:15:03,428 - ui.password_manager.ui_table.table_password - INFO - 已为第3行生成8位随机密码 (服务器密码)
2025-03-12 14:15:03,429 - ui.password_manager.ui_table.table_password - INFO - 生成密码后一次性进入编辑模式 - 共 2 行
2025-03-12 14:15:03,439 - ui.password_manager.ui_table.table_password - INFO - 已为2个密码单元格生成8位随机密码
2025-03-12 14:15:08,133 - ui.password_manager.ui_table.table_edit - INFO - 开始确认编辑 - 第2行: SQL
2025-03-12 14:15:08,134 - ui.password_manager.ui_table.table_edit - INFO - 批量编辑模式 - 一次性确认所有修改
2025-03-12 14:15:08,134 - ui.password_manager.ui_table.table_edit - INFO - 批量确认 2 行的编辑 - 开始处理
2025-03-12 14:15:08,134 - ui.password_manager.ui_table.table_edit - INFO - 批量确认项目: SQL、MySQL
2025-03-12 14:15:08,135 - ui.password_manager.ui_table.table_edit - INFO - 检查是否有需要SSH更新的密码
2025-03-12 14:15:08,135 - ui.password_manager.ui_table.table_password - INFO - 批量SSH更新: 开始检查 2 行数据
2025-03-12 14:15:08,135 - ui.password_manager.ui_table.table_password - INFO - 找到需要SSH更新的密码 - 行: 2, IP: 210.172.183.194, 用户: wvqtjg, 项目: SQL
2025-03-12 14:15:08,136 - ui.password_manager.ui_table.table_password - INFO - 找到需要SSH更新的密码 - 行: 3, IP: 58.84.83.245, 用户: vctdtl, 项目: MySQL
2025-03-12 14:15:08,136 - ui.password_manager.ui_table.table_password - INFO - 批量SSH更新: 开始更新 2 个服务器密码
2025-03-12 14:15:08,136 - ui.password_manager.ui_table.table_password - INFO - 批量SSH更新: 开始更新 - 行: 2, IP: 210.172.183.194, 用户: wvqtjg, 项目: SQL
2025-03-12 14:15:18,141 - ui.password_manager.ui_table.table_password - INFO - SSH密码更新操作已记录到日志文件: logs\ssh_operations.log
2025-03-12 14:15:18,142 - ui.password_manager.ui_table.table_password - WARNING - 批量SSH更新失败 - 行: 2, IP: 210.172.183.194, 用户: wvqtjg, 项目: SQL, 错误: 连接或命令执行失败: timed out
2025-03-12 14:15:18,142 - ui.password_manager.ui_table.table_password - INFO - 已恢复第2行的原始密码
2025-03-12 14:15:18,142 - ui.password_manager.ui_table.table_password - INFO - 批量SSH更新: 开始更新 - 行: 3, IP: 58.84.83.245, 用户: vctdtl, 项目: MySQL
2025-03-12 14:15:28,149 - ui.password_manager.ui_table.table_password - INFO - SSH密码更新操作已记录到日志文件: logs\ssh_operations.log
2025-03-12 14:15:28,150 - ui.password_manager.ui_table.table_password - WARNING - 批量SSH更新失败 - 行: 3, IP: 58.84.83.245, 用户: vctdtl, 项目: MySQL, 错误: 连接或命令执行失败: timed out
2025-03-12 14:15:28,150 - ui.password_manager.ui_table.table_password - INFO - 已恢复第3行的原始密码
2025-03-12 14:15:28,151 - ui.password_manager.ui_table.table_password - INFO - 显示SSH更新结果对话框: 成功 0/2, 失败 2/2
2025-03-12 14:16:09,099 - ui.password_manager.ui_table.table_password - WARNING - 批量SSH更新: 所有 2 个更新都失败，取消本地数据库更新
2025-03-12 14:16:09,099 - ui.password_manager.ui_table.table_edit - WARNING - SSH密码更新失败，取消本地数据库更新
2025-03-12 14:16:09,100 - ui.password_manager.ui_table.table_edit - INFO - 取消编辑 - 第2行: SQL
2025-03-12 14:16:09,109 - ui.password_manager.ui_table.table_edit - INFO - 取消编辑完成，已恢复原始数据
2025-03-12 14:16:09,109 - ui.password_manager.ui_table.table_edit - WARNING - 批量确认 2 行的编辑 - 由于SSH更新失败而取消
2025-03-12 14:16:14,988 - ui.password_manager.ui_table.table_events - INFO - 右键菜单 - 当前行: 3, 当前列: 5, 选中行数: 2, 选中行: [2, 3]
2025-03-12 14:16:14,988 - ui.password_manager.ui_table.table_events - INFO - 选中的密码单元格数量: 2
2025-03-12 14:16:16,004 - ui.password_manager.ui_table.table_password - INFO - 已为第2行生成8位随机密码 (服务器密码)
2025-03-12 14:16:16,005 - ui.password_manager.ui_table.table_password - INFO - 已为第3行生成8位随机密码 (服务器密码)
2025-03-12 14:16:16,006 - ui.password_manager.ui_table.table_password - INFO - 生成密码后一次性进入编辑模式 - 共 2 行
2025-03-12 14:16:16,015 - ui.password_manager.ui_table.table_password - INFO - 已为2个密码单元格生成8位随机密码
2025-03-12 14:16:24,069 - ui.password_manager.ui_table.table_edit - INFO - 开始确认编辑 - 第2行: SQL
2025-03-12 14:16:24,069 - ui.password_manager.ui_table.table_edit - INFO - 批量编辑模式 - 一次性确认所有修改
2025-03-12 14:16:24,070 - ui.password_manager.ui_table.table_edit - INFO - 批量确认 2 行的编辑 - 开始处理
2025-03-12 14:16:24,070 - ui.password_manager.ui_table.table_edit - INFO - 批量确认项目: SQL、MySQL
2025-03-12 14:16:24,070 - ui.password_manager.ui_table.table_edit - INFO - 检查是否有需要SSH更新的密码
2025-03-12 14:16:24,071 - ui.password_manager.ui_table.table_password - INFO - 批量SSH更新: 开始检查 2 行数据
2025-03-12 14:16:24,071 - ui.password_manager.ui_table.table_password - INFO - 找到需要SSH更新的密码 - 行: 2, IP: 210.172.183.194, 用户: wvqtjg, 项目: SQL
2025-03-12 14:16:24,071 - ui.password_manager.ui_table.table_password - INFO - 找到需要SSH更新的密码 - 行: 3, IP: 58.84.83.245, 用户: vctdtl, 项目: MySQL
2025-03-12 14:16:24,072 - ui.password_manager.ui_table.table_password - INFO - 批量SSH更新: 开始更新 2 个服务器密码
2025-03-12 14:16:24,072 - ui.password_manager.ui_table.table_password - INFO - 批量SSH更新: 开始更新 - 行: 2, IP: 210.172.183.194, 用户: wvqtjg, 项目: SQL
2025-03-12 14:16:34,085 - ui.password_manager.ui_table.table_password - INFO - SSH密码更新操作已记录到日志文件: logs\ssh_operations.log
2025-03-12 14:16:34,085 - ui.password_manager.ui_table.table_password - WARNING - 批量SSH更新失败 - 行: 2, IP: 210.172.183.194, 用户: wvqtjg, 项目: SQL, 错误: 连接或命令执行失败: timed out
2025-03-12 14:16:34,086 - ui.password_manager.ui_table.table_password - INFO - 已恢复第2行的原始密码
2025-03-12 14:16:34,086 - ui.password_manager.ui_table.table_password - INFO - 批量SSH更新: 开始更新 - 行: 3, IP: 58.84.83.245, 用户: vctdtl, 项目: MySQL
2025-03-12 14:16:44,091 - ui.password_manager.ui_table.table_password - INFO - SSH密码更新操作已记录到日志文件: logs\ssh_operations.log
2025-03-12 14:16:44,091 - ui.password_manager.ui_table.table_password - WARNING - 批量SSH更新失败 - 行: 3, IP: 58.84.83.245, 用户: vctdtl, 项目: MySQL, 错误: 连接或命令执行失败: timed out
2025-03-12 14:16:44,092 - ui.password_manager.ui_table.table_password - INFO - 已恢复第3行的原始密码
2025-03-12 14:16:44,092 - ui.password_manager.ui_table.table_password - INFO - 显示SSH更新结果对话框: 成功 0/2, 失败 2/2
2025-03-12 14:16:54,402 - ui.password_manager.ui_table.table_password - WARNING - 批量SSH更新: 所有 2 个更新都失败，取消本地数据库更新
2025-03-12 14:16:54,403 - ui.password_manager.ui_table.table_edit - WARNING - SSH密码更新失败，取消本地数据库更新
2025-03-12 14:16:54,403 - ui.password_manager.ui_table.table_edit - INFO - 取消编辑 - 第2行: SQL
2025-03-12 14:16:54,411 - ui.password_manager.ui_table.table_edit - INFO - 取消编辑完成，已恢复原始数据
2025-03-12 14:16:54,412 - ui.password_manager.ui_table.table_edit - WARNING - 批量确认 2 行的编辑 - 由于SSH更新失败而取消
2025-03-12 14:17:53,181 - ui.password_manager.ui_table.table_events - INFO - 右键菜单 - 当前行: 1, 当前列: 2, 选中行数: 1, 选中行: [1]
2025-03-12 14:17:53,182 - ui.password_manager.ui_table.table_events - INFO - 选中的密码单元格数量: 0
2025-03-12 14:19:47,668 - ui.password_manager.ui_table.table_edit - INFO - 开始确认编辑 - 第1行: 测试1
2025-03-12 14:19:50,143 - ui.password_manager.ui_table.table_edit - WARNING - 确认编辑失败 - 第1行: 必填字段未完成
2025-03-12 14:20:08,923 - ui.password_manager.ui_table.table_edit - INFO - 开始确认编辑 - 第1行: 测试1
2025-03-12 14:20:08,923 - ui.password_manager.ui_table.table_edit - INFO - 检查是否有需要SSH更新的密码
2025-03-12 14:20:08,924 - ui.password_manager.ui_table.table_password - INFO - 没有找到需要SSH更新的密码
2025-03-12 14:20:08,924 - password - INFO - 尝试更新服务器密码 - 项目: 测试1, IP: 192.168.8.87, 用户: root
2025-03-12 14:20:18,928 - password - INFO - SSH密码更新操作已记录到日志文件: logs\ssh_operations.log
2025-03-12 14:20:18,930 - password - INFO - 更新所有者 徐国明 的密码记录成功
2025-03-12 14:20:18,930 - password - WARNING - 服务器密码更新失败，但本地密码已更新：连接或命令执行失败: timed out
2025-03-12 14:20:18,930 - ui.password_manager.ui_table.table_edit - ERROR - 确认编辑时出错: 'PasswordTable' object has no attribute '_remove_confirm_cancel_buttons'
2025-03-12 14:20:29,291 - ui.password_manager.ui_table.table_edit - INFO - 开始确认编辑 - 第1行: 测试1
2025-03-12 14:20:29,291 - ui.password_manager.ui_table.table_edit - INFO - 检查是否有需要SSH更新的密码
2025-03-12 14:20:29,292 - ui.password_manager.ui_table.table_password - INFO - 没有找到需要SSH更新的密码
2025-03-12 14:20:29,293 - password - INFO - 更新所有者 徐国明 的密码记录成功
2025-03-12 14:20:29,294 - ui.password_manager.ui_table.table_edit - ERROR - 确认编辑时出错: 'PasswordTable' object has no attribute '_remove_confirm_cancel_buttons'
2025-03-12 14:22:11,979 - ui.password_manager.ui_table.table_edit - INFO - 开始确认编辑 - 第1行: 测试1
2025-03-12 14:22:11,980 - ui.password_manager.ui_table.table_edit - INFO - 检查是否有需要SSH更新的密码
2025-03-12 14:22:11,980 - ui.password_manager.ui_table.table_password - INFO - 没有找到需要SSH更新的密码
2025-03-12 14:22:11,982 - password - INFO - 更新所有者 徐国明 的密码记录成功
2025-03-12 14:22:11,982 - ui.password_manager.ui_table.table_edit - ERROR - 确认编辑时出错: 'PasswordTable' object has no attribute '_remove_confirm_cancel_buttons'
2025-03-12 14:23:15,474 - ui.password_manager.ui_table.table_events - INFO - 右键菜单 - 当前行: 1, 当前列: 3, 选中行数: 1, 选中行: [1]
2025-03-12 14:23:15,475 - ui.password_manager.ui_table.table_events - INFO - 选中的密码单元格数量: 0
2025-03-12 14:25:11,643 - user - INFO - 用户已登出
2025-03-12 14:25:14,575 - root - INFO - 密码管理系统启动
2025-03-12 14:25:16,019 - user - INFO - 用户 admin 登录成功
2025-03-12 14:25:16,020 - login_ui - INFO - 用户 admin 登录成功
2025-03-12 14:25:16,021 - root - INFO - 用户 admin 登录成功，准备打开密码管理界面
2025-03-12 14:26:22,380 - ui.password_manager.ui_table.table_events - INFO - 右键菜单 - 当前行: 3, 当前列: 5, 选中行数: 3, 选中行: [2, 3, 4]
2025-03-12 14:26:22,380 - ui.password_manager.ui_table.table_events - INFO - 选中的密码单元格数量: 3
2025-03-12 14:26:34,953 - ui.password_manager.ui_table.table_events - INFO - 右键菜单 - 当前行: 8, 当前列: 5, 选中行数: 1, 选中行: [8]
2025-03-12 14:26:34,953 - ui.password_manager.ui_table.table_events - INFO - 选中的密码单元格数量: 1
2025-03-12 14:26:36,227 - ui.password_manager.ui_table.table_password - INFO - 已为第8行生成8位随机密码 (服务器密码)
2025-03-12 14:26:36,228 - ui.password_manager.ui_table.table_password - INFO - 生成密码后一次性进入编辑模式 - 共 1 行
2025-03-12 14:26:36,241 - ui.password_manager.ui_table.table_password - INFO - 已为1个密码单元格生成8位随机密码
2025-03-12 14:26:42,282 - ui.password_manager.ui_table.table_edit - INFO - 开始确认编辑 - 第8行: Tomcat
2025-03-12 14:26:42,283 - ui.password_manager.ui_table.table_edit - INFO - 批量编辑模式 - 一次性确认所有修改
2025-03-12 14:26:42,283 - ui.password_manager.ui_table.table_edit - INFO - 批量确认 1 行的编辑 - 开始处理
2025-03-12 14:26:42,283 - ui.password_manager.ui_table.table_edit - INFO - 批量确认项目: Tomcat
2025-03-12 14:26:42,284 - ui.password_manager.ui_table.table_edit - INFO - 检查是否有需要SSH更新的密码
2025-03-12 14:26:42,284 - ui.password_manager.ui_table.table_password - INFO - 批量SSH更新: 开始检查 1 行数据
2025-03-12 14:26:42,284 - ui.password_manager.ui_table.table_password - INFO - 找到需要SSH更新的密码 - 行: 8, IP: 11.12.0.214, 用户: user53, 项目: Tomcat
2025-03-12 14:26:42,285 - ui.password_manager.ui_table.table_password - INFO - 批量SSH更新: 开始更新 1 个服务器密码
2025-03-12 14:26:42,285 - ui.password_manager.ui_table.table_password - INFO - 批量SSH更新: 开始更新 - 行: 8, IP: 11.12.0.214, 用户: user53, 项目: Tomcat
2025-03-12 14:26:52,294 - ui.password_manager.ui_table.table_password - INFO - SSH密码更新操作已记录到日志文件: logs\ssh_operations.log
2025-03-12 14:26:52,295 - ui.password_manager.ui_table.table_password - WARNING - 批量SSH更新失败 - 行: 8, IP: 11.12.0.214, 用户: user53, 项目: Tomcat, 错误: 连接或命令执行失败: timed out
2025-03-12 14:26:52,295 - ui.password_manager.ui_table.table_password - INFO - 已恢复第8行的原始密码
2025-03-12 14:26:52,295 - ui.password_manager.ui_table.table_password - INFO - 显示SSH更新结果对话框: 成功 0/1, 失败 1/1
2025-03-12 14:26:57,810 - ui.password_manager.ui_table.table_password - WARNING - 批量SSH更新: 所有 1 个更新都失败，取消本地数据库更新
2025-03-12 14:26:57,811 - ui.password_manager.ui_table.table_edit - WARNING - SSH密码更新失败，取消本地数据库更新
2025-03-12 14:26:57,811 - ui.password_manager.ui_table.table_edit - INFO - 取消编辑 - 第8行: Tomcat
2025-03-12 14:26:57,819 - ui.password_manager.ui_table.table_edit - INFO - 取消编辑完成，已恢复原始数据
2025-03-12 14:26:57,819 - ui.password_manager.ui_table.table_edit - WARNING - 批量确认 1 行的编辑 - 由于SSH更新失败而取消
2025-03-12 14:32:58,164 - user - INFO - 用户已登出
2025-03-12 14:33:00,249 - root - INFO - 密码管理系统启动
2025-03-12 14:33:01,913 - user - INFO - 用户 admin 登录成功
2025-03-12 14:33:01,915 - login_ui - INFO - 用户 admin 登录成功
2025-03-12 14:33:01,916 - root - INFO - 用户 admin 登录成功，准备打开密码管理界面
2025-03-12 14:38:42,168 - ui.password_manager.ui_table.table_events - INFO - 右键菜单 - 当前行: 5, 当前列: 4, 选中行数: 1, 选中行: [5]
2025-03-12 14:38:42,168 - ui.password_manager.ui_table.table_events - INFO - 选中的密码单元格数量: 0
2025-03-12 14:38:43,378 - ui.password_manager.ui_table.table_events - INFO - 右键菜单 - 当前行: 3, 当前列: 4, 选中行数: 1, 选中行: [3]
2025-03-12 14:38:43,379 - ui.password_manager.ui_table.table_events - INFO - 选中的密码单元格数量: 0
2025-03-12 14:38:46,368 - password - INFO - 删除所有者 高文彬 的密码记录成功
2025-03-12 14:38:52,915 - ui.password_manager.ui_table.table_events - INFO - 右键菜单 - 当前行: 1, 当前列: 5, 选中行数: 1, 选中行: [1]
2025-03-12 14:38:52,915 - ui.password_manager.ui_table.table_events - INFO - 选中的密码单元格数量: 1
2025-03-12 14:38:58,025 - ui.password_manager.ui_table.table_password - INFO - 已为第1行生成8位随机密码 (服务器密码)
2025-03-12 14:38:58,025 - ui.password_manager.ui_table.table_password - INFO - 生成密码后一次性进入编辑模式 - 共 1 行
2025-03-12 14:38:58,038 - ui.password_manager.ui_table.table_password - INFO - 已为1个密码单元格生成8位随机密码
2025-03-12 14:39:03,923 - ui.password_manager.ui_table.table_edit - INFO - 开始确认编辑 - 第1行: Jenkins
2025-03-12 14:39:03,924 - ui.password_manager.ui_table.table_edit - INFO - 批量编辑模式 - 一次性确认所有修改
2025-03-12 14:39:03,924 - ui.password_manager.ui_table.table_edit - INFO - 批量确认 1 行的编辑 - 开始处理
2025-03-12 14:39:03,925 - ui.password_manager.ui_table.table_edit - INFO - 批量确认项目: Jenkins
2025-03-12 14:39:03,925 - ui.password_manager.ui_table.table_edit - INFO - 检查是否有需要SSH更新的密码
2025-03-12 14:39:03,925 - ui.password_manager.ui_table.table_password - INFO - 批量SSH更新: 开始检查 1 行数据
2025-03-12 14:39:03,925 - ui.password_manager.ui_table.table_password - INFO - 找到需要SSH更新的密码 - 行: 1, IP: 228.73.131.75, 用户: root86, 项目: Jenkins
2025-03-12 14:39:03,926 - ui.password_manager.ui_table.table_password - INFO - 批量SSH更新: 开始更新 1 个服务器密码
2025-03-12 14:39:03,926 - ui.password_manager.ui_table.table_password - INFO - 批量SSH更新: 开始更新 - 行: 1, IP: 228.73.131.75, 用户: root86, 项目: Jenkins
2025-03-12 14:39:03,931 - ui.password_manager.ui_table.table_password - INFO - SSH密码更新操作已记录到日志文件: logs\ssh_operations.log
2025-03-12 14:39:03,931 - ui.password_manager.ui_table.table_password - WARNING - 批量SSH更新失败 - 行: 1, IP: 228.73.131.75, 用户: root86, 项目: Jenkins, 错误: 连接或命令执行失败: [WinError 10049] 在其上下文中，该请求的地址无效。
2025-03-12 14:39:03,932 - ui.password_manager.ui_table.table_password - INFO - 已恢复第1行的原始密码
2025-03-12 14:39:03,932 - ui.password_manager.ui_table.table_password - INFO - 显示SSH更新结果对话框: 成功 0/1, 失败 1/1
2025-03-12 14:39:44,296 - ui.password_manager.ui_table.table_password - WARNING - 批量SSH更新: 所有 1 个更新都失败，取消本地数据库更新
2025-03-12 14:39:44,296 - ui.password_manager.ui_table.table_edit - WARNING - SSH密码更新失败，取消本地数据库更新
2025-03-12 14:39:44,297 - ui.password_manager.ui_table.table_edit - INFO - 取消编辑 - 第1行: Jenkins
2025-03-12 14:39:44,306 - ui.password_manager.ui_table.table_edit - INFO - 取消编辑完成，已恢复原始数据
2025-03-12 14:39:44,307 - ui.password_manager.ui_table.table_edit - WARNING - 批量确认 1 行的编辑 - 由于SSH更新失败而取消
2025-03-12 14:39:52,312 - ui.password_manager.ui_table.table_events - INFO - 右键菜单 - 当前行: 1, 当前列: 5, 选中行数: 1, 选中行: [1]
2025-03-12 14:39:52,313 - ui.password_manager.ui_table.table_events - INFO - 选中的密码单元格数量: 1
2025-03-12 14:39:55,441 - ui.password_manager.ui_table.table_password - INFO - 已为第1行生成16位随机密码 (服务器密码)
2025-03-12 14:39:55,442 - ui.password_manager.ui_table.table_password - INFO - 生成密码后一次性进入编辑模式 - 共 1 行
2025-03-12 14:39:55,450 - ui.password_manager.ui_table.table_password - INFO - 已为1个密码单元格生成16位随机密码
2025-03-12 14:39:56,723 - ui.password_manager.ui_table.table_edit - INFO - 开始确认编辑 - 第1行: Jenkins
2025-03-12 14:39:56,724 - ui.password_manager.ui_table.table_edit - INFO - 批量编辑模式 - 一次性确认所有修改
2025-03-12 14:39:56,724 - ui.password_manager.ui_table.table_edit - INFO - 批量确认 1 行的编辑 - 开始处理
2025-03-12 14:39:56,724 - ui.password_manager.ui_table.table_edit - INFO - 批量确认项目: Jenkins
2025-03-12 14:39:56,725 - ui.password_manager.ui_table.table_edit - INFO - 检查是否有需要SSH更新的密码
2025-03-12 14:39:56,725 - ui.password_manager.ui_table.table_password - INFO - 批量SSH更新: 开始检查 1 行数据
2025-03-12 14:39:56,726 - ui.password_manager.ui_table.table_password - INFO - 找到需要SSH更新的密码 - 行: 1, IP: 228.73.131.75, 用户: root86, 项目: Jenkins
2025-03-12 14:39:56,726 - ui.password_manager.ui_table.table_password - INFO - 批量SSH更新: 开始更新 1 个服务器密码
2025-03-12 14:39:56,726 - ui.password_manager.ui_table.table_password - INFO - 批量SSH更新: 开始更新 - 行: 1, IP: 228.73.131.75, 用户: root86, 项目: Jenkins
2025-03-12 14:39:56,728 - ui.password_manager.ui_table.table_password - INFO - SSH密码更新操作已记录到日志文件: logs\ssh_operations.log
2025-03-12 14:39:56,728 - ui.password_manager.ui_table.table_password - WARNING - 批量SSH更新失败 - 行: 1, IP: 228.73.131.75, 用户: root86, 项目: Jenkins, 错误: 连接或命令执行失败: [WinError 10049] 在其上下文中，该请求的地址无效。
2025-03-12 14:39:56,728 - ui.password_manager.ui_table.table_password - INFO - 已恢复第1行的原始密码
2025-03-12 14:39:56,729 - ui.password_manager.ui_table.table_password - INFO - 显示SSH更新结果对话框: 成功 0/1, 失败 1/1
2025-03-12 14:39:59,168 - ui.password_manager.ui_table.table_password - WARNING - 批量SSH更新: 所有 1 个更新都失败，取消本地数据库更新
2025-03-12 14:39:59,168 - ui.password_manager.ui_table.table_edit - WARNING - SSH密码更新失败，取消本地数据库更新
2025-03-12 14:39:59,169 - ui.password_manager.ui_table.table_edit - INFO - 取消编辑 - 第1行: Jenkins
2025-03-12 14:39:59,178 - ui.password_manager.ui_table.table_edit - INFO - 取消编辑完成，已恢复原始数据
2025-03-12 14:39:59,179 - ui.password_manager.ui_table.table_edit - WARNING - 批量确认 1 行的编辑 - 由于SSH更新失败而取消
2025-03-12 14:40:30,712 - ui.password_manager.ui_table.table_events - INFO - 右键菜单 - 当前行: 5, 当前列: 5, 选中行数: 1, 选中行: [5]
2025-03-12 14:40:30,713 - ui.password_manager.ui_table.table_events - INFO - 选中的密码单元格数量: 1
2025-03-12 14:42:29,688 - ui.password_manager.ui_table.table_events - INFO - 右键菜单 - 当前行: 1, 当前列: 5, 选中行数: 1, 选中行: [1]
2025-03-12 14:42:29,689 - ui.password_manager.ui_table.table_events - INFO - 选中的密码单元格数量: 1
2025-03-12 14:42:52,305 - ui.password_manager.ui_table.table_password - INFO - 已为第1行生成12位随机密码 (服务器密码)
2025-03-12 14:42:52,306 - ui.password_manager.ui_table.table_password - INFO - 生成密码后一次性进入编辑模式 - 共 1 行
2025-03-12 14:42:52,313 - ui.password_manager.ui_table.table_password - INFO - 已为1个密码单元格生成12位随机密码
2025-03-12 14:46:47,081 - ui.password_manager.ui_table.table_edit - INFO - 取消编辑 - 第1行: Jenkins
2025-03-12 14:46:47,082 - ui.password_manager.ui_table.table_edit - INFO - 取消批量编辑 - 共1行
2025-03-12 14:46:47,082 - ui.password_manager.ui_table.table_edit - INFO - 取消批量编辑项目: Jenkins
2025-03-12 14:46:47,085 - ui.password_manager.ui_table.table_edit - INFO - 取消编辑完成，已恢复原始数据
2025-03-12 14:47:01,407 - ui.password_manager.ui_table.table_events - INFO - 右键菜单 - 当前行: 6, 当前列: 5, 选中行数: 9, 选中行: [2, 3, 4, 5, 6, 7, 8, 9, 10]
2025-03-12 14:47:01,408 - ui.password_manager.ui_table.table_events - INFO - 选中的密码单元格数量: 9
2025-03-12 14:47:04,935 - ui.password_manager.ui_table.table_events - INFO - 右键菜单 - 当前行: 8, 当前列: 5, 选中行数: 5, 选中行: [7, 8, 9, 10, 11]
2025-03-12 14:47:04,936 - ui.password_manager.ui_table.table_events - INFO - 选中的密码单元格数量: 5
2025-03-12 14:47:18,216 - ui.password_manager.ui_table.table_events - INFO - 右键菜单 - 当前行: 10, 当前列: 5, 选中行数: 7, 选中行: [8, 9, 10, 11, 12, 13, 14]
2025-03-12 14:47:18,217 - ui.password_manager.ui_table.table_events - INFO - 选中的密码单元格数量: 7
2025-03-12 14:47:20,440 - ui.password_manager.ui_table.table_events - INFO - 右键菜单 - 当前行: 10, 当前列: 5, 选中行数: 1, 选中行: [10]
2025-03-12 14:47:20,441 - ui.password_manager.ui_table.table_events - INFO - 选中的密码单元格数量: 1
2025-03-12 14:47:22,671 - ui.password_manager.ui_table.table_events - INFO - 右键菜单 - 当前行: 10, 当前列: 5, 选中行数: 9, 选中行: [5, 6, 7, 8, 9, 10, 11, 12, 13]
2025-03-12 14:47:22,672 - ui.password_manager.ui_table.table_events - INFO - 选中的密码单元格数量: 9
2025-03-12 14:47:36,561 - ui.password_manager.ui_table.table_events - INFO - 右键菜单 - 当前行: 9, 当前列: 5, 选中行数: 5, 选中行: [8, 9, 10, 11, 12]
2025-03-12 14:47:36,561 - ui.password_manager.ui_table.table_events - INFO - 选中的密码单元格数量: 5
2025-03-12 14:49:00,016 - user - INFO - 用户已登出
2025-03-12 15:50:48,300 - root - INFO - 密码管理系统启动
2025-03-12 15:50:49,920 - user - INFO - 用户 admin 登录成功
2025-03-12 15:50:49,920 - login_ui - INFO - 用户 admin 登录成功
2025-03-12 15:50:49,921 - root - INFO - 用户 admin 登录成功，准备打开密码管理界面
2025-03-12 15:52:03,279 - ui.password_manager.ui_table.table_events - INFO - 右键菜单 - 当前行: 3, 当前列: 5, 选中行数: 2, 选中行: [2, 3]
2025-03-12 15:52:03,280 - ui.password_manager.ui_table.table_events - INFO - 选中的密码单元格数量: 2
2025-03-12 15:54:59,944 - ui.password_manager.ui_table.table_events - INFO - 右键菜单 - 当前行: 1, 当前列: 5, 选中行数: 1, 选中行: [1]
2025-03-12 15:54:59,945 - ui.password_manager.ui_table.table_events - INFO - 选中的密码单元格数量: 1
2025-03-12 15:55:00,744 - ui.password_manager.ui_table.table_password - INFO - 已为第1行生成8位随机密码 (服务器密码)
2025-03-12 15:55:00,745 - ui.password_manager.ui_table.table_password - INFO - 生成密码后一次性进入编辑模式 - 共 1 行
2025-03-12 15:55:00,761 - ui.password_manager.ui_table.table_password - INFO - 已为1个密码单元格生成8位随机密码
2025-03-12 15:55:02,944 - ui.password_manager.ui_table.table_edit - INFO - 开始确认编辑 - 第1行: 测试1
2025-03-12 15:55:02,944 - ui.password_manager.ui_table.table_edit - INFO - 批量编辑模式 - 一次性确认所有修改
2025-03-12 15:55:02,944 - ui.password_manager.ui_table.table_edit - INFO - 批量确认 1 行的编辑 - 开始处理
2025-03-12 15:55:02,945 - ui.password_manager.ui_table.table_edit - INFO - 批量确认项目: 测试1
2025-03-12 15:55:02,945 - ui.password_manager.ui_table.table_edit - INFO - 检查是否有需要SSH更新的密码
2025-03-12 15:55:02,945 - ui.password_manager.ui_table.table_password - INFO - 批量SSH更新: 开始检查 1 行数据
2025-03-12 15:55:02,946 - ui.password_manager.ui_table.table_password - INFO - 找到需要SSH更新的密码 - 行: 1, IP: 192.168.8.87, 用户: root, 项目: 测试1
2025-03-12 15:55:02,946 - ui.password_manager.ui_table.table_password - INFO - 批量SSH更新: 开始更新 1 个服务器密码
2025-03-12 15:55:02,946 - ui.password_manager.ui_table.table_password - INFO - 批量SSH更新: 开始更新 - 行: 1, IP: 192.168.8.87, 用户: root, 项目: 测试1
2025-03-12 15:55:02,968 - paramiko.transport - INFO - Connected (version 2.0, client OpenSSH_7.4)
2025-03-12 15:55:03,104 - paramiko.transport - INFO - Authentication (password) successful!
2025-03-12 15:55:15,405 - paramiko.transport - INFO - Connected (version 2.0, client OpenSSH_7.4)
2025-03-12 15:55:15,544 - paramiko.transport - INFO - Authentication (password) successful!
2025-03-12 15:55:15,668 - ui.password_manager.ui_table.table_password - INFO - SSH密码更新操作已记录到日志文件: logs\ssh_operations.log
2025-03-12 15:55:15,669 - ui.password_manager.ui_table.table_password - INFO - 批量SSH更新成功 - 行: 1, IP: 192.168.8.87, 用户: root, 项目: 测试1
2025-03-12 15:55:15,669 - ui.password_manager.ui_table.table_password - INFO - 显示SSH更新结果对话框: 成功 1/1, 失败 0/1
2025-03-12 15:56:51,932 - ui.password_manager.ui_table.table_password - INFO - 批量SSH更新完成: 成功 1/1 个，继续更新本地数据库
2025-03-12 15:56:51,933 - password - INFO - 尝试更新服务器密码 - 项目: 测试1, IP: 192.168.8.87, 用户: root
2025-03-12 15:56:51,967 - paramiko.transport - INFO - Connected (version 2.0, client OpenSSH_7.4)
2025-03-12 15:56:52,070 - paramiko.transport - INFO - Authentication (password) failed.
2025-03-12 15:56:52,072 - password - INFO - SSH密码更新操作已记录到日志文件: logs\ssh_operations.log
2025-03-12 15:56:52,074 - password - INFO - 更新所有者 徐国明 的密码记录成功
2025-03-12 15:56:52,074 - password - WARNING - 服务器密码更新失败，但本地密码已更新：连接或命令执行失败: Authentication failed.
2025-03-12 15:56:52,075 - ui.password_manager.ui_table.table_edit - INFO - 成功保存第1行数据: 测试1
2025-03-12 15:56:52,075 - ui.password_manager.ui_table.table_edit - ERROR - 批量确认编辑时出错: 'PasswordTable' object has no attribute '_remove_confirm_cancel_buttons'
2025-03-12 15:56:52,075 - ui.password_manager.ui_table.table_edit - INFO - 取消编辑 - 第1行: 测试1
2025-03-12 15:56:52,080 - ui.password_manager.ui_table.table_edit - INFO - 取消编辑完成，已恢复原始数据
2025-03-12 15:57:02,296 - ui.password_manager.ui_table.table_events - INFO - 右键菜单 - 当前行: 1, 当前列: 5, 选中行数: 1, 选中行: [1]
2025-03-12 15:57:02,296 - ui.password_manager.ui_table.table_events - INFO - 选中的密码单元格数量: 1
2025-03-12 15:57:14,448 - ui.password_manager.ui_table.table_events - INFO - 右键菜单 - 当前行: 1, 当前列: 3, 选中行数: 1, 选中行: [1]
2025-03-12 15:57:14,449 - ui.password_manager.ui_table.table_events - INFO - 选中的密码单元格数量: 0
2025-03-12 15:57:16,001 - ui.password_manager.ui_table.table_events - INFO - 右键菜单 - 当前行: 1, 当前列: 5, 选中行数: 1, 选中行: [1]
2025-03-12 15:57:16,002 - ui.password_manager.ui_table.table_events - INFO - 选中的密码单元格数量: 1
2025-03-12 15:57:17,513 - ui.password_manager.ui_table.table_password - INFO - 已为第1行生成32位随机密码 (服务器密码)
2025-03-12 15:57:17,513 - ui.password_manager.ui_table.table_password - INFO - 生成密码后一次性进入编辑模式 - 共 1 行
2025-03-12 15:57:17,523 - ui.password_manager.ui_table.table_password - INFO - 已为1个密码单元格生成32位随机密码
2025-03-12 15:57:19,241 - ui.password_manager.ui_table.table_edit - INFO - 开始确认编辑 - 第1行: 测试1
2025-03-12 15:57:19,241 - ui.password_manager.ui_table.table_edit - INFO - 批量编辑模式 - 一次性确认所有修改
2025-03-12 15:57:19,241 - ui.password_manager.ui_table.table_edit - INFO - 批量确认 1 行的编辑 - 开始处理
2025-03-12 15:57:19,242 - ui.password_manager.ui_table.table_edit - INFO - 批量确认项目: 测试1
2025-03-12 15:57:19,242 - ui.password_manager.ui_table.table_edit - INFO - 检查是否有需要SSH更新的密码
2025-03-12 15:57:19,242 - ui.password_manager.ui_table.table_password - INFO - 批量SSH更新: 开始检查 1 行数据
2025-03-12 15:57:19,243 - ui.password_manager.ui_table.table_password - INFO - 找到需要SSH更新的密码 - 行: 1, IP: 192.168.8.87, 用户: root, 项目: 测试1
2025-03-12 15:57:19,243 - ui.password_manager.ui_table.table_password - INFO - 批量SSH更新: 开始更新 1 个服务器密码
2025-03-12 15:57:19,243 - ui.password_manager.ui_table.table_password - INFO - 批量SSH更新: 开始更新 - 行: 1, IP: 192.168.8.87, 用户: root, 项目: 测试1
2025-03-12 15:57:19,284 - paramiko.transport - INFO - Connected (version 2.0, client OpenSSH_7.4)
2025-03-12 15:57:19,396 - paramiko.transport - INFO - Authentication (password) successful!
2025-03-12 15:57:31,693 - paramiko.transport - INFO - Connected (version 2.0, client OpenSSH_7.4)
2025-03-12 15:57:31,796 - paramiko.transport - INFO - Authentication (password) successful!
2025-03-12 15:57:31,897 - ui.password_manager.ui_table.table_password - INFO - SSH密码更新操作已记录到日志文件: logs\ssh_operations.log
2025-03-12 15:57:31,898 - ui.password_manager.ui_table.table_password - INFO - 批量SSH更新成功 - 行: 1, IP: 192.168.8.87, 用户: root, 项目: 测试1
2025-03-12 15:57:31,898 - ui.password_manager.ui_table.table_password - INFO - 显示SSH更新结果对话框: 成功 1/1, 失败 0/1
2025-03-12 15:57:48,882 - ui.password_manager.ui_table.table_password - INFO - 批量SSH更新完成: 成功 1/1 个，继续更新本地数据库
2025-03-12 15:57:48,882 - password - INFO - 尝试更新服务器密码 - 项目: 测试1, IP: 192.168.8.87, 用户: root
2025-03-12 15:57:48,912 - paramiko.transport - INFO - Connected (version 2.0, client OpenSSH_7.4)
2025-03-12 15:57:49,017 - paramiko.transport - INFO - Authentication (password) failed.
2025-03-12 15:57:49,018 - password - INFO - SSH密码更新操作已记录到日志文件: logs\ssh_operations.log
2025-03-12 15:57:49,022 - password - INFO - 更新所有者 徐国明 的密码记录成功
2025-03-12 15:57:49,022 - password - WARNING - 服务器密码更新失败，但本地密码已更新：连接或命令执行失败: Authentication failed.
2025-03-12 15:57:49,022 - ui.password_manager.ui_table.table_edit - INFO - 成功保存第1行数据: 测试1
2025-03-12 15:57:49,023 - ui.password_manager.ui_table.table_edit - ERROR - 批量确认编辑时出错: 'PasswordTable' object has no attribute '_remove_confirm_cancel_buttons'
2025-03-12 15:57:49,023 - ui.password_manager.ui_table.table_edit - INFO - 取消编辑 - 第1行: 测试1
2025-03-12 15:57:49,028 - ui.password_manager.ui_table.table_edit - INFO - 取消编辑完成，已恢复原始数据
2025-03-12 15:57:51,654 - ui.password_manager.ui_table.table_events - INFO - 右键菜单 - 当前行: 1, 当前列: 5, 选中行数: 1, 选中行: [1]
2025-03-12 15:57:51,655 - ui.password_manager.ui_table.table_events - INFO - 选中的密码单元格数量: 1
2025-03-12 16:03:19,974 - user - INFO - 用户已登出
2025-03-12 16:03:22,525 - root - INFO - 密码管理系统启动
2025-03-12 16:03:23,690 - user - INFO - 用户 admin 登录成功
2025-03-12 16:03:23,691 - login_ui - INFO - 用户 admin 登录成功
2025-03-12 16:03:23,692 - root - INFO - 用户 admin 登录成功，准备打开密码管理界面
2025-03-12 16:03:25,233 - ui.password_manager.ui_table.table_events - INFO - 右键菜单 - 当前行: 5, 当前列: 5, 选中行数: 2, 选中行: [4, 5]
2025-03-12 16:03:25,233 - ui.password_manager.ui_table.table_events - INFO - 选中的密码单元格数量: 2
2025-03-12 16:03:29,238 - ui.password_manager.ui_table.table_events - INFO - 右键菜单 - 当前行: 1, 当前列: 5, 选中行数: 2, 选中行: [1, 2]
2025-03-12 16:03:29,239 - ui.password_manager.ui_table.table_events - INFO - 选中的密码单元格数量: 2
2025-03-12 16:03:30,440 - ui.password_manager.ui_table.table_password - INFO - 已为第1行生成12位随机密码 (服务器密码)
2025-03-12 16:03:30,441 - ui.password_manager.ui_table.table_password - INFO - 已为第2行生成12位随机密码 (服务器密码)
2025-03-12 16:03:30,441 - ui.password_manager.ui_table.table_password - INFO - 生成密码后一次性进入编辑模式 - 共 2 行
2025-03-12 16:03:30,455 - ui.password_manager.ui_table.table_password - INFO - 已为2个密码单元格生成12位随机密码
2025-03-12 16:03:31,743 - ui.password_manager.ui_table.table_edit - INFO - 开始确认编辑 - 第1行: 测试1
2025-03-12 16:03:31,743 - ui.password_manager.ui_table.table_edit - INFO - 批量编辑模式 - 一次性确认所有修改
2025-03-12 16:03:31,744 - ui.password_manager.ui_table.table_edit - INFO - 批量确认 2 行的编辑 - 开始处理
2025-03-12 16:03:31,744 - ui.password_manager.ui_table.table_edit - INFO - 批量确认项目: 测试1、域控制器
2025-03-12 16:03:31,745 - ui.password_manager.ui_table.table_edit - INFO - 检查是否有需要SSH更新的密码
2025-03-12 16:03:31,745 - ui.password_manager.ui_table.table_password - INFO - 批量SSH更新: 开始检查 2 行数据
2025-03-12 16:03:31,746 - ui.password_manager.ui_table.table_password - INFO - 找到需要SSH更新的密码 - 行: 1, IP: 192.168.8.87, 用户: root, 项目: 测试1
2025-03-12 16:03:31,746 - ui.password_manager.ui_table.table_password - INFO - 找到需要SSH更新的密码 - 行: 2, IP: 190.126.81.41, 用户: root30, 项目: 域控制器
2025-03-12 16:03:31,746 - ui.password_manager.ui_table.table_password - INFO - 批量SSH更新: 开始更新 2 个服务器密码
2025-03-12 16:03:31,747 - ui.password_manager.ui_table.table_password - INFO - 批量SSH更新: 开始更新 - 行: 1, IP: 192.168.8.87, 用户: root, 项目: 测试1
2025-03-12 16:03:31,774 - paramiko.transport - INFO - Connected (version 2.0, client OpenSSH_7.4)
2025-03-12 16:03:31,874 - paramiko.transport - INFO - Authentication (password) successful!
2025-03-12 16:03:44,229 - paramiko.transport - INFO - Connected (version 2.0, client OpenSSH_7.4)
2025-03-12 16:03:44,619 - paramiko.transport - INFO - Authentication (password) successful!
2025-03-12 16:03:44,907 - ui.password_manager.ui_table.table_password - INFO - SSH密码更新操作已记录到日志文件: logs\ssh_operations.log
2025-03-12 16:03:44,908 - ui.password_manager.ui_table.table_password - INFO - 批量SSH更新成功 - 行: 1, IP: 192.168.8.87, 用户: root, 项目: 测试1
2025-03-12 16:03:44,908 - ui.password_manager.ui_table.table_password - INFO - 批量SSH更新: 开始更新 - 行: 2, IP: 190.126.81.41, 用户: root30, 项目: 域控制器
2025-03-12 16:03:54,916 - ui.password_manager.ui_table.table_password - INFO - SSH密码更新操作已记录到日志文件: logs\ssh_operations.log
2025-03-12 16:03:54,917 - ui.password_manager.ui_table.table_password - WARNING - 批量SSH更新失败 - 行: 2, IP: 190.126.81.41, 用户: root30, 项目: 域控制器, 错误: 连接或命令执行失败: timed out
2025-03-12 16:03:54,918 - ui.password_manager.ui_table.table_password - INFO - 已恢复第2行的原始密码
2025-03-12 16:03:54,918 - ui.password_manager.ui_table.table_password - INFO - 显示SSH更新结果对话框: 成功 1/2, 失败 1/2
2025-03-12 16:04:12,130 - ui.password_manager.ui_table.table_password - INFO - 批量SSH更新完成: 成功 1/2 个，继续更新本地数据库
2025-03-12 16:04:12,130 - password - INFO - 尝试更新服务器密码 - 项目: 测试1, IP: 192.168.8.87, 用户: root
2025-03-12 16:04:12,609 - paramiko.transport - INFO - Connected (version 2.0, client OpenSSH_7.4)
2025-03-12 16:04:13,490 - paramiko.transport - INFO - Authentication (password) failed.
2025-03-12 16:04:13,492 - password - INFO - SSH密码更新操作已记录到日志文件: logs\ssh_operations.log
2025-03-12 16:04:13,494 - password - INFO - 更新所有者 徐国明 的密码记录成功
2025-03-12 16:04:13,495 - password - WARNING - 服务器密码更新失败，但本地密码已更新：连接或命令执行失败: Authentication failed.
2025-03-12 16:04:13,495 - ui.password_manager.ui_table.table_edit - INFO - 成功保存第1行数据: 测试1
2025-03-12 16:04:13,497 - password - INFO - 更新所有者 徐国明 的密码记录成功
2025-03-12 16:04:13,498 - ui.password_manager.ui_table.table_edit - INFO - 成功保存第2行数据: 域控制器
2025-03-12 16:04:13,503 - ui.password_manager.ui_table.table_edit - INFO - 成功保存了 2/2 行数据
2025-03-12 16:04:20,019 - ui.password_manager.ui_table.table_edit - INFO - 批量确认 2 行的编辑 - 完成，成功 2 行，失败 0 行
2025-03-12 16:04:33,136 - ui.password_manager.ui_table.table_events - INFO - 右键菜单 - 当前行: 2, 当前列: 5, 选中行数: 2, 选中行: [1, 2]
2025-03-12 16:04:33,136 - ui.password_manager.ui_table.table_events - INFO - 选中的密码单元格数量: 2
2025-03-12 16:04:34,865 - ui.password_manager.ui_table.table_password - INFO - 已为第1行生成8位随机密码 (服务器密码)
2025-03-12 16:04:34,866 - ui.password_manager.ui_table.table_password - INFO - 已为第2行生成8位随机密码 (服务器密码)
2025-03-12 16:04:34,866 - ui.password_manager.ui_table.table_password - INFO - 生成密码后一次性进入编辑模式 - 共 2 行
2025-03-12 16:04:34,874 - ui.password_manager.ui_table.table_password - INFO - 已为2个密码单元格生成8位随机密码
2025-03-12 16:04:36,464 - ui.password_manager.ui_table.table_edit - INFO - 开始确认编辑 - 第1行: 测试1
2025-03-12 16:04:36,465 - ui.password_manager.ui_table.table_edit - INFO - 批量编辑模式 - 一次性确认所有修改
2025-03-12 16:04:36,465 - ui.password_manager.ui_table.table_edit - INFO - 批量确认 2 行的编辑 - 开始处理
2025-03-12 16:04:36,465 - ui.password_manager.ui_table.table_edit - INFO - 批量确认项目: 测试1、域控制器
2025-03-12 16:04:36,466 - ui.password_manager.ui_table.table_edit - INFO - 检查是否有需要SSH更新的密码
2025-03-12 16:04:36,466 - ui.password_manager.ui_table.table_password - INFO - 批量SSH更新: 开始检查 2 行数据
2025-03-12 16:04:36,466 - ui.password_manager.ui_table.table_password - INFO - 找到需要SSH更新的密码 - 行: 1, IP: 192.168.8.87, 用户: root, 项目: 测试1
2025-03-12 16:04:36,467 - ui.password_manager.ui_table.table_password - INFO - 找到需要SSH更新的密码 - 行: 2, IP: 190.126.81.41, 用户: root30, 项目: 域控制器
2025-03-12 16:04:36,467 - ui.password_manager.ui_table.table_password - INFO - 批量SSH更新: 开始更新 2 个服务器密码
2025-03-12 16:04:36,467 - ui.password_manager.ui_table.table_password - INFO - 批量SSH更新: 开始更新 - 行: 1, IP: 192.168.8.87, 用户: root, 项目: 测试1
2025-03-12 16:04:36,644 - paramiko.transport - INFO - Connected (version 2.0, client OpenSSH_7.4)
2025-03-12 16:04:36,775 - paramiko.transport - INFO - Authentication (password) successful!
2025-03-12 16:04:49,828 - paramiko.transport - INFO - Connected (version 2.0, client OpenSSH_7.4)
2025-03-12 16:04:49,967 - paramiko.transport - INFO - Authentication (password) successful!
2025-03-12 16:04:50,097 - ui.password_manager.ui_table.table_password - INFO - SSH密码更新操作已记录到日志文件: logs\ssh_operations.log
2025-03-12 16:04:50,097 - ui.password_manager.ui_table.table_password - INFO - 批量SSH更新成功 - 行: 1, IP: 192.168.8.87, 用户: root, 项目: 测试1
2025-03-12 16:04:50,098 - ui.password_manager.ui_table.table_password - INFO - 批量SSH更新: 开始更新 - 行: 2, IP: 190.126.81.41, 用户: root30, 项目: 域控制器
2025-03-12 16:05:00,105 - ui.password_manager.ui_table.table_password - INFO - SSH密码更新操作已记录到日志文件: logs\ssh_operations.log
2025-03-12 16:05:00,105 - ui.password_manager.ui_table.table_password - WARNING - 批量SSH更新失败 - 行: 2, IP: 190.126.81.41, 用户: root30, 项目: 域控制器, 错误: 连接或命令执行失败: timed out
2025-03-12 16:05:00,106 - ui.password_manager.ui_table.table_password - INFO - 已恢复第2行的原始密码
2025-03-12 16:05:00,106 - ui.password_manager.ui_table.table_password - INFO - 显示SSH更新结果对话框: 成功 1/2, 失败 1/2
2025-03-12 16:05:25,644 - ui.password_manager.ui_table.table_password - INFO - 批量SSH更新完成: 成功 1/2 个，继续更新本地数据库
2025-03-12 16:05:25,645 - password - INFO - 尝试更新服务器密码 - 项目: 测试1, IP: 192.168.8.87, 用户: root
2025-03-12 16:05:25,675 - paramiko.transport - INFO - Connected (version 2.0, client OpenSSH_7.4)
2025-03-12 16:05:25,795 - paramiko.transport - INFO - Authentication (password) failed.
2025-03-12 16:05:25,797 - password - INFO - SSH密码更新操作已记录到日志文件: logs\ssh_operations.log
2025-03-12 16:05:25,799 - password - INFO - 更新所有者 徐国明 的密码记录成功
2025-03-12 16:05:25,800 - password - WARNING - 服务器密码更新失败，但本地密码已更新：连接或命令执行失败: Authentication failed.
2025-03-12 16:05:25,800 - ui.password_manager.ui_table.table_edit - INFO - 成功保存第1行数据: 测试1
2025-03-12 16:05:25,802 - password - INFO - 更新所有者 徐国明 的密码记录成功
2025-03-12 16:05:25,802 - ui.password_manager.ui_table.table_edit - INFO - 成功保存第2行数据: 域控制器
2025-03-12 16:05:25,807 - ui.password_manager.ui_table.table_edit - INFO - 成功保存了 2/2 行数据
2025-03-12 16:05:27,535 - ui.password_manager.ui_table.table_edit - INFO - 批量确认 2 行的编辑 - 完成，成功 2 行，失败 0 行
2025-03-12 16:05:32,885 - ui.password_manager.ui_table.table_events - INFO - 右键菜单 - 当前行: 1, 当前列: 5, 选中行数: 1, 选中行: [1]
2025-03-12 16:05:32,886 - ui.password_manager.ui_table.table_events - INFO - 选中的密码单元格数量: 1
2025-03-12 16:07:42,224 - ui.password_manager.ui_table.table_events - INFO - 右键菜单 - 当前行: 1, 当前列: 5, 选中行数: 1, 选中行: [1]
2025-03-12 16:07:42,225 - ui.password_manager.ui_table.table_events - INFO - 选中的密码单元格数量: 1
2025-03-12 16:07:43,981 - ui.password_manager.ui_table.table_events - INFO - 右键菜单 - 当前行: 2, 当前列: 5, 选中行数: 2, 选中行: [1, 2]
2025-03-12 16:07:43,982 - ui.password_manager.ui_table.table_events - INFO - 选中的密码单元格数量: 2
2025-03-12 16:07:44,841 - ui.password_manager.ui_table.table_password - INFO - 已为第1行生成8位随机密码 (服务器密码)
2025-03-12 16:07:44,842 - ui.password_manager.ui_table.table_password - INFO - 已为第2行生成8位随机密码 (服务器密码)
2025-03-12 16:07:44,843 - ui.password_manager.ui_table.table_password - INFO - 生成密码后一次性进入编辑模式 - 共 2 行
2025-03-12 16:07:44,852 - ui.password_manager.ui_table.table_password - INFO - 已为2个密码单元格生成8位随机密码
2025-03-12 16:17:00,663 - ui.password_manager.ui_table.table_edit - INFO - 取消编辑 - 第1行: 测试1
2025-03-12 16:17:00,664 - ui.password_manager.ui_table.table_edit - INFO - 取消批量编辑 - 共2行
2025-03-12 16:17:00,664 - ui.password_manager.ui_table.table_edit - INFO - 取消批量编辑项目: 测试1、域控制器
2025-03-12 16:17:00,668 - ui.password_manager.ui_table.table_edit - INFO - 取消编辑完成，已恢复原始数据
2025-03-12 16:28:00,569 - user - INFO - 用户已登出
2025-03-12 16:28:04,235 - root - INFO - 密码管理系统启动
2025-03-12 16:28:05,688 - user - INFO - 用户 admin 登录成功
2025-03-12 16:28:05,689 - login_ui - INFO - 用户 admin 登录成功
2025-03-12 16:28:05,691 - root - INFO - 用户 admin 登录成功，准备打开密码管理界面
2025-03-12 16:28:07,972 - ui.password_manager.ui_table.table_events - INFO - 右键菜单 - 当前行: 2, 当前列: 5, 选中行数: 2, 选中行: [1, 2]
2025-03-12 16:28:07,973 - ui.password_manager.ui_table.table_events - INFO - 选中的密码单元格数量: 2
2025-03-12 16:28:08,807 - ui.password_manager.ui_table.table_password - INFO - 已为第1行生成8位随机密码 (服务器密码)
2025-03-12 16:28:08,807 - ui.password_manager.ui_table.table_password - INFO - 已为第2行生成8位随机密码 (服务器密码)
2025-03-12 16:28:08,808 - ui.password_manager.ui_table.table_password - INFO - 生成密码后一次性进入编辑模式 - 共 2 行
2025-03-12 16:28:08,808 - ui.password_manager.ui_table.table_password - INFO - 已为2个密码单元格生成8位随机密码
2025-03-12 16:28:57,399 - user - INFO - 用户已登出
2025-03-12 16:29:00,612 - root - INFO - 密码管理系统启动
2025-03-12 16:29:01,876 - user - INFO - 用户 admin 登录成功
2025-03-12 16:29:01,877 - login_ui - INFO - 用户 admin 登录成功
2025-03-12 16:29:01,878 - root - INFO - 用户 admin 登录成功，准备打开密码管理界面
2025-03-12 16:29:04,885 - ui.password_manager.ui_table.table_events - INFO - 右键菜单 - 当前行: 2, 当前列: 5, 选中行数: 2, 选中行: [1, 2]
2025-03-12 16:29:04,885 - ui.password_manager.ui_table.table_events - INFO - 选中的密码单元格数量: 2
2025-03-12 16:29:05,726 - ui.password_manager.ui_table.table_password - INFO - 已为第1行生成8位随机密码 (服务器密码)
2025-03-12 16:29:05,727 - ui.password_manager.ui_table.table_password - INFO - 已为第2行生成8位随机密码 (服务器密码)
2025-03-12 16:29:05,727 - ui.password_manager.ui_table.table_password - INFO - 生成密码后一次性进入编辑模式 - 共 2 行
2025-03-12 16:29:05,727 - ui.password_manager.ui_table.table_password - INFO - 已为2个密码单元格生成8位随机密码
2025-03-12 16:29:38,209 - user - INFO - 用户已登出
2025-03-12 16:29:40,399 - root - INFO - 密码管理系统启动
2025-03-12 16:29:41,432 - user - INFO - 用户 admin 登录成功
2025-03-12 16:29:41,432 - login_ui - INFO - 用户 admin 登录成功
2025-03-12 16:29:41,433 - root - INFO - 用户 admin 登录成功，准备打开密码管理界面
2025-03-12 16:29:42,371 - ui.password_manager.ui_table.table_events - INFO - 右键菜单 - 当前行: 1, 当前列: 5, 选中行数: 1, 选中行: [1]
2025-03-12 16:29:42,371 - ui.password_manager.ui_table.table_events - INFO - 选中的密码单元格数量: 1
2025-03-12 16:29:43,157 - ui.password_manager.ui_table.table_password - INFO - 已为第1行生成8位随机密码 (服务器密码)
2025-03-12 16:29:43,158 - ui.password_manager.ui_table.table_password - INFO - 生成密码后一次性进入编辑模式 - 共 1 行
2025-03-12 16:29:43,158 - ui.password_manager.ui_table.table_password - INFO - 已为1个密码单元格生成8位随机密码
2025-03-12 16:29:49,017 - user - INFO - 用户已登出
2025-03-12 16:33:44,317 - root - INFO - 密码管理系统启动
2025-03-12 16:33:45,388 - user - INFO - 用户 admin 登录成功
2025-03-12 16:33:45,388 - login_ui - INFO - 用户 admin 登录成功
2025-03-12 16:33:45,389 - root - INFO - 用户 admin 登录成功，准备打开密码管理界面
2025-03-12 16:33:46,684 - ui.password_manager.ui_table.table_events - INFO - 右键菜单 - 当前行: 1, 当前列: 5, 选中行数: 1, 选中行: [1]
2025-03-12 16:33:46,685 - ui.password_manager.ui_table.table_events - INFO - 选中的密码单元格数量: 1
2025-03-12 16:33:50,598 - ui.password_manager.ui_table.table_password - INFO - 已为第1行生成12位随机密码 (服务器密码)
2025-03-12 16:33:50,604 - ui.password_manager.ui_table.table_password - INFO - 生成密码后一次性进入编辑模式 - 共 1 行
2025-03-12 16:33:50,606 - ui.password_manager.ui_table.table_password - INFO - 已为1个密码单元格生成12位随机密码
2025-03-12 16:33:53,949 - ui.password_manager.ui_table.table_edit - INFO - 开始确认编辑 - 第1行: 测试1
2025-03-12 16:33:53,949 - ui.password_manager.ui_table.table_edit - INFO - 批量编辑模式 - 一次性确认所有修改
2025-03-12 16:33:53,950 - ui.password_manager.ui_table.table_edit - INFO - 批量确认 1 行的编辑 - 开始处理
2025-03-12 16:33:53,950 - ui.password_manager.ui_table.table_edit - INFO - 批量确认项目: 测试1
2025-03-12 16:33:53,950 - ui.password_manager.ui_table.table_edit - INFO - 检查是否有需要SSH更新的密码
2025-03-12 16:33:53,951 - ui.password_manager.ui_table.table_password - INFO - 批量SSH更新: 开始检查 1 行数据
2025-03-12 16:33:53,951 - ui.password_manager.ui_table.table_password - INFO - 找到需要SSH更新的密码 - 行: 1, IP: 192.168.8.87, 用户: root, 项目: 测试1
2025-03-12 16:33:53,951 - ui.password_manager.ui_table.table_password - INFO - 批量SSH更新: 开始更新 1 个服务器密码
2025-03-12 16:33:53,951 - ui.password_manager.ui_table.table_password - INFO - 批量SSH更新: 开始更新 - 行: 1, IP: 192.168.8.87, 用户: root, 项目: 测试1
2025-03-12 16:33:53,986 - paramiko.transport - INFO - Connected (version 2.0, client OpenSSH_7.4)
2025-03-12 16:33:54,097 - paramiko.transport - INFO - Authentication (password) successful!
2025-03-12 16:34:06,437 - paramiko.transport - INFO - Connected (version 2.0, client OpenSSH_7.4)
2025-03-12 16:34:06,541 - paramiko.transport - INFO - Authentication (password) successful!
2025-03-12 16:34:06,633 - ui.password_manager.ui_table.table_password - INFO - SSH密码更新操作已记录到日志文件: logs\ssh_operations.log
2025-03-12 16:34:06,634 - ui.password_manager.ui_table.table_password - INFO - 批量SSH更新成功 - 行: 1, IP: 192.168.8.87, 用户: root, 项目: 测试1
2025-03-12 16:34:06,634 - ui.password_manager.ui_table.table_password - INFO - 显示SSH更新结果对话框: 成功 1/1, 失败 0/1
2025-03-12 16:34:10,753 - ui.password_manager.ui_table.table_password - INFO - 批量SSH更新完成: 成功 1/1 个，继续更新本地数据库
2025-03-12 16:34:10,754 - password - INFO - 尝试更新服务器密码 - 项目: 测试1, IP: 192.168.8.87, 用户: root
2025-03-12 16:34:10,786 - paramiko.transport - INFO - Connected (version 2.0, client OpenSSH_7.4)
2025-03-12 16:34:10,907 - paramiko.transport - INFO - Authentication (password) failed.
2025-03-12 16:34:10,908 - password - INFO - SSH密码更新操作已记录到日志文件: logs\ssh_operations.log
2025-03-12 16:34:10,910 - password - INFO - 更新所有者 徐国明 的密码记录成功
2025-03-12 16:34:10,911 - password - WARNING - 服务器密码更新失败，但本地密码已更新：连接或命令执行失败: Authentication failed.
2025-03-12 16:34:10,911 - ui.password_manager.ui_table.table_edit - INFO - 成功保存第1行数据: 测试1
2025-03-12 16:34:10,915 - ui.password_manager.ui_table.table_edit - INFO - 成功保存了 1/1 行数据
2025-03-12 16:34:12,648 - ui.password_manager.ui_table.table_edit - INFO - 批量确认 1 行的编辑 - 完成，成功 1 行，失败 0 行
2025-03-12 16:34:18,275 - ui.password_manager.ui_table.table_events - INFO - 右键菜单 - 当前行: 3, 当前列: 5, 选中行数: 2, 选中行: [2, 3]
2025-03-12 16:34:18,276 - ui.password_manager.ui_table.table_events - INFO - 选中的密码单元格数量: 2
2025-03-12 16:34:19,451 - ui.password_manager.ui_table.table_password - INFO - 已为第2行生成12位随机密码 (服务器密码)
2025-03-12 16:34:19,453 - ui.password_manager.ui_table.table_password - INFO - 已为第3行生成12位随机密码 (服务器密码)
2025-03-12 16:34:19,454 - ui.password_manager.ui_table.table_password - INFO - 生成密码后一次性进入编辑模式 - 共 2 行
2025-03-12 16:34:19,456 - ui.password_manager.ui_table.table_password - INFO - 已为2个密码单元格生成12位随机密码
2025-03-12 16:34:22,238 - ui.password_manager.ui_table.table_edit - INFO - 开始确认编辑 - 第2行: 域控制器
2025-03-12 16:34:22,238 - ui.password_manager.ui_table.table_edit - INFO - 批量编辑模式 - 一次性确认所有修改
2025-03-12 16:34:22,238 - ui.password_manager.ui_table.table_edit - INFO - 批量确认 2 行的编辑 - 开始处理
2025-03-12 16:34:22,239 - ui.password_manager.ui_table.table_edit - INFO - 批量确认项目: 域控制器、互联网
2025-03-12 16:34:22,239 - ui.password_manager.ui_table.table_edit - INFO - 检查是否有需要SSH更新的密码
2025-03-12 16:34:22,239 - ui.password_manager.ui_table.table_password - INFO - 批量SSH更新: 开始检查 2 行数据
2025-03-12 16:34:22,240 - ui.password_manager.ui_table.table_password - INFO - 找到需要SSH更新的密码 - 行: 2, IP: 190.126.81.41, 用户: root30, 项目: 域控制器
2025-03-12 16:34:22,240 - ui.password_manager.ui_table.table_password - INFO - 找到需要SSH更新的密码 - 行: 3, IP: 15.85.163.224, 用户: admin286, 项目: 互联网
2025-03-12 16:34:22,240 - ui.password_manager.ui_table.table_password - INFO - 批量SSH更新: 开始更新 2 个服务器密码
2025-03-12 16:34:22,241 - ui.password_manager.ui_table.table_password - INFO - 批量SSH更新: 开始更新 - 行: 2, IP: 190.126.81.41, 用户: root30, 项目: 域控制器
2025-03-12 16:34:32,252 - ui.password_manager.ui_table.table_password - INFO - SSH密码更新操作已记录到日志文件: logs\ssh_operations.log
2025-03-12 16:34:32,253 - ui.password_manager.ui_table.table_password - WARNING - 批量SSH更新失败 - 行: 2, IP: 190.126.81.41, 用户: root30, 项目: 域控制器, 错误: 连接或命令执行失败: timed out
2025-03-12 16:34:32,253 - ui.password_manager.ui_table.table_password - INFO - 已恢复第2行的原始密码
2025-03-12 16:34:32,254 - ui.password_manager.ui_table.table_password - INFO - 批量SSH更新: 开始更新 - 行: 3, IP: 15.85.163.224, 用户: admin286, 项目: 互联网
2025-03-12 16:34:42,254 - ui.password_manager.ui_table.table_password - INFO - SSH密码更新操作已记录到日志文件: logs\ssh_operations.log
2025-03-12 16:34:42,255 - ui.password_manager.ui_table.table_password - WARNING - 批量SSH更新失败 - 行: 3, IP: 15.85.163.224, 用户: admin286, 项目: 互联网, 错误: 连接或命令执行失败: timed out
2025-03-12 16:34:42,255 - ui.password_manager.ui_table.table_password - INFO - 已恢复第3行的原始密码
2025-03-12 16:34:42,256 - ui.password_manager.ui_table.table_password - INFO - 显示SSH更新结果对话框: 成功 0/2, 失败 2/2
2025-03-12 16:34:47,353 - ui.password_manager.ui_table.table_password - WARNING - 批量SSH更新: 所有 2 个更新都失败，取消本地数据库更新
2025-03-12 16:34:47,355 - ui.password_manager.ui_table.table_edit - WARNING - SSH密码更新失败，取消本地数据库更新
2025-03-12 16:34:47,355 - ui.password_manager.ui_table.table_edit - INFO - 取消编辑 - 第2行: 域控制器
2025-03-12 16:34:47,363 - ui.password_manager.ui_table.table_edit - INFO - 取消编辑完成，已恢复原始数据
2025-03-12 16:34:47,364 - ui.password_manager.ui_table.table_edit - WARNING - 批量确认 2 行的编辑 - 由于SSH更新失败而取消
2025-03-12 16:34:51,291 - ui.password_manager.ui_table.table_events - INFO - 右键菜单 - 当前行: 3, 当前列: 5, 选中行数: 2, 选中行: [2, 3]
2025-03-12 16:34:51,291 - ui.password_manager.ui_table.table_events - INFO - 选中的密码单元格数量: 2
2025-03-12 16:34:52,572 - ui.password_manager.ui_table.table_password - INFO - 已为第2行生成12位随机密码 (服务器密码)
2025-03-12 16:34:52,576 - ui.password_manager.ui_table.table_password - INFO - 已为第3行生成12位随机密码 (服务器密码)
2025-03-12 16:34:52,577 - ui.password_manager.ui_table.table_password - INFO - 生成密码后一次性进入编辑模式 - 共 2 行
2025-03-12 16:34:52,578 - ui.password_manager.ui_table.table_password - INFO - 已为2个密码单元格生成12位随机密码
2025-03-12 16:34:54,981 - ui.password_manager.ui_table.table_edit - INFO - 取消编辑 - 第2行: 域控制器
2025-03-12 16:34:54,981 - ui.password_manager.ui_table.table_edit - INFO - 取消批量编辑 - 共2行
2025-03-12 16:34:54,982 - ui.password_manager.ui_table.table_edit - INFO - 取消批量编辑项目: 域控制器、互联网
2025-03-12 16:34:54,986 - ui.password_manager.ui_table.table_edit - INFO - 取消编辑完成，已恢复原始数据
2025-03-12 16:43:36,980 - root - INFO - 密码管理系统启动
2025-03-12 16:43:38,116 - user - INFO - 用户 admin 登录成功
2025-03-12 16:43:38,116 - login_ui - INFO - 用户 admin 登录成功
2025-03-12 16:43:38,117 - root - INFO - 用户 admin 登录成功，准备打开密码管理界面
2025-03-12 16:43:39,282 - ui.password_manager.ui_table.table_events - INFO - 右键菜单 - 当前行: 2, 当前列: 5, 选中行数: 1, 选中行: [2]
2025-03-12 16:43:39,283 - ui.password_manager.ui_table.table_events - INFO - 选中的密码单元格数量: 1
2025-03-12 16:43:41,258 - ui.password_manager.ui_table.table_events - INFO - 右键菜单 - 当前行: 12, 当前列: 5, 选中行数: 2, 选中行: [11, 12]
2025-03-12 16:43:41,258 - ui.password_manager.ui_table.table_events - INFO - 选中的密码单元格数量: 2
2025-03-12 16:43:42,005 - ui.password_manager.ui_table.table_password - INFO - 已为第11行生成8位随机密码 (服务器密码)
2025-03-12 16:43:42,011 - ui.password_manager.ui_table.table_password - INFO - 已为第12行生成8位随机密码 (服务器密码)
2025-03-12 16:43:42,013 - ui.password_manager.ui_table.table_password - INFO - 生成密码后一次性进入编辑模式 - 共 2 行
2025-03-12 16:43:42,014 - ui.password_manager.ui_table.table_password - INFO - 已为2个密码单元格生成8位随机密码
2025-03-12 16:43:44,244 - ui.password_manager.ui_table.table_edit - INFO - 开始确认编辑 - 第11行: Docker
2025-03-12 16:43:44,245 - ui.password_manager.ui_table.table_edit - INFO - 批量编辑模式 - 一次性确认所有修改
2025-03-12 16:43:44,245 - ui.password_manager.ui_table.table_edit - INFO - 批量确认 2 行的编辑 - 开始处理
2025-03-12 16:43:44,245 - ui.password_manager.ui_table.table_edit - INFO - 批量确认项目: Docker、内网
2025-03-12 16:43:44,246 - ui.password_manager.ui_table.table_edit - INFO - 检查是否有需要SSH更新的密码
2025-03-12 16:43:44,246 - ui.password_manager.ui_table.table_password - INFO - 批量SSH更新: 开始检查 2 行数据
2025-03-12 16:43:44,246 - ui.password_manager.ui_table.table_password - INFO - 找到需要SSH更新的密码 - 行: 11, IP: 124.251.69.137, 用户: admin703, 项目: Docker
2025-03-12 16:43:44,247 - ui.password_manager.ui_table.table_password - INFO - 找到需要SSH更新的密码 - 行: 12, IP: 23.168.211.196, 用户: sysadmin29, 项目: 内网
2025-03-12 16:43:44,247 - ui.password_manager.ui_table.table_password - INFO - 批量SSH更新: 开始更新 2 个服务器密码
2025-03-12 16:43:44,247 - ui.password_manager.ui_table.table_password - INFO - 批量SSH更新: 开始更新 - 行: 11, IP: 124.251.69.137, 用户: admin703, 项目: Docker
2025-03-12 16:43:54,252 - ui.password_manager.ui_table.table_password - INFO - SSH密码更新操作已记录到日志文件: logs\ssh_operations.log
2025-03-12 16:43:54,253 - ui.password_manager.ui_table.table_password - WARNING - 批量SSH更新失败 - 行: 11, IP: 124.251.69.137, 用户: admin703, 项目: Docker, 错误: 连接或命令执行失败: timed out
2025-03-12 16:43:54,253 - ui.password_manager.ui_table.table_password - INFO - 已恢复第11行的原始密码
2025-03-12 16:43:54,253 - ui.password_manager.ui_table.table_password - INFO - 批量SSH更新: 开始更新 - 行: 12, IP: 23.168.211.196, 用户: sysadmin29, 项目: 内网
2025-03-12 16:44:04,255 - ui.password_manager.ui_table.table_password - INFO - SSH密码更新操作已记录到日志文件: logs\ssh_operations.log
2025-03-12 16:44:04,256 - ui.password_manager.ui_table.table_password - WARNING - 批量SSH更新失败 - 行: 12, IP: 23.168.211.196, 用户: sysadmin29, 项目: 内网, 错误: 连接或命令执行失败: timed out
2025-03-12 16:44:04,256 - ui.password_manager.ui_table.table_password - INFO - 已恢复第12行的原始密码
2025-03-12 16:44:04,257 - ui.password_manager.ui_table.table_password - INFO - 显示SSH更新结果对话框: 成功 0/2, 失败 2/2
2025-03-12 16:44:11,082 - ui.password_manager.ui_table.table_password - WARNING - 批量SSH更新: 所有 2 个更新都失败，取消本地数据库更新
2025-03-12 16:44:11,084 - ui.password_manager.ui_table.table_edit - WARNING - SSH密码更新失败，取消本地数据库更新
2025-03-12 16:44:11,084 - ui.password_manager.ui_table.table_edit - INFO - 取消编辑 - 第11行: Docker
2025-03-12 16:44:11,091 - ui.password_manager.ui_table.table_edit - INFO - 取消编辑完成，已恢复原始数据
2025-03-12 16:44:11,092 - ui.password_manager.ui_table.table_edit - WARNING - 批量确认 2 行的编辑 - 由于SSH更新失败而取消
2025-03-12 16:44:13,857 - ui.password_manager.ui_table.table_events - INFO - 右键菜单 - 当前行: 3, 当前列: 5, 选中行数: 2, 选中行: [2, 3]
2025-03-12 16:44:13,858 - ui.password_manager.ui_table.table_events - INFO - 选中的密码单元格数量: 2
2025-03-12 16:44:15,026 - ui.password_manager.ui_table.table_password - INFO - 已为第2行生成16位随机密码 (服务器密码)
2025-03-12 16:44:15,028 - ui.password_manager.ui_table.table_password - INFO - 已为第3行生成16位随机密码 (服务器密码)
2025-03-12 16:44:15,029 - ui.password_manager.ui_table.table_password - INFO - 生成密码后一次性进入编辑模式 - 共 2 行
2025-03-12 16:44:15,030 - ui.password_manager.ui_table.table_password - INFO - 已为2个密码单元格生成16位随机密码
2025-03-12 16:44:17,106 - ui.password_manager.ui_table.table_edit - INFO - 取消编辑 - 第2行: 域控制器
2025-03-12 16:44:17,106 - ui.password_manager.ui_table.table_edit - INFO - 取消批量编辑 - 共2行
2025-03-12 16:44:17,107 - ui.password_manager.ui_table.table_edit - INFO - 取消批量编辑项目: 域控制器、互联网
2025-03-12 16:44:17,110 - ui.password_manager.ui_table.table_edit - INFO - 取消编辑完成，已恢复原始数据
2025-03-12 16:44:39,694 - user - INFO - 用户已登出
2025-03-12 16:53:53,654 - root - INFO - 密码管理系统启动
2025-03-12 16:53:55,019 - user - INFO - 用户 admin 登录成功
2025-03-12 16:53:55,020 - login_ui - INFO - 用户 admin 登录成功
2025-03-12 16:53:55,021 - root - INFO - 用户 admin 登录成功，准备打开密码管理界面
2025-03-12 16:53:57,881 - ui.password_manager.ui_table.table_events - INFO - 右键菜单 - 当前行: 3, 当前列: 5, 选中行数: 2, 选中行: [2, 3]
2025-03-12 16:53:57,882 - ui.password_manager.ui_table.table_events - INFO - 选中的密码单元格数量: 2
2025-03-12 16:53:58,746 - ui.password_manager.ui_table.table_password - INFO - 已为第2行生成12位随机密码 (服务器密码)
2025-03-12 16:53:58,747 - ui.password_manager.ui_table.table_password - INFO - 已为第3行生成12位随机密码 (服务器密码)
2025-03-12 16:53:58,748 - ui.password_manager.ui_table.table_password - INFO - 生成密码后一次性进入编辑模式 - 共 2 行
2025-03-12 16:53:58,755 - ui.password_manager.ui_table.table_password - INFO - 已为2个密码单元格生成12位随机密码
2025-03-12 16:54:01,243 - ui.password_manager.ui_table.table_edit - INFO - 开始确认编辑 - 第3行: 互联网
2025-03-12 16:54:01,244 - ui.password_manager.ui_table.table_edit - INFO - 批量编辑模式 - 一次性确认所有修改
2025-03-12 16:54:01,244 - ui.password_manager.ui_table.table_edit - INFO - 批量确认 2 行的编辑 - 开始处理
2025-03-12 16:54:01,245 - ui.password_manager.ui_table.table_edit - INFO - 批量确认项目: 域控制器、互联网
2025-03-12 16:54:01,245 - ui.password_manager.ui_table.table_edit - INFO - 检查是否有需要SSH更新的密码
2025-03-12 16:54:01,245 - ui.password_manager.ui_table.table_password - INFO - 批量SSH更新: 开始检查 2 行数据
2025-03-12 16:54:01,245 - ui.password_manager.ui_table.table_password - INFO - 找到需要SSH更新的密码 - 行: 2, IP: 190.126.81.41, 用户: root30, 项目: 域控制器
2025-03-12 16:54:01,246 - ui.password_manager.ui_table.table_password - INFO - 找到需要SSH更新的密码 - 行: 3, IP: 15.85.163.224, 用户: admin286, 项目: 互联网
2025-03-12 16:54:01,246 - ui.password_manager.ui_table.table_password - INFO - 批量SSH更新: 开始更新 2 个服务器密码
2025-03-12 16:54:01,246 - ui.password_manager.ui_table.table_password - INFO - 批量SSH更新: 开始更新 - 行: 2, IP: 190.126.81.41, 用户: root30, 项目: 域控制器
2025-03-12 16:54:11,263 - ui.password_manager.ui_table.table_password - INFO - SSH密码更新操作已记录到日志文件: logs\ssh_operations.log
2025-03-12 16:54:11,264 - ui.password_manager.ui_table.table_password - WARNING - 批量SSH更新失败 - 行: 2, IP: 190.126.81.41, 用户: root30, 项目: 域控制器, 错误: 连接或命令执行失败: timed out
2025-03-12 16:54:11,264 - ui.password_manager.ui_table.table_password - INFO - 已恢复第2行的原始密码
2025-03-12 16:54:11,265 - ui.password_manager.ui_table.table_password - INFO - 批量SSH更新: 开始更新 - 行: 3, IP: 15.85.163.224, 用户: admin286, 项目: 互联网
2025-03-12 16:54:21,274 - ui.password_manager.ui_table.table_password - INFO - SSH密码更新操作已记录到日志文件: logs\ssh_operations.log
2025-03-12 16:54:21,274 - ui.password_manager.ui_table.table_password - WARNING - 批量SSH更新失败 - 行: 3, IP: 15.85.163.224, 用户: admin286, 项目: 互联网, 错误: 连接或命令执行失败: timed out
2025-03-12 16:54:21,275 - ui.password_manager.ui_table.table_password - INFO - 已恢复第3行的原始密码
2025-03-12 16:54:21,275 - ui.password_manager.ui_table.table_password - INFO - 显示SSH更新结果对话框: 成功 0/2, 失败 2/2
2025-03-12 16:54:30,561 - ui.password_manager.ui_table.table_password - WARNING - 批量SSH更新: 所有 2 个更新都失败，取消本地数据库更新
2025-03-12 16:54:30,561 - ui.password_manager.ui_table.table_edit - WARNING - SSH密码更新失败，取消本地数据库更新
2025-03-12 16:54:30,562 - ui.password_manager.ui_table.table_edit - INFO - 取消编辑 - 第3行: 互联网
2025-03-12 16:54:30,580 - ui.password_manager.ui_table.table_edit - INFO - 取消编辑完成，已恢复原始数据
2025-03-12 16:54:30,580 - ui.password_manager.ui_table.table_edit - WARNING - 批量确认 2 行的编辑 - 由于SSH更新失败而取消
