2025-05-14 10:09:10,614 - root - INFO - 密码管理系统启动
2025-05-14 10:09:10,615 - root - INFO - 初始化用户设置模块...
2025-05-14 10:09:10,615 - root - INFO - 用户设置模块已初始化
2025-05-14 10:09:10,875 - core.user - INFO - 成功加载用户 admin 的登录凭证
2025-05-14 10:09:12,514 - core.user - INFO - 用户 admin 登录成功
2025-05-14 10:09:12,516 - ui.login.login_ui - INFO - 用户 admin 登录成功
2025-05-14 10:09:12,549 - core.db_manager - INFO - 批量执行SQL成功，共执行 1 条命令
2025-05-14 10:09:12,587 - core.user - INFO - 成功保存用户 admin 的登录凭证
2025-05-14 10:09:12,587 - root - INFO - 用户 admin 登录成功，准备打开密码管理界面
2025-05-14 10:09:12,634 - core.user_settings - INFO - 已切换到用户 admin 的设置
2025-05-14 10:09:12,700 - ui.password_manager.ui_table.base_table - INFO - 已设置必填字段自定义委托
2025-05-14 10:09:13,553 - ui.password_manager.password_manager_ui - INFO - Excel依赖已安装
2025-05-14 10:09:14,697 - ui.password_manager.password_manager_ui - INFO - 检查main_features引导状态: 已完成
2025-05-14 10:09:14,698 - ui.password_manager.ui_guide - INFO - 检查引导 main_features 是否已完成: True
2025-05-14 10:09:14,698 - ui.password_manager.ui_guide - INFO - 当前是否强制显示引导: False
2025-05-14 10:09:14,698 - ui.password_manager.ui_guide - INFO - 用户已完成引导: main_features，跳过显示
2025-05-14 10:09:14,699 - ui.password_manager.password_manager_ui - INFO - 启动main_features引导结果: 失败或已跳过
2025-05-14 10:11:04,666 - ui.password_manager.ui_table.table_events - INFO - 右键菜单 - 当前行: 1, 当前列: 5, 选中行数: 1, 选中行: [1]
2025-05-14 10:11:04,667 - ui.password_manager.ui_table.table_events - INFO - 选中的密码单元格数量: 1
2025-05-14 10:11:04,668 - ui.password_manager.ui_table.table_events - INFO - 准备添加'添加行'子菜单 (选中行数: 1)
2025-05-14 10:11:04,668 - ui.password_manager.ui_table.table_events - INFO - 已添加'添加行'子菜单，包含上方、下方和末尾三个选项
2025-05-14 10:11:04,669 - ui.password_manager.ui_table.table_events - INFO - 已添加'编辑行'选项
2025-05-14 10:11:04,669 - ui.password_manager.ui_table.table_events - INFO - 已添加'查看历史密码修改记录'选项
2025-05-14 10:11:08,520 - ui.password_manager.ui_table.table_password - WARNING - 无法获取行 0 的真实索引，将使用表格行索引作为备选
2025-05-14 10:11:08,521 - ui.password_manager.ui_table.table_password - INFO - 在非搜索模式下使用当前行索引 0 作为真实索引
2025-05-14 10:11:08,756 - core.db_manager - INFO - 批量执行SQL成功，共执行 1 条命令
2025-05-14 10:11:20,396 - core.db_manager - INFO - 批量执行SQL成功，共执行 1 条命令
2025-05-14 10:11:24,665 - ui.password_manager.ui_table.table_password - INFO - 密码更新对话框返回确认结果，刷新表格显示更新后的密码
2025-05-14 10:11:25,466 - core.db_manager - INFO - 批量执行SQL成功，共执行 1 条命令
2025-05-14 10:41:20,024 - ui.password_manager.ui_table.table_events - INFO - 右键菜单 - 当前行: 4, 当前列: 2, 选中行数: 1, 选中行: [4]
2025-05-14 10:41:20,024 - ui.password_manager.ui_table.table_events - INFO - 选中的密码单元格数量: 0
2025-05-14 10:41:20,025 - ui.password_manager.ui_table.table_events - INFO - 准备添加'添加行'子菜单 (选中行数: 1)
2025-05-14 10:41:20,025 - ui.password_manager.ui_table.table_events - INFO - 已添加'添加行'子菜单，包含上方、下方和末尾三个选项
2025-05-14 10:41:20,026 - ui.password_manager.ui_table.table_events - INFO - 已添加'编辑行'选项
2025-05-14 10:41:20,026 - ui.password_manager.ui_table.table_events - INFO - 已添加'查看历史密码修改记录'选项
2025-05-14 10:50:38,796 - core.user - INFO - 用户已登出
2025-05-14 10:50:43,087 - root - INFO - 密码管理系统启动
2025-05-14 10:50:43,087 - root - INFO - 初始化用户设置模块...
2025-05-14 10:50:43,087 - root - INFO - 用户设置模块已初始化
2025-05-14 10:50:43,177 - core.user - INFO - 成功加载用户 admin 的登录凭证
2025-05-14 10:50:44,778 - core.user - INFO - 用户 admin 登录成功
2025-05-14 10:50:44,779 - ui.login.login_ui - INFO - 用户 admin 登录成功
2025-05-14 10:50:44,812 - core.db_manager - INFO - 批量执行SQL成功，共执行 1 条命令
2025-05-14 10:50:44,857 - core.user - INFO - 成功保存用户 admin 的登录凭证
2025-05-14 10:50:44,858 - root - INFO - 用户 admin 登录成功，准备打开密码管理界面
2025-05-14 10:50:44,899 - core.user_settings - INFO - 已切换到用户 admin 的设置
2025-05-14 10:50:44,927 - ui.password_manager.ui_table.base_table - INFO - 已设置必填字段自定义委托
2025-05-14 10:50:45,466 - ui.password_manager.password_manager_ui - INFO - Excel依赖已安装
2025-05-14 10:50:46,592 - ui.password_manager.password_manager_ui - INFO - 检查main_features引导状态: 已完成
2025-05-14 10:50:46,593 - ui.password_manager.ui_guide - INFO - 检查引导 main_features 是否已完成: True
2025-05-14 10:50:46,593 - ui.password_manager.ui_guide - INFO - 当前是否强制显示引导: False
2025-05-14 10:50:46,593 - ui.password_manager.ui_guide - INFO - 用户已完成引导: main_features，跳过显示
2025-05-14 10:50:46,594 - ui.password_manager.password_manager_ui - INFO - 启动main_features引导结果: 已跳过
2025-05-14 10:50:57,231 - ui.password_manager.ui_table.table_events - INFO - 右键菜单 - 当前行: 2, 当前列: 5, 选中行数: 1, 选中行: [2]
2025-05-14 10:50:57,232 - ui.password_manager.ui_table.table_events - INFO - 选中的密码单元格数量: 1
2025-05-14 10:50:57,232 - ui.password_manager.ui_table.table_events - INFO - 准备添加'添加行'子菜单 (选中行数: 1)
2025-05-14 10:50:57,233 - ui.password_manager.ui_table.table_events - INFO - 已添加'添加行'子菜单，包含上方、下方和末尾三个选项
2025-05-14 10:50:57,234 - ui.password_manager.ui_table.table_events - INFO - 已添加'编辑行'选项
2025-05-14 10:50:57,234 - ui.password_manager.ui_table.table_events - INFO - 已添加'查看历史密码修改记录'选项
2025-05-14 10:50:58,797 - ui.password_manager.ui_table.table_events - INFO - 右键菜单 - 当前行: 2, 当前列: 5, 选中行数: 1, 选中行: [2]
2025-05-14 10:50:58,797 - ui.password_manager.ui_table.table_events - INFO - 选中的密码单元格数量: 1
2025-05-14 10:50:58,798 - ui.password_manager.ui_table.table_events - INFO - 准备添加'添加行'子菜单 (选中行数: 1)
2025-05-14 10:50:58,798 - ui.password_manager.ui_table.table_events - INFO - 已添加'添加行'子菜单，包含上方、下方和末尾三个选项
2025-05-14 10:50:58,799 - ui.password_manager.ui_table.table_events - INFO - 已添加'编辑行'选项
2025-05-14 10:50:58,799 - ui.password_manager.ui_table.table_events - INFO - 已添加'查看历史密码修改记录'选项
