2025-04-22 09:49:42,723 - root - INFO - 密码管理系统启动
2025-04-22 09:49:42,724 - root - INFO - 初始化用户设置模块...
2025-04-22 09:49:42,724 - root - INFO - 用户设置模块已初始化
2025-04-22 09:49:42,883 - core.user - INFO - 成功加载用户 admin 的登录凭证
2025-04-22 09:49:47,973 - core.user - INFO - 用户 admin 登录成功
2025-04-22 09:49:47,975 - ui.login.login_ui - INFO - 用户 admin 登录成功
2025-04-22 09:49:48,103 - core.user - INFO - 成功保存用户 admin 的登录凭证
2025-04-22 09:49:48,104 - root - INFO - 用户 admin 登录成功，准备打开密码管理界面
2025-04-22 09:49:48,194 - ui.password_manager.ui_table.base_table - INFO - 已设置必填字段自定义委托
2025-04-22 09:49:49,052 - ui.password_manager.password_manager_ui - INFO - Excel依赖已安装
2025-04-22 09:49:50,144 - ui.password_manager.ui_guide - INFO - 用户已完成引导: main_features，跳过显示
2025-04-22 09:50:02,365 - ui.password_manager.ui_table.table_events - INFO - 右键菜单 - 当前行: 1, 当前列: 5, 选中行数: 1, 选中行: [1]
2025-04-22 09:50:02,365 - ui.password_manager.ui_table.table_events - INFO - 选中的密码单元格数量: 1
2025-04-22 09:50:02,366 - ui.password_manager.ui_table.table_events - INFO - 准备添加'添加行'子菜单 (选中行数: 1)
2025-04-22 09:50:02,367 - ui.password_manager.ui_table.table_events - INFO - 已添加'添加行'子菜单，包含上方、下方和末尾三个选项
2025-04-22 09:50:02,367 - ui.password_manager.ui_table.table_events - INFO - 已添加'编辑行'选项
2025-04-22 09:50:02,367 - ui.password_manager.ui_table.table_events - INFO - 已添加'查看历史密码修改记录'选项
2025-04-22 09:50:35,507 - ui.password_manager.ui_table.table_events - INFO - 右键菜单 - 当前行: 10, 当前列: 5, 选中行数: 1, 选中行: [10]
2025-04-22 09:50:35,508 - ui.password_manager.ui_table.table_events - INFO - 选中的密码单元格数量: 1
2025-04-22 09:50:35,508 - ui.password_manager.ui_table.table_events - INFO - 准备添加'添加行'子菜单 (选中行数: 1)
2025-04-22 09:50:35,509 - ui.password_manager.ui_table.table_events - INFO - 已添加'添加行'子菜单，包含上方、下方和末尾三个选项
2025-04-22 09:50:35,509 - ui.password_manager.ui_table.table_events - INFO - 已添加'编辑行'选项
2025-04-22 09:50:35,509 - ui.password_manager.ui_table.table_events - INFO - 已添加'查看历史密码修改记录'选项
2025-04-22 09:50:36,678 - ui.password_manager.ui_table.table_edit - INFO - 开始编辑行 10
2025-04-22 09:50:36,688 - ui.password_manager.ui_table.table_edit - INFO - 已成功进入行 10 的编辑模式
2025-04-22 09:50:39,555 - ui.password_manager.ui_table.table_edit - INFO - 确认编辑 - 第10行
2025-04-22 09:50:39,618 - ui.password_manager.ui_table.table_edit - INFO - 后台线程：编辑现有记录 9
2025-04-22 09:50:39,619 - ui.password_manager.ui_table.table_edit - INFO - 通过原始数据比较找到匹配记录，真实索引: 9
2025-04-22 09:50:39,620 - ui.password_manager.ui_table.table_edit - INFO - 后台线程：更新记录：所有者=徐国明, 真实索引=9
2025-04-22 09:50:39,620 - core.password - INFO - 更新密码记录 - 所有者: 徐国明, 索引: 9, 项目: 生产环境, 跳过服务器同步: 是
2025-04-22 09:50:39,620 - core.password - INFO - 跳过SSH密码更新步骤 - 项目: 生产环境
2025-04-22 09:50:40,634 - core.password - INFO - 更新所有者 徐国明 的密码记录成功 (跳过服务器同步)
2025-04-22 09:50:40,634 - ui.password_manager.ui_table.table_edit - INFO - 后台保存操作耗时: 1.016秒
2025-04-22 09:50:40,637 - ui.password_manager.ui_table.table_edit - INFO - 对话框已显示 1.08 秒，立即更新
2025-04-22 09:50:40,638 - ui.password_manager.ui_table.table_edit - INFO - 更新对话框内容为保存成功状态
2025-04-22 09:50:40,643 - ui.password_manager.ui_table.table_edit - INFO - 对话框已成功更新为完成状态
2025-04-22 09:50:43,641 - ui.password_manager.ui_table.table_edit - WARNING - 强制关闭对话框
2025-04-22 09:50:43,645 - ui.password_manager.ui_table.table_edit - INFO - 编辑成功
2025-04-22 09:50:43,646 - ui.password_manager.ui_table.table_edit - INFO - 重新加载所有密码数据
2025-04-22 09:50:43,691 - ui.password_manager.ui_table.table_edit - INFO - 编辑操作完成，已恢复表格选择模式
2025-04-22 09:50:43,691 - ui.password_manager.ui_table.table_edit - INFO - 已完成 编辑 操作的清理
2025-04-22 09:51:42,833 - core.db_manager - INFO - 预创建连接成功，当前连接池大小: 1
2025-04-22 09:51:42,994 - core.db_manager - INFO - 预创建连接成功，当前连接池大小: 2
2025-04-22 09:51:43,153 - core.db_manager - INFO - 预创建连接成功，当前连接池大小: 3
2025-04-22 09:51:43,314 - core.db_manager - INFO - 预创建连接成功，当前连接池大小: 4
2025-04-22 09:51:43,474 - core.db_manager - INFO - 预创建连接成功，当前连接池大小: 5
2025-04-22 09:51:43,634 - core.db_manager - INFO - 预创建连接成功，当前连接池大小: 6
2025-04-22 09:51:43,794 - core.db_manager - INFO - 预创建连接成功，当前连接池大小: 7
2025-04-22 09:51:43,953 - core.db_manager - INFO - 预创建连接成功，当前连接池大小: 8
2025-04-22 09:53:14,420 - ui.password_manager.ui_table.table_events - INFO - 右键菜单 - 当前行: 7, 当前列: 5, 选中行数: 1, 选中行: [7]
2025-04-22 09:53:14,421 - ui.password_manager.ui_table.table_events - INFO - 选中的密码单元格数量: 1
2025-04-22 09:53:14,421 - ui.password_manager.ui_table.table_events - INFO - 准备添加'添加行'子菜单 (选中行数: 1)
2025-04-22 09:53:14,422 - ui.password_manager.ui_table.table_events - INFO - 已添加'添加行'子菜单，包含上方、下方和末尾三个选项
2025-04-22 09:53:14,422 - ui.password_manager.ui_table.table_events - INFO - 已添加'编辑行'选项
2025-04-22 09:53:14,422 - ui.password_manager.ui_table.table_events - INFO - 已添加'查看历史密码修改记录'选项
2025-04-22 09:53:16,851 - ui.password_manager.ui_table.table_events - INFO - 右键菜单 - 当前行: 13, 当前列: 5, 选中行数: 1, 选中行: [13]
2025-04-22 09:53:16,852 - ui.password_manager.ui_table.table_events - INFO - 选中的密码单元格数量: 1
2025-04-22 09:53:16,852 - ui.password_manager.ui_table.table_events - INFO - 准备添加'添加行'子菜单 (选中行数: 1)
2025-04-22 09:53:16,853 - ui.password_manager.ui_table.table_events - INFO - 已添加'添加行'子菜单，包含上方、下方和末尾三个选项
2025-04-22 09:53:16,853 - ui.password_manager.ui_table.table_events - INFO - 已添加'编辑行'选项
2025-04-22 09:53:16,853 - ui.password_manager.ui_table.table_events - INFO - 已添加'查看历史密码修改记录'选项
2025-04-22 09:53:18,030 - ui.password_manager.ui_table.table_edit - INFO - 开始编辑行 13
2025-04-22 09:53:18,037 - ui.password_manager.ui_table.table_edit - INFO - 已成功进入行 13 的编辑模式
2025-04-22 09:53:20,252 - ui.password_manager.ui_table.table_edit - INFO - 确认编辑 - 第13行
2025-04-22 09:53:20,325 - ui.password_manager.ui_table.table_edit - INFO - 后台线程：编辑现有记录 12
2025-04-22 09:53:20,326 - ui.password_manager.ui_table.table_edit - INFO - 通过原始数据比较找到匹配记录，真实索引: 16
2025-04-22 09:53:20,326 - ui.password_manager.ui_table.table_edit - INFO - 后台线程：更新记录：所有者=高文彬, 真实索引=16
2025-04-22 09:53:20,327 - core.password - INFO - 更新密码记录 - 所有者: 高文彬, 索引: 16, 项目: 监控平台, 跳过服务器同步: 是
2025-04-22 09:53:20,328 - core.password - INFO - 跳过SSH密码更新步骤 - 项目: 监控平台
2025-04-22 09:53:20,505 - core.db_manager - INFO - 预创建连接成功，当前连接池大小: 1
2025-04-22 09:53:20,787 - core.db_manager - INFO - 预创建连接成功，当前连接池大小: 2
2025-04-22 09:53:20,969 - core.db_manager - INFO - 预创建连接成功，当前连接池大小: 3
2025-04-22 09:53:21,134 - core.db_manager - INFO - 预创建连接成功，当前连接池大小: 4
2025-04-22 09:53:21,414 - core.db_manager - INFO - 预创建连接成功，当前连接池大小: 5
2025-04-22 09:53:21,618 - core.db_manager - INFO - 预创建连接成功，当前连接池大小: 6
2025-04-22 09:53:21,822 - core.db_manager - INFO - 预创建连接成功，当前连接池大小: 7
2025-04-22 09:53:22,005 - core.db_manager - INFO - 预创建连接成功，当前连接池大小: 8
2025-04-22 09:53:23,749 - core.password - INFO - 更新所有者 高文彬 的密码记录成功 (跳过服务器同步)
2025-04-22 09:53:23,750 - ui.password_manager.ui_table.table_edit - INFO - 后台保存操作耗时: 3.425秒
2025-04-22 09:53:23,751 - ui.password_manager.ui_table.table_edit - INFO - 对话框已显示 3.50 秒，立即更新
2025-04-22 09:53:23,751 - ui.password_manager.ui_table.table_edit - INFO - 更新对话框内容为保存成功状态
2025-04-22 09:53:23,753 - ui.password_manager.ui_table.table_edit - INFO - 对话框已成功更新为完成状态
2025-04-22 09:53:25,332 - ui.password_manager.ui_table.table_edit - WARNING - 触发备用关闭对话框机制，强制关闭对话框
2025-04-22 09:53:25,335 - ui.password_manager.ui_table.table_edit - INFO - 编辑成功
2025-04-22 09:53:25,336 - ui.password_manager.ui_table.table_edit - INFO - 重新加载所有密码数据
2025-04-22 09:53:25,404 - ui.password_manager.ui_table.table_edit - INFO - 编辑操作完成，已恢复表格选择模式
2025-04-22 09:53:25,404 - ui.password_manager.ui_table.table_edit - INFO - 已完成 编辑 操作的清理
2025-04-22 09:53:25,405 - ui.password_manager.ui_table.table_edit - INFO - 重新加载所有密码数据
2025-04-22 09:53:25,427 - ui.password_manager.ui_table.table_edit - INFO - 编辑操作完成，已恢复表格选择模式
2025-04-22 09:53:26,749 - ui.password_manager.ui_table.table_edit - WARNING - 强制关闭对话框
2025-04-22 09:53:26,749 - ui.password_manager.ui_table.table_edit - INFO - 编辑成功
2025-04-22 09:53:26,750 - ui.password_manager.ui_table.table_edit - INFO - 重新加载所有密码数据
2025-04-22 09:53:26,781 - ui.password_manager.ui_table.table_edit - INFO - 编辑操作完成，已恢复表格选择模式
2025-04-22 09:53:26,782 - ui.password_manager.ui_table.table_edit - INFO - 已完成 编辑 操作的清理
2025-04-22 09:55:49,587 - ui.password_manager.ui_table.table_events - INFO - 右键菜单 - 当前行: 13, 当前列: 6, 选中行数: 1, 选中行: [13]
2025-04-22 09:55:49,587 - ui.password_manager.ui_table.table_events - INFO - 选中的密码单元格数量: 0
2025-04-22 09:55:49,588 - ui.password_manager.ui_table.table_events - INFO - 准备添加'添加行'子菜单 (选中行数: 1)
2025-04-22 09:55:49,588 - ui.password_manager.ui_table.table_events - INFO - 已添加'添加行'子菜单，包含上方、下方和末尾三个选项
2025-04-22 09:55:49,589 - ui.password_manager.ui_table.table_events - INFO - 已添加'编辑行'选项
2025-04-22 09:55:49,589 - ui.password_manager.ui_table.table_events - INFO - 已添加'查看历史密码修改记录'选项
2025-04-22 09:55:50,396 - ui.password_manager.ui_table.table_edit - INFO - 开始编辑行 13
2025-04-22 09:55:50,402 - ui.password_manager.ui_table.table_edit - INFO - 已成功进入行 13 的编辑模式
2025-04-22 09:55:54,883 - ui.password_manager.ui_table.table_edit - INFO - 确认编辑 - 第13行
2025-04-22 09:55:54,959 - ui.password_manager.ui_table.table_edit - INFO - 后台线程：编辑现有记录 12
2025-04-22 09:55:54,960 - ui.password_manager.ui_table.table_edit - INFO - 通过原始数据比较找到匹配记录，真实索引: 16
2025-04-22 09:55:54,961 - ui.password_manager.ui_table.table_edit - INFO - 后台线程：更新记录：所有者=高文彬, 真实索引=16
2025-04-22 09:55:54,962 - core.password - INFO - 更新密码记录 - 所有者: 高文彬, 索引: 16, 项目: 监控平台, 跳过服务器同步: 是
2025-04-22 09:55:54,962 - core.password - INFO - 跳过SSH密码更新步骤 - 项目: 监控平台
2025-04-22 09:55:56,480 - core.password - INFO - 更新所有者 高文彬 的密码记录成功 (跳过服务器同步)
2025-04-22 09:55:56,481 - ui.password_manager.ui_table.table_edit - INFO - 后台保存操作耗时: 1.522秒
2025-04-22 09:55:56,481 - ui.password_manager.ui_table.table_edit - INFO - 对话框已显示 1.60 秒，立即更新
2025-04-22 09:55:56,482 - ui.password_manager.ui_table.table_edit - INFO - 更新对话框内容为保存成功状态
2025-04-22 09:55:56,483 - ui.password_manager.ui_table.table_edit - INFO - 对话框已成功更新为完成状态
2025-04-22 09:55:59,484 - ui.password_manager.ui_table.table_edit - WARNING - 强制关闭对话框
2025-04-22 09:55:59,487 - ui.password_manager.ui_table.table_edit - INFO - 编辑成功
2025-04-22 09:55:59,487 - ui.password_manager.ui_table.table_edit - INFO - 重新加载所有密码数据
2025-04-22 09:55:59,509 - ui.password_manager.ui_table.table_edit - INFO - 编辑操作完成，已恢复表格选择模式
2025-04-22 09:55:59,510 - ui.password_manager.ui_table.table_edit - INFO - 已完成 编辑 操作的清理
2025-04-22 09:57:05,694 - ui.password_manager.ui_table.table_events - INFO - 右键菜单 - 当前行: 7, 当前列: 5, 选中行数: 1, 选中行: [7]
2025-04-22 09:57:05,695 - ui.password_manager.ui_table.table_events - INFO - 选中的密码单元格数量: 1
2025-04-22 09:57:05,695 - ui.password_manager.ui_table.table_events - INFO - 准备添加'添加行'子菜单 (选中行数: 1)
2025-04-22 09:57:05,696 - ui.password_manager.ui_table.table_events - INFO - 已添加'添加行'子菜单，包含上方、下方和末尾三个选项
2025-04-22 09:57:05,696 - ui.password_manager.ui_table.table_events - INFO - 已添加'编辑行'选项
2025-04-22 09:57:05,697 - ui.password_manager.ui_table.table_events - INFO - 已添加'查看历史密码修改记录'选项
2025-04-22 09:57:06,759 - ui.password_manager.ui_table.table_password - WARNING - 无法获取行 6 的真实索引，将使用表格行索引作为备选
2025-04-22 09:57:06,760 - ui.password_manager.ui_table.table_password - INFO - 在非搜索模式下使用当前行索引 6 作为真实索引
2025-04-22 09:57:40,632 - ui.password_manager.ui_table.table_password - INFO - 密码更新对话框返回确认结果，刷新表格显示更新后的密码
2025-04-22 09:57:50,120 - features.audit.audit_log_viewer - INFO - 所有模块导入成功
2025-04-22 09:57:50,121 - ui.password_manager.password_manager_ui - INFO - 使用内嵌方式打开审计日志查看器
2025-04-22 09:57:50,131 - features.audit.audit_log_viewer - INFO - 界面初始化完成
2025-04-22 09:57:50,137 - features.audit.audit_log_viewer - INFO - AuditLogViewer初始化成功
2025-04-22 09:59:20,459 - ui.password_manager.ui_table.table_events - INFO - 右键菜单 - 当前行: 1, 当前列: 1, 选中行数: 1, 选中行: [1]
2025-04-22 09:59:20,460 - ui.password_manager.ui_table.table_events - INFO - 选中的密码单元格数量: 0
2025-04-22 09:59:20,460 - ui.password_manager.ui_table.table_events - INFO - 准备添加'添加行'子菜单 (选中行数: 1)
2025-04-22 09:59:20,461 - ui.password_manager.ui_table.table_events - INFO - 已添加'添加行'子菜单，包含上方、下方和末尾三个选项
2025-04-22 09:59:20,461 - ui.password_manager.ui_table.table_events - INFO - 已添加'编辑行'选项
2025-04-22 09:59:20,461 - ui.password_manager.ui_table.table_events - INFO - 已添加'查看历史密码修改记录'选项
2025-04-22 09:59:22,524 - ui.password_manager.ui_table.table_events - INFO - 尝试在行1（上方）添加新行 [添加方式: 上方]
2025-04-22 09:59:22,525 - ui.password_manager.ui_table.table_edit - INFO - 在位置 0 添加新行
2025-04-22 09:59:22,530 - ui.password_manager.ui_table.table_edit - INFO - 开始编辑行 1
2025-04-22 09:59:22,533 - ui.password_manager.ui_table.table_edit - INFO - 已成功进入行 1 的编辑模式
2025-04-22 09:59:22,534 - ui.password_manager.ui_table.table_events - INFO - 成功在行1（上方）添加新行，新行索引: 1 [添加方式: 上方]
2025-04-22 09:59:25,894 - ui.password_manager.ui_table.table_edit - INFO - 取消编辑 - 第1行: 监控平台
2025-04-22 09:59:25,895 - ui.password_manager.ui_table.table_edit - INFO - 删除新添加的空行
2025-04-22 09:59:25,896 - ui.password_manager.ui_table.table_edit - INFO - 取消编辑完成，已恢复原始数据
2025-04-22 09:59:26,893 - ui.password_manager.ui_table.table_events - INFO - 右键菜单 - 当前行: 1, 当前列: 1, 选中行数: 1, 选中行: [1]
2025-04-22 09:59:26,894 - ui.password_manager.ui_table.table_events - INFO - 选中的密码单元格数量: 0
2025-04-22 09:59:26,894 - ui.password_manager.ui_table.table_events - INFO - 准备添加'添加行'子菜单 (选中行数: 1)
2025-04-22 09:59:26,895 - ui.password_manager.ui_table.table_events - INFO - 已添加'添加行'子菜单，包含上方、下方和末尾三个选项
2025-04-22 09:59:26,895 - ui.password_manager.ui_table.table_events - INFO - 已添加'编辑行'选项
2025-04-22 09:59:26,896 - ui.password_manager.ui_table.table_events - INFO - 已添加'查看历史密码修改记录'选项
2025-04-22 09:59:28,343 - ui.password_manager.ui_table.table_events - INFO - 右键菜单 - 当前行: 1, 当前列: 1, 选中行数: 1, 选中行: [1]
2025-04-22 09:59:28,344 - ui.password_manager.ui_table.table_events - INFO - 选中的密码单元格数量: 0
2025-04-22 09:59:28,344 - ui.password_manager.ui_table.table_events - INFO - 准备添加'添加行'子菜单 (选中行数: 1)
2025-04-22 09:59:28,344 - ui.password_manager.ui_table.table_events - INFO - 已添加'添加行'子菜单，包含上方、下方和末尾三个选项
2025-04-22 09:59:28,345 - ui.password_manager.ui_table.table_events - INFO - 已添加'编辑行'选项
2025-04-22 09:59:28,345 - ui.password_manager.ui_table.table_events - INFO - 已添加'查看历史密码修改记录'选项
2025-04-22 09:59:29,836 - ui.password_manager.ui_table.table_events - INFO - 尝试在行2（下方）添加新行 [添加方式: 下方]
2025-04-22 09:59:29,837 - ui.password_manager.ui_table.table_edit - INFO - 在位置 1 添加新行
2025-04-22 09:59:29,841 - ui.password_manager.ui_table.table_edit - INFO - 开始编辑行 2
2025-04-22 09:59:29,844 - ui.password_manager.ui_table.table_edit - INFO - 已成功进入行 2 的编辑模式
2025-04-22 09:59:29,845 - ui.password_manager.ui_table.table_events - INFO - 成功在行2（下方）添加新行，新行索引: 2 [添加方式: 下方]
2025-04-22 09:59:32,678 - ui.password_manager.ui_table.table_edit - INFO - 取消编辑 - 第2行: CRM系统
2025-04-22 09:59:32,679 - ui.password_manager.ui_table.table_edit - INFO - 删除新添加的空行
2025-04-22 09:59:32,684 - ui.password_manager.ui_table.table_edit - INFO - 取消编辑完成，已恢复原始数据
2025-04-22 09:59:33,787 - ui.password_manager.ui_table.table_events - INFO - 右键菜单 - 当前行: 1, 当前列: 1, 选中行数: 1, 选中行: [1]
2025-04-22 09:59:33,788 - ui.password_manager.ui_table.table_events - INFO - 选中的密码单元格数量: 0
2025-04-22 09:59:33,789 - ui.password_manager.ui_table.table_events - INFO - 准备添加'添加行'子菜单 (选中行数: 1)
2025-04-22 09:59:33,789 - ui.password_manager.ui_table.table_events - INFO - 已添加'添加行'子菜单，包含上方、下方和末尾三个选项
2025-04-22 09:59:33,790 - ui.password_manager.ui_table.table_events - INFO - 已添加'编辑行'选项
2025-04-22 09:59:33,790 - ui.password_manager.ui_table.table_events - INFO - 已添加'查看历史密码修改记录'选项
2025-04-22 09:59:35,144 - ui.password_manager.ui_table.table_events - INFO - 尝试在行1（上方）添加新行 [添加方式: 上方]
2025-04-22 09:59:35,145 - ui.password_manager.ui_table.table_edit - INFO - 在位置 0 添加新行
2025-04-22 09:59:35,148 - ui.password_manager.ui_table.table_edit - INFO - 开始编辑行 1
2025-04-22 09:59:35,152 - ui.password_manager.ui_table.table_edit - INFO - 已成功进入行 1 的编辑模式
2025-04-22 09:59:35,153 - ui.password_manager.ui_table.table_events - INFO - 成功在行1（上方）添加新行，新行索引: 1 [添加方式: 上方]
2025-04-22 09:59:40,055 - ui.password_manager.ui_table.table_edit - INFO - 取消编辑 - 第1行: 网站后台
2025-04-22 09:59:40,080 - ui.password_manager.ui_table.table_edit - INFO - 删除新添加的空行
2025-04-22 09:59:40,081 - ui.password_manager.ui_table.table_edit - INFO - 取消编辑完成，已恢复原始数据
2025-04-22 09:59:40,765 - ui.password_manager.ui_table.table_events - INFO - 右键菜单 - 当前行: 5, 当前列: 1, 选中行数: 1, 选中行: [5]
2025-04-22 09:59:40,766 - ui.password_manager.ui_table.table_events - INFO - 选中的密码单元格数量: 0
2025-04-22 09:59:40,767 - ui.password_manager.ui_table.table_events - INFO - 准备添加'添加行'子菜单 (选中行数: 1)
2025-04-22 09:59:40,767 - ui.password_manager.ui_table.table_events - INFO - 已添加'添加行'子菜单，包含上方、下方和末尾三个选项
2025-04-22 09:59:40,768 - ui.password_manager.ui_table.table_events - INFO - 已添加'编辑行'选项
2025-04-22 09:59:40,768 - ui.password_manager.ui_table.table_events - INFO - 已添加'查看历史密码修改记录'选项
2025-04-22 09:59:41,980 - ui.password_manager.ui_table.table_events - INFO - 尝试在行5（上方）添加新行 [添加方式: 上方]
2025-04-22 09:59:41,981 - ui.password_manager.ui_table.table_edit - INFO - 在位置 4 添加新行
2025-04-22 09:59:41,987 - ui.password_manager.ui_table.table_edit - INFO - 开始编辑行 5
2025-04-22 09:59:41,991 - ui.password_manager.ui_table.table_edit - INFO - 已成功进入行 5 的编辑模式
2025-04-22 09:59:41,992 - ui.password_manager.ui_table.table_events - INFO - 成功在行5（上方）添加新行，新行索引: 5 [添加方式: 上方]
2025-04-22 10:00:32,132 - ui.password_manager.ui_table.table_edit - INFO - 取消编辑 - 第5行: 测试环境
2025-04-22 10:00:32,133 - ui.password_manager.ui_table.table_edit - INFO - 删除新添加的空行
2025-04-22 10:00:32,140 - ui.password_manager.ui_table.table_edit - INFO - 取消编辑完成，已恢复原始数据
2025-04-22 10:00:33,038 - ui.password_manager.ui_table.table_events - INFO - 右键菜单 - 当前行: 8, 当前列: 2, 选中行数: 1, 选中行: [8]
2025-04-22 10:00:33,039 - ui.password_manager.ui_table.table_events - INFO - 选中的密码单元格数量: 0
2025-04-22 10:00:33,040 - ui.password_manager.ui_table.table_events - INFO - 准备添加'添加行'子菜单 (选中行数: 1)
2025-04-22 10:00:33,040 - ui.password_manager.ui_table.table_events - INFO - 已添加'添加行'子菜单，包含上方、下方和末尾三个选项
2025-04-22 10:00:33,041 - ui.password_manager.ui_table.table_events - INFO - 已添加'编辑行'选项
2025-04-22 10:00:33,041 - ui.password_manager.ui_table.table_events - INFO - 已添加'查看历史密码修改记录'选项
2025-04-22 10:00:34,524 - ui.password_manager.ui_table.table_events - INFO - 尝试在行8（上方）添加新行 [添加方式: 上方]
2025-04-22 10:00:34,524 - ui.password_manager.ui_table.table_edit - INFO - 在位置 7 添加新行
2025-04-22 10:00:34,529 - ui.password_manager.ui_table.table_edit - INFO - 开始编辑行 8
2025-04-22 10:00:34,533 - ui.password_manager.ui_table.table_edit - INFO - 已成功进入行 8 的编辑模式
2025-04-22 10:00:34,533 - ui.password_manager.ui_table.table_events - INFO - 成功在行8（上方）添加新行，新行索引: 8 [添加方式: 上方]
2025-04-22 10:00:37,188 - ui.password_manager.ui_table.table_edit - INFO - 取消编辑 - 第8行: 网站后台
2025-04-22 10:00:37,189 - ui.password_manager.ui_table.table_edit - INFO - 删除新添加的空行
2025-04-22 10:00:37,192 - ui.password_manager.ui_table.table_edit - INFO - 取消编辑完成，已恢复原始数据
2025-04-22 10:03:51,047 - core.user - INFO - 用户已登出
2025-04-22 10:03:54,377 - root - INFO - 密码管理系统启动
2025-04-22 10:03:54,378 - root - INFO - 初始化用户设置模块...
2025-04-22 10:03:54,378 - root - INFO - 用户设置模块已初始化
2025-04-22 10:03:54,486 - core.user - INFO - 成功加载用户 admin 的登录凭证
2025-04-22 10:03:55,737 - core.user - INFO - 用户 admin 登录成功
2025-04-22 10:03:55,738 - ui.login.login_ui - INFO - 用户 admin 登录成功
2025-04-22 10:03:55,867 - core.user - INFO - 成功保存用户 admin 的登录凭证
2025-04-22 10:03:55,867 - root - INFO - 用户 admin 登录成功，准备打开密码管理界面
2025-04-22 10:03:55,938 - ui.password_manager.ui_table.base_table - INFO - 已设置必填字段自定义委托
2025-04-22 10:03:56,516 - ui.password_manager.password_manager_ui - INFO - Excel依赖已安装
2025-04-22 10:03:57,594 - ui.password_manager.ui_guide - INFO - 用户已完成引导: main_features，跳过显示
2025-04-22 10:03:58,939 - ui.password_manager.ui_table.table_events - INFO - 右键菜单 - 当前行: 1, 当前列: 1, 选中行数: 1, 选中行: [1]
2025-04-22 10:03:58,940 - ui.password_manager.ui_table.table_events - INFO - 选中的密码单元格数量: 0
2025-04-22 10:03:58,940 - ui.password_manager.ui_table.table_events - INFO - 准备添加'添加行'子菜单 (选中行数: 1)
2025-04-22 10:03:58,941 - ui.password_manager.ui_table.table_events - INFO - 已添加'添加行'子菜单，包含上方、下方和末尾三个选项
2025-04-22 10:03:58,941 - ui.password_manager.ui_table.table_events - INFO - 已添加'编辑行'选项
2025-04-22 10:03:58,941 - ui.password_manager.ui_table.table_events - INFO - 已添加'查看历史密码修改记录'选项
2025-04-22 10:04:00,101 - ui.password_manager.ui_table.table_events - INFO - 尝试在行1（上方）添加新行 [添加方式: 上方]
2025-04-22 10:04:00,102 - ui.password_manager.ui_table.table_edit - INFO - 在位置 0 添加新行
2025-04-22 10:04:00,106 - ui.password_manager.ui_table.table_edit - INFO - 开始编辑行 1
2025-04-22 10:04:00,108 - ui.password_manager.ui_table.table_edit - INFO - 已成功进入行 1 的编辑模式
2025-04-22 10:04:00,109 - ui.password_manager.ui_table.table_edit - INFO - 插入位置已保存: 0
2025-04-22 10:04:00,109 - ui.password_manager.ui_table.table_events - INFO - 成功在行1（上方）添加新行，新行索引: 1 [添加方式: 上方]
2025-04-22 10:04:29,540 - ui.password_manager.ui_table.table_edit - INFO - 取消编辑 - 第1行: 测试环境
2025-04-22 10:04:29,541 - ui.password_manager.ui_table.table_edit - INFO - 删除新添加的空行
2025-04-22 10:04:29,542 - ui.password_manager.ui_table.table_edit - INFO - 取消编辑完成，已恢复原始数据
2025-04-22 10:04:32,351 - ui.password_manager.ui_table.table_events - INFO - 右键菜单 - 当前行: 1, 当前列: 1, 选中行数: 1, 选中行: [1]
2025-04-22 10:04:32,351 - ui.password_manager.ui_table.table_events - INFO - 选中的密码单元格数量: 0
2025-04-22 10:04:32,352 - ui.password_manager.ui_table.table_events - INFO - 准备添加'添加行'子菜单 (选中行数: 1)
2025-04-22 10:04:32,352 - ui.password_manager.ui_table.table_events - INFO - 已添加'添加行'子菜单，包含上方、下方和末尾三个选项
2025-04-22 10:04:32,353 - ui.password_manager.ui_table.table_events - INFO - 已添加'编辑行'选项
2025-04-22 10:04:32,353 - ui.password_manager.ui_table.table_events - INFO - 已添加'查看历史密码修改记录'选项
2025-04-22 10:04:33,757 - ui.password_manager.ui_table.table_events - INFO - 尝试在行1（上方）添加新行 [添加方式: 上方]
2025-04-22 10:04:33,757 - ui.password_manager.ui_table.table_edit - INFO - 在位置 0 添加新行
2025-04-22 10:04:33,760 - ui.password_manager.ui_table.table_edit - INFO - 开始编辑行 1
2025-04-22 10:04:33,764 - ui.password_manager.ui_table.table_edit - INFO - 已成功进入行 1 的编辑模式
2025-04-22 10:04:33,765 - ui.password_manager.ui_table.table_edit - INFO - 插入位置已保存: 0
2025-04-22 10:04:33,765 - ui.password_manager.ui_table.table_events - INFO - 成功在行1（上方）添加新行，新行索引: 1 [添加方式: 上方]
2025-04-22 10:04:36,566 - ui.password_manager.ui_table.table_edit - INFO - 取消编辑 - 第1行: CRM系统
2025-04-22 10:04:36,567 - ui.password_manager.ui_table.table_edit - INFO - 删除新添加的空行
2025-04-22 10:04:36,570 - ui.password_manager.ui_table.table_edit - INFO - 取消编辑完成，已恢复原始数据
2025-04-22 10:04:39,179 - core.user - INFO - 用户已登出
2025-04-22 10:04:42,692 - root - INFO - 密码管理系统启动
2025-04-22 10:04:42,692 - root - INFO - 初始化用户设置模块...
2025-04-22 10:04:42,692 - root - INFO - 用户设置模块已初始化
2025-04-22 10:04:42,788 - core.user - INFO - 成功加载用户 admin 的登录凭证
2025-04-22 10:04:43,891 - core.user - INFO - 用户 admin 登录成功
2025-04-22 10:04:43,891 - ui.login.login_ui - INFO - 用户 admin 登录成功
2025-04-22 10:04:44,006 - core.user - INFO - 成功保存用户 admin 的登录凭证
2025-04-22 10:04:44,007 - root - INFO - 用户 admin 登录成功，准备打开密码管理界面
2025-04-22 10:04:44,068 - ui.password_manager.ui_table.base_table - INFO - 已设置必填字段自定义委托
2025-04-22 10:04:44,629 - ui.password_manager.password_manager_ui - INFO - Excel依赖已安装
2025-04-22 10:04:45,712 - ui.password_manager.ui_guide - INFO - 用户已完成引导: main_features，跳过显示
2025-04-22 10:04:46,126 - ui.password_manager.ui_table.table_events - INFO - 右键菜单 - 当前行: 1, 当前列: 1, 选中行数: 1, 选中行: [1]
2025-04-22 10:04:46,127 - ui.password_manager.ui_table.table_events - INFO - 选中的密码单元格数量: 0
2025-04-22 10:04:46,127 - ui.password_manager.ui_table.table_events - INFO - 准备添加'添加行'子菜单 (选中行数: 1)
2025-04-22 10:04:46,128 - ui.password_manager.ui_table.table_events - INFO - 已添加'添加行'子菜单，包含上方、下方和末尾三个选项
2025-04-22 10:04:46,128 - ui.password_manager.ui_table.table_events - INFO - 已添加'编辑行'选项
2025-04-22 10:04:46,128 - ui.password_manager.ui_table.table_events - INFO - 已添加'查看历史密码修改记录'选项
2025-04-22 10:04:47,429 - ui.password_manager.ui_table.table_events - INFO - 尝试在行1（上方）添加新行 [添加方式: 上方]
2025-04-22 10:04:47,429 - ui.password_manager.ui_table.table_edit - INFO - 在位置 0 添加新行
2025-04-22 10:04:47,434 - ui.password_manager.ui_table.table_edit - INFO - 开始编辑行 1
2025-04-22 10:04:47,437 - ui.password_manager.ui_table.table_edit - INFO - 已成功进入行 1 的编辑模式
2025-04-22 10:04:47,438 - ui.password_manager.ui_table.table_edit - INFO - 插入位置已保存: 0
2025-04-22 10:04:47,438 - ui.password_manager.ui_table.table_events - INFO - 成功在行1（上方）添加新行，新行索引: 1 [添加方式: 上方]
2025-04-22 10:04:57,606 - ui.password_manager.ui_table.table_edit - INFO - 确认编辑 - 第1行
2025-04-22 10:04:57,668 - ui.password_manager.ui_table.table_edit - INFO - 使用保存的插入位置: 0
2025-04-22 10:04:57,669 - ui.password_manager.ui_table.table_edit - INFO - 后台线程：添加新记录, 插入位置: 0
2025-04-22 10:04:57,670 - core.password - INFO - 在位置 1 插入新记录
2025-04-22 10:04:58,916 - core.password - INFO - 为所有者 徐国明 添加密码记录成功
2025-04-22 10:04:58,917 - ui.password_manager.ui_table.table_edit - INFO - 后台保存操作耗时: 1.248秒
2025-04-22 10:04:58,919 - ui.password_manager.ui_table.table_edit - INFO - 对话框已显示 1.31 秒，立即更新
2025-04-22 10:04:58,920 - ui.password_manager.ui_table.table_edit - INFO - 更新对话框内容为保存成功状态
2025-04-22 10:04:58,924 - ui.password_manager.ui_table.table_edit - INFO - 对话框已成功更新为完成状态
2025-04-22 10:05:01,920 - ui.password_manager.ui_table.table_edit - WARNING - 强制关闭对话框
2025-04-22 10:05:01,921 - ui.password_manager.ui_table.table_edit - INFO - 添加成功
2025-04-22 10:05:01,921 - ui.password_manager.ui_table.table_edit - INFO - 保存插入位置 0 以便在刷新后恢复
2025-04-22 10:05:01,922 - ui.password_manager.ui_table.table_edit - INFO - 使用保存的位置 0 刷新数据
2025-04-22 10:05:01,944 - ui.password_manager.ui_table.table_edit - INFO - 添加操作完成，已恢复表格选择模式
2025-04-22 10:05:01,945 - ui.password_manager.ui_table.table_edit - INFO - 已完成 添加 操作的清理
2025-04-22 10:10:10,671 - core.user - INFO - 用户已登出
2025-04-22 10:10:13,903 - root - INFO - 密码管理系统启动
2025-04-22 10:10:13,903 - root - INFO - 初始化用户设置模块...
2025-04-22 10:10:13,904 - root - INFO - 用户设置模块已初始化
2025-04-22 10:10:13,987 - core.user - INFO - 成功加载用户 admin 的登录凭证
2025-04-22 10:10:15,087 - core.user - INFO - 用户 admin 登录成功
2025-04-22 10:10:15,087 - ui.login.login_ui - INFO - 用户 admin 登录成功
2025-04-22 10:10:15,217 - core.user - INFO - 成功保存用户 admin 的登录凭证
2025-04-22 10:10:15,218 - root - INFO - 用户 admin 登录成功，准备打开密码管理界面
2025-04-22 10:10:15,277 - ui.password_manager.ui_table.base_table - INFO - 已设置必填字段自定义委托
2025-04-22 10:10:15,855 - ui.password_manager.password_manager_ui - INFO - Excel依赖已安装
2025-04-22 10:10:16,927 - ui.password_manager.ui_guide - INFO - 用户已完成引导: main_features，跳过显示
2025-04-22 10:10:22,491 - ui.password_manager.ui_table.table_events - INFO - 右键菜单 - 当前行: 6, 当前列: 1, 选中行数: 1, 选中行: [6]
2025-04-22 10:10:22,492 - ui.password_manager.ui_table.table_events - INFO - 选中的密码单元格数量: 0
2025-04-22 10:10:22,492 - ui.password_manager.ui_table.table_events - INFO - 准备添加'添加行'子菜单 (选中行数: 1)
2025-04-22 10:10:22,493 - ui.password_manager.ui_table.table_events - INFO - 已添加'添加行'子菜单，包含上方、下方和末尾三个选项
2025-04-22 10:10:22,493 - ui.password_manager.ui_table.table_events - INFO - 已添加'编辑行'选项
2025-04-22 10:10:22,493 - ui.password_manager.ui_table.table_events - INFO - 已添加'查看历史密码修改记录'选项
2025-04-22 10:10:46,470 - core.user - INFO - 用户已登出
2025-04-22 10:10:49,834 - root - INFO - 密码管理系统启动
2025-04-22 10:10:49,835 - root - INFO - 初始化用户设置模块...
2025-04-22 10:10:49,835 - root - INFO - 用户设置模块已初始化
2025-04-22 10:10:49,901 - core.user - INFO - 成功加载用户 admin 的登录凭证
2025-04-22 10:10:51,027 - core.user - INFO - 用户 admin 登录成功
2025-04-22 10:10:51,027 - ui.login.login_ui - INFO - 用户 admin 登录成功
2025-04-22 10:10:51,157 - core.user - INFO - 成功保存用户 admin 的登录凭证
2025-04-22 10:10:51,157 - root - INFO - 用户 admin 登录成功，准备打开密码管理界面
2025-04-22 10:10:51,217 - ui.password_manager.ui_table.base_table - INFO - 已设置必填字段自定义委托
2025-04-22 10:10:51,796 - ui.password_manager.password_manager_ui - INFO - Excel依赖已安装
2025-04-22 10:10:52,893 - ui.password_manager.ui_guide - INFO - 用户已完成引导: main_features，跳过显示
2025-04-22 10:10:54,183 - ui.password_manager.ui_table.table_events - INFO - 右键菜单 - 当前行: 4, 当前列: 1, 选中行数: 1, 选中行: [4]
2025-04-22 10:10:54,184 - ui.password_manager.ui_table.table_events - INFO - 选中的密码单元格数量: 0
2025-04-22 10:10:54,185 - ui.password_manager.ui_table.table_events - INFO - 准备添加'添加行'子菜单 (选中行数: 1)
2025-04-22 10:10:54,185 - ui.password_manager.ui_table.table_events - INFO - 已添加'添加行'子菜单，包含上方、下方和末尾三个选项
2025-04-22 10:10:54,186 - ui.password_manager.ui_table.table_events - INFO - 已添加'编辑行'选项
2025-04-22 10:10:54,186 - ui.password_manager.ui_table.table_events - INFO - 已添加'查看历史密码修改记录'选项
2025-04-22 10:10:55,847 - ui.password_manager.ui_table.table_events - INFO - 尝试在行4（上方）添加新行 [添加方式: 上方]
2025-04-22 10:10:55,847 - ui.password_manager.ui_table.table_edit - INFO - 在位置 3 添加新行
2025-04-22 10:10:55,850 - ui.password_manager.ui_table.table_edit - INFO - 开始编辑行 4
2025-04-22 10:10:55,851 - ui.password_manager.ui_table.table_edit - INFO - 已禁用表格排序功能，防止编辑过程中行位置变化
2025-04-22 10:10:55,851 - ui.password_manager.ui_table.table_edit - INFO - 已阻止表头点击事件，防止用户手动点击表头排序
2025-04-22 10:10:55,853 - ui.password_manager.ui_table.table_edit - INFO - 已成功进入行 4 的编辑模式
2025-04-22 10:10:55,854 - ui.password_manager.ui_table.table_edit - INFO - 插入位置已保存: 3
2025-04-22 10:10:55,854 - ui.password_manager.ui_table.table_events - INFO - 成功在行4（上方）添加新行，新行索引: 4 [添加方式: 上方]
2025-04-22 10:11:03,900 - ui.password_manager.ui_table.table_edit - INFO - 取消编辑 - 第4行: 
2025-04-22 10:11:03,903 - ui.password_manager.ui_table.table_edit - INFO - 已恢复表格排序功能，原始状态: True
2025-04-22 10:11:03,903 - ui.password_manager.ui_table.table_edit - INFO - 已恢复表头点击事件，原始阻塞状态: False
2025-04-22 10:11:03,904 - ui.password_manager.ui_table.table_edit - INFO - 删除新添加的空行
2025-04-22 10:11:03,904 - ui.password_manager.ui_table.table_edit - INFO - 取消编辑完成，已恢复原始数据
2025-04-22 11:40:20,038 - root - INFO - 密码管理系统启动
2025-04-22 11:40:20,038 - root - INFO - 初始化用户设置模块...
2025-04-22 11:40:20,039 - root - INFO - 用户设置模块已初始化
2025-04-22 11:40:20,112 - core.user - INFO - 成功加载用户 admin 的登录凭证
2025-04-22 11:40:22,572 - core.user - INFO - 用户 admin 登录成功
2025-04-22 11:40:22,573 - ui.login.login_ui - INFO - 用户 admin 登录成功
2025-04-22 11:40:22,692 - core.user - INFO - 成功保存用户 admin 的登录凭证
2025-04-22 11:40:22,693 - root - INFO - 用户 admin 登录成功，准备打开密码管理界面
2025-04-22 11:40:22,744 - ui.password_manager.ui_table.base_table - INFO - 已设置必填字段自定义委托
2025-04-22 11:40:23,308 - ui.password_manager.password_manager_ui - INFO - Excel依赖已安装
2025-04-22 11:40:24,390 - ui.password_manager.ui_guide - INFO - 用户已完成引导: main_features，跳过显示
2025-04-22 11:40:29,750 - ui.password_manager.ui_table.base_table - INFO - 已重置表格排序到初始顺序
2025-04-22 11:47:17,613 - core.user - INFO - 用户已登出
2025-04-22 11:47:20,771 - root - INFO - 密码管理系统启动
2025-04-22 11:47:20,771 - root - INFO - 初始化用户设置模块...
2025-04-22 11:47:20,771 - root - INFO - 用户设置模块已初始化
2025-04-22 11:47:20,833 - core.user - INFO - 成功加载用户 admin 的登录凭证
2025-04-22 11:47:21,964 - core.user - INFO - 用户 admin 登录成功
2025-04-22 11:47:21,964 - ui.login.login_ui - INFO - 用户 admin 登录成功
2025-04-22 11:47:22,084 - core.user - INFO - 成功保存用户 admin 的登录凭证
2025-04-22 11:47:22,084 - root - INFO - 用户 admin 登录成功，准备打开密码管理界面
2025-04-22 11:47:22,141 - ui.password_manager.ui_table.base_table - INFO - 已设置必填字段自定义委托
2025-04-22 11:47:22,695 - ui.password_manager.password_manager_ui - INFO - Excel依赖已安装
2025-04-22 11:47:23,764 - ui.password_manager.ui_guide - INFO - 用户已完成引导: main_features，跳过显示
2025-04-22 11:51:38,595 - core.user - INFO - 用户已登出
2025-04-22 11:51:42,549 - root - INFO - 密码管理系统启动
2025-04-22 11:51:42,549 - root - INFO - 初始化用户设置模块...
2025-04-22 11:51:42,550 - root - INFO - 用户设置模块已初始化
2025-04-22 11:51:42,625 - core.user - INFO - 成功加载用户 admin 的登录凭证
2025-04-22 11:51:43,905 - core.user - INFO - 用户 admin 登录成功
2025-04-22 11:51:43,906 - ui.login.login_ui - INFO - 用户 admin 登录成功
2025-04-22 11:51:44,035 - core.user - INFO - 成功保存用户 admin 的登录凭证
2025-04-22 11:51:44,035 - root - INFO - 用户 admin 登录成功，准备打开密码管理界面
2025-04-22 11:51:44,103 - ui.password_manager.ui_table.base_table - INFO - 已设置必填字段自定义委托
2025-04-22 11:51:44,703 - ui.password_manager.password_manager_ui - INFO - Excel依赖已安装
2025-04-22 11:51:45,786 - ui.password_manager.ui_guide - INFO - 用户已完成引导: main_features，跳过显示
2025-04-22 11:51:51,283 - core.user_settings - INFO - 已重置引导状态: guides
2025-04-22 11:51:51,284 - core.user_settings - INFO - 已重置引导状态: ui
2025-04-22 11:51:51,284 - core.user_settings - INFO - 已重置引导状态: password
2025-04-22 11:51:51,285 - core.user_settings - INFO - 已重置引导状态: main_features_guided
2025-04-22 11:51:51,285 - core.user_settings - INFO - 已重置引导状态: main_features
2025-04-22 11:51:51,285 - core.user_settings - INFO - 已重置引导状态: main_features_guided_guided
2025-04-22 11:51:51,286 - core.user_settings - INFO - 已重置引导状态: password_update_guided
2025-04-22 11:51:51,286 - core.user_settings - INFO - 已重置引导状态: password_update_guided_guided
2025-04-22 11:51:51,286 - core.user_settings - INFO - 已重置引导状态: password_update
2025-04-22 11:51:51,286 - core.user_settings - INFO - 已强制重置引导状态: main_features_guided
2025-04-22 11:51:51,287 - core.user_settings - INFO - 已强制重置引导状态: password_update_guided
2025-04-22 11:51:51,287 - core.user_settings - INFO - 已强制重置引导状态: main_features
2025-04-22 11:51:51,287 - core.user_settings - INFO - 已强制重置引导状态: password_update
2025-04-22 11:51:52,604 - core.user_settings - INFO - 所有引导状态已重置
2025-04-22 11:51:54,272 - core.user - INFO - 用户已登出
2025-04-22 11:51:58,810 - root - INFO - 密码管理系统启动
2025-04-22 11:51:58,810 - root - INFO - 初始化用户设置模块...
2025-04-22 11:51:58,810 - root - INFO - 用户设置模块已初始化
2025-04-22 11:51:58,874 - core.user - INFO - 成功加载用户 admin 的登录凭证
2025-04-22 11:52:07,170 - core.user - INFO - 用户 admin 登录成功
2025-04-22 11:52:07,171 - ui.login.login_ui - INFO - 用户 admin 登录成功
2025-04-22 11:52:07,366 - core.user - INFO - 成功保存用户 admin 的登录凭证
2025-04-22 11:52:07,366 - root - INFO - 用户 admin 登录成功，准备打开密码管理界面
2025-04-22 11:52:07,419 - ui.password_manager.ui_table.base_table - INFO - 已设置必填字段自定义委托
2025-04-22 11:52:07,982 - ui.password_manager.password_manager_ui - INFO - Excel依赖已安装
2025-04-22 11:52:09,095 - ui.password_manager.ui_guide - INFO - 开始预加载菜单图片...
2025-04-22 11:52:09,096 - ui.password_manager.ui_guide - INFO - 预加载完成，共加载 0 张图片
2025-04-22 11:52:09,203 - ui.password_manager.ui_guide - INFO - 更新步骤指示器: 当前步骤 1/7
2025-04-22 11:52:10,879 - ui.password_manager.ui_guide - INFO - 已清理菜单图片
2025-04-22 11:52:10,880 - ui.password_manager.ui_guide - INFO - 已递增步骤索引到: 1
2025-04-22 11:52:10,881 - ui.password_manager.ui_guide - INFO - 更新步骤指示器: 当前步骤 2/7
2025-04-22 11:52:12,319 - ui.password_manager.ui_guide - INFO - 已清理菜单图片
2025-04-22 11:52:12,319 - ui.password_manager.ui_guide - INFO - 已递增步骤索引到: 2
2025-04-22 11:52:12,321 - ui.password_manager.ui_guide - INFO - 更新步骤指示器: 当前步骤 3/7
2025-04-22 11:52:15,243 - ui.password_manager.ui_guide - INFO - 已清理菜单图片
2025-04-22 11:52:15,243 - ui.password_manager.ui_guide - INFO - 已递增步骤索引到: 3
2025-04-22 11:52:15,244 - ui.password_manager.ui_guide - INFO - 更新步骤指示器: 当前步骤 4/7
2025-04-22 11:52:21,038 - ui.password_manager.ui_guide - INFO - 已清理菜单图片
2025-04-22 11:52:21,039 - ui.password_manager.ui_guide - INFO - 已递增步骤索引到: 4
2025-04-22 11:52:21,040 - ui.password_manager.ui_guide - INFO - 更新步骤指示器: 当前步骤 5/7
2025-04-22 11:52:21,340 - ui.password_manager.ui_guide - INFO - 已清理菜单图片
2025-04-22 11:52:21,341 - ui.password_manager.ui_guide - INFO - 缓存中未找到图片 account_menu.png，尝试加载...
2025-04-22 11:52:21,341 - ui.password_manager.ui_guide - INFO - 尝试加载菜单图片，列索引: 3, 文件名: account_menu.png
2025-04-22 11:52:21,341 - ui.password_manager.ui_guide - WARNING - 无法加载图片，使用文本标签作为备选
2025-04-22 11:52:21,342 - ui.password_manager.ui_guide - INFO - 已创建文本菜单替代图片，位置: (153, 188)
2025-04-22 11:52:21,394 - ui.password_manager.ui_guide - INFO - 将提示框放在菜单下方，位置: (153, 403)
2025-04-22 11:52:22,738 - ui.password_manager.ui_guide - INFO - 已清理菜单图片
2025-04-22 11:52:22,739 - ui.password_manager.ui_guide - INFO - 已递增步骤索引到: 5
2025-04-22 11:52:22,740 - ui.password_manager.ui_guide - INFO - 更新步骤指示器: 当前步骤 6/7
2025-04-22 11:52:23,039 - ui.password_manager.ui_guide - INFO - 已清理菜单图片
2025-04-22 11:52:23,039 - ui.password_manager.ui_guide - INFO - 缓存中未找到图片 password_menu.png，尝试加载...
2025-04-22 11:52:23,040 - ui.password_manager.ui_guide - INFO - 尝试加载菜单图片，列索引: 4, 文件名: password_menu.png
2025-04-22 11:52:23,040 - ui.password_manager.ui_guide - WARNING - 无法加载图片，使用文本标签作为备选
2025-04-22 11:52:23,041 - ui.password_manager.ui_guide - INFO - 已创建文本菜单替代图片，位置: (687, 188)
2025-04-22 11:52:23,094 - ui.password_manager.ui_guide - INFO - 将提示框放在菜单下方，位置: (453, 403)
2025-04-22 11:52:23,899 - ui.password_manager.ui_guide - INFO - 已清理菜单图片
2025-04-22 11:52:23,900 - ui.password_manager.ui_guide - INFO - 已递减步骤索引到: 4
2025-04-22 11:52:23,900 - ui.password_manager.ui_guide - INFO - 更新步骤指示器: 当前步骤 5/7
2025-04-22 11:52:24,200 - ui.password_manager.ui_guide - INFO - 已清理菜单图片
2025-04-22 11:52:24,200 - ui.password_manager.ui_guide - INFO - 缓存中未找到图片 account_menu.png，尝试加载...
2025-04-22 11:52:24,201 - ui.password_manager.ui_guide - INFO - 尝试加载菜单图片，列索引: 3, 文件名: account_menu.png
2025-04-22 11:52:24,201 - ui.password_manager.ui_guide - WARNING - 无法加载图片，使用文本标签作为备选
2025-04-22 11:52:24,202 - ui.password_manager.ui_guide - INFO - 已创建文本菜单替代图片，位置: (153, 188)
2025-04-22 11:52:24,253 - ui.password_manager.ui_guide - INFO - 将提示框放在菜单下方，位置: (153, 403)
2025-04-22 11:52:25,354 - ui.password_manager.ui_guide - INFO - 已清理菜单图片
2025-04-22 11:52:25,355 - ui.password_manager.ui_guide - INFO - 已递减步骤索引到: 3
2025-04-22 11:52:25,356 - ui.password_manager.ui_guide - INFO - 更新步骤指示器: 当前步骤 4/7
2025-04-22 11:52:28,098 - ui.password_manager.ui_guide - INFO - 已清理菜单图片
2025-04-22 11:52:28,098 - ui.password_manager.ui_guide - INFO - 已递减步骤索引到: 2
2025-04-22 11:52:28,099 - ui.password_manager.ui_guide - INFO - 更新步骤指示器: 当前步骤 3/7
2025-04-22 11:53:13,818 - ui.password_manager.ui_guide - INFO - 已清理菜单图片
2025-04-22 11:53:13,818 - ui.password_manager.ui_guide - INFO - 已递增步骤索引到: 3
2025-04-22 11:53:13,819 - ui.password_manager.ui_guide - INFO - 更新步骤指示器: 当前步骤 4/7
2025-04-22 11:55:34,266 - core.user_settings - INFO - 已标记引导 main_features 为已完成
2025-04-22 11:55:34,266 - ui.password_manager.ui_guide - INFO - 用户已完成步骤引导: main_features
2025-04-22 11:55:37,910 - core.user - INFO - 用户已登出
2025-04-22 11:55:46,174 - root - INFO - 密码管理系统启动
2025-04-22 11:55:46,174 - root - INFO - 初始化用户设置模块...
2025-04-22 11:55:46,174 - root - INFO - 用户设置模块已初始化
2025-04-22 11:55:46,236 - core.user - INFO - 成功加载用户 admin 的登录凭证
2025-04-22 11:55:48,845 - core.user - INFO - 用户 admin 登录成功
2025-04-22 11:55:48,845 - ui.login.login_ui - INFO - 用户 admin 登录成功
2025-04-22 11:55:48,966 - core.user - INFO - 成功保存用户 admin 的登录凭证
2025-04-22 11:55:48,966 - root - INFO - 用户 admin 登录成功，准备打开密码管理界面
2025-04-22 11:55:49,025 - ui.password_manager.ui_table.base_table - INFO - 已设置必填字段自定义委托
2025-04-22 11:55:49,654 - ui.password_manager.password_manager_ui - INFO - Excel依赖已安装
2025-04-22 11:55:50,726 - ui.password_manager.ui_guide - INFO - 用户已完成引导: main_features，跳过显示
2025-04-22 11:55:54,053 - core.user_settings - INFO - 已重置引导状态: password_update_guided
2025-04-22 11:55:54,053 - core.user_settings - INFO - 已重置引导状态: main_features_guided
2025-04-22 11:55:54,053 - core.user_settings - INFO - 已重置引导状态: main_features
2025-04-22 11:55:54,054 - core.user_settings - INFO - 已强制重置引导状态: main_features_guided
2025-04-22 11:55:54,054 - core.user_settings - INFO - 已强制重置引导状态: password_update_guided
2025-04-22 11:55:54,054 - core.user_settings - INFO - 已强制重置引导状态: main_features
2025-04-22 11:55:54,055 - core.user_settings - INFO - 已强制重置引导状态: password_update
2025-04-22 11:55:57,045 - core.user_settings - INFO - 所有引导状态已重置
2025-04-22 11:55:59,343 - core.user - INFO - 用户已登出
2025-04-22 11:56:02,842 - root - INFO - 密码管理系统启动
2025-04-22 11:56:02,843 - root - INFO - 初始化用户设置模块...
2025-04-22 11:56:02,844 - root - INFO - 用户设置模块已初始化
2025-04-22 11:56:02,905 - core.user - INFO - 成功加载用户 admin 的登录凭证
2025-04-22 11:56:08,795 - core.user - INFO - 用户 admin 登录成功
2025-04-22 11:56:08,795 - ui.login.login_ui - INFO - 用户 admin 登录成功
2025-04-22 11:56:08,901 - core.user - INFO - 成功保存用户 admin 的登录凭证
2025-04-22 11:56:08,901 - root - INFO - 用户 admin 登录成功，准备打开密码管理界面
2025-04-22 11:56:08,972 - ui.password_manager.ui_table.base_table - INFO - 已设置必填字段自定义委托
2025-04-22 11:56:09,552 - ui.password_manager.password_manager_ui - INFO - Excel依赖已安装
2025-04-22 11:56:10,635 - ui.password_manager.ui_guide - INFO - 开始预加载菜单图片...
2025-04-22 11:56:10,636 - ui.password_manager.ui_guide - INFO - 预加载完成，共加载 0 张图片
2025-04-22 11:56:10,740 - ui.password_manager.ui_guide - INFO - 更新步骤指示器: 当前步骤 1/7
2025-04-22 11:56:11,587 - ui.password_manager.ui_guide - INFO - 已清理菜单图片
2025-04-22 11:56:11,587 - ui.password_manager.ui_guide - INFO - 已递增步骤索引到: 1
2025-04-22 11:56:11,589 - ui.password_manager.ui_guide - INFO - 更新步骤指示器: 当前步骤 2/7
2025-04-22 11:56:12,986 - ui.password_manager.ui_guide - INFO - 已清理菜单图片
2025-04-22 11:56:12,987 - ui.password_manager.ui_guide - INFO - 已递增步骤索引到: 2
2025-04-22 11:57:12,235 - root - INFO - 密码管理系统启动
2025-04-22 11:57:12,235 - root - INFO - 初始化用户设置模块...
2025-04-22 11:57:12,236 - root - INFO - 用户设置模块已初始化
2025-04-22 11:57:12,335 - core.user - INFO - 成功加载用户 admin 的登录凭证
2025-04-22 11:57:17,315 - core.user - INFO - 用户 admin 登录成功
2025-04-22 11:57:17,316 - ui.login.login_ui - INFO - 用户 admin 登录成功
2025-04-22 11:57:17,415 - core.user - INFO - 成功保存用户 admin 的登录凭证
2025-04-22 11:57:17,415 - root - INFO - 用户 admin 登录成功，准备打开密码管理界面
2025-04-22 11:57:17,477 - ui.password_manager.ui_table.base_table - INFO - 已设置必填字段自定义委托
2025-04-22 11:57:18,093 - ui.password_manager.password_manager_ui - INFO - Excel依赖已安装
2025-04-22 11:57:19,169 - ui.password_manager.ui_guide - INFO - 开始预加载菜单图片...
2025-04-22 11:57:19,170 - ui.password_manager.ui_guide - INFO - 预加载完成，共加载 0 张图片
2025-04-22 11:57:19,274 - ui.password_manager.ui_guide - INFO - 更新步骤指示器: 当前步骤 1/7
2025-04-22 11:57:20,088 - ui.password_manager.ui_guide - INFO - 已清理菜单图片
2025-04-22 11:57:20,089 - ui.password_manager.ui_guide - INFO - 已递增步骤索引到: 1
2025-04-22 11:57:20,091 - ui.password_manager.ui_guide - INFO - 更新步骤指示器: 当前步骤 2/7
2025-04-22 11:57:21,168 - ui.password_manager.ui_guide - INFO - 已清理菜单图片
2025-04-22 11:57:21,169 - ui.password_manager.ui_guide - INFO - 已递增步骤索引到: 2
2025-04-22 11:57:44,975 - root - INFO - 密码管理系统启动
2025-04-22 11:57:44,976 - root - INFO - 初始化用户设置模块...
2025-04-22 11:57:44,976 - root - INFO - 用户设置模块已初始化
2025-04-22 11:57:45,145 - core.user - INFO - 成功加载用户 admin 的登录凭证
2025-04-22 11:57:49,085 - core.user - INFO - 用户 admin 登录成功
2025-04-22 11:57:49,086 - ui.login.login_ui - INFO - 用户 admin 登录成功
2025-04-22 11:57:49,219 - core.user - INFO - 成功保存用户 admin 的登录凭证
2025-04-22 11:57:49,219 - root - INFO - 用户 admin 登录成功，准备打开密码管理界面
2025-04-22 11:57:49,285 - ui.password_manager.ui_table.base_table - INFO - 已设置必填字段自定义委托
2025-04-22 11:57:49,972 - ui.password_manager.password_manager_ui - INFO - Excel依赖已安装
2025-04-22 11:57:51,066 - ui.password_manager.ui_guide - INFO - 开始预加载菜单图片...
2025-04-22 11:57:51,067 - ui.password_manager.ui_guide - INFO - 预加载完成，共加载 0 张图片
2025-04-22 11:57:51,173 - ui.password_manager.ui_guide - INFO - 更新步骤指示器: 当前步骤 1/7
2025-04-22 11:57:52,126 - ui.password_manager.ui_guide - INFO - 已清理菜单图片
2025-04-22 11:57:52,126 - ui.password_manager.ui_guide - INFO - 已递增步骤索引到: 1
2025-04-22 11:57:52,128 - ui.password_manager.ui_guide - INFO - 更新步骤指示器: 当前步骤 2/7
2025-04-22 11:57:53,002 - ui.password_manager.ui_guide - INFO - 已清理菜单图片
2025-04-22 11:57:53,003 - ui.password_manager.ui_guide - INFO - 已递增步骤索引到: 2
2025-04-22 11:57:53,004 - ui.password_manager.ui_guide - INFO - 更新步骤指示器: 当前步骤 3/7
2025-04-22 11:57:56,020 - ui.password_manager.ui_guide - INFO - 已清理菜单图片
2025-04-22 11:57:56,021 - ui.password_manager.ui_guide - INFO - 已递增步骤索引到: 3
2025-04-22 11:57:56,023 - ui.password_manager.ui_guide - INFO - 更新步骤指示器: 当前步骤 4/7
2025-04-22 11:57:59,642 - ui.password_manager.ui_guide - INFO - 已清理菜单图片
2025-04-22 11:57:59,643 - ui.password_manager.ui_guide - INFO - 已递增步骤索引到: 4
2025-04-22 11:57:59,645 - ui.password_manager.ui_guide - INFO - 更新步骤指示器: 当前步骤 5/7
2025-04-22 11:57:59,945 - ui.password_manager.ui_guide - INFO - 已清理菜单图片
2025-04-22 11:57:59,945 - ui.password_manager.ui_guide - INFO - 缓存中未找到图片 account_menu.png，尝试加载...
2025-04-22 11:57:59,946 - ui.password_manager.ui_guide - INFO - 尝试加载菜单图片，列索引: 3, 文件名: account_menu.png
2025-04-22 11:57:59,947 - ui.password_manager.ui_guide - WARNING - 无法加载图片，使用文本标签作为备选
2025-04-22 11:57:59,947 - ui.password_manager.ui_guide - INFO - 已创建文本菜单替代图片，位置: (153, 188)
2025-04-22 11:58:00,001 - ui.password_manager.ui_guide - INFO - 将提示框放在菜单下方，位置: (153, 403)
2025-04-22 11:58:01,272 - ui.password_manager.ui_guide - INFO - 已清理菜单图片
2025-04-22 11:58:01,273 - ui.password_manager.ui_guide - INFO - 已递增步骤索引到: 5
2025-04-22 11:58:01,274 - ui.password_manager.ui_guide - INFO - 更新步骤指示器: 当前步骤 6/7
2025-04-22 11:58:01,576 - ui.password_manager.ui_guide - INFO - 已清理菜单图片
2025-04-22 11:58:01,576 - ui.password_manager.ui_guide - INFO - 缓存中未找到图片 password_menu.png，尝试加载...
2025-04-22 11:58:01,577 - ui.password_manager.ui_guide - INFO - 尝试加载菜单图片，列索引: 4, 文件名: password_menu.png
2025-04-22 11:58:01,578 - ui.password_manager.ui_guide - WARNING - 无法加载图片，使用文本标签作为备选
2025-04-22 11:58:01,578 - ui.password_manager.ui_guide - INFO - 已创建文本菜单替代图片，位置: (687, 188)
2025-04-22 11:58:01,629 - ui.password_manager.ui_guide - INFO - 将提示框放在菜单下方，位置: (453, 403)
2025-04-22 11:58:02,539 - ui.password_manager.ui_guide - INFO - 已清理菜单图片
2025-04-22 11:58:02,539 - ui.password_manager.ui_guide - INFO - 已递增步骤索引到: 6
2025-04-22 11:58:02,541 - ui.password_manager.ui_guide - INFO - 更新步骤指示器: 当前步骤 7/7
2025-04-22 11:58:11,097 - ui.password_manager.ui_guide - INFO - 已清理菜单图片
2025-04-22 11:58:11,097 - ui.password_manager.ui_guide - INFO - 已递减步骤索引到: 5
2025-04-22 11:58:11,098 - ui.password_manager.ui_guide - INFO - 更新步骤指示器: 当前步骤 6/7
2025-04-22 11:58:11,398 - ui.password_manager.ui_guide - INFO - 已清理菜单图片
2025-04-22 11:58:11,398 - ui.password_manager.ui_guide - INFO - 缓存中未找到图片 password_menu.png，尝试加载...
2025-04-22 11:58:11,399 - ui.password_manager.ui_guide - INFO - 尝试加载菜单图片，列索引: 4, 文件名: password_menu.png
2025-04-22 11:58:11,400 - ui.password_manager.ui_guide - WARNING - 无法加载图片，使用文本标签作为备选
2025-04-22 11:58:11,400 - ui.password_manager.ui_guide - INFO - 已创建文本菜单替代图片，位置: (687, 188)
2025-04-22 11:58:11,452 - ui.password_manager.ui_guide - INFO - 将提示框放在菜单下方，位置: (453, 403)
2025-04-22 11:58:12,594 - ui.password_manager.ui_guide - INFO - 已清理菜单图片
2025-04-22 11:58:12,594 - ui.password_manager.ui_guide - INFO - 已递减步骤索引到: 4
2025-04-22 11:58:12,595 - ui.password_manager.ui_guide - INFO - 更新步骤指示器: 当前步骤 5/7
2025-04-22 11:58:12,899 - ui.password_manager.ui_guide - INFO - 已清理菜单图片
2025-04-22 11:58:12,900 - ui.password_manager.ui_guide - INFO - 缓存中未找到图片 account_menu.png，尝试加载...
2025-04-22 11:58:12,900 - ui.password_manager.ui_guide - INFO - 尝试加载菜单图片，列索引: 3, 文件名: account_menu.png
2025-04-22 11:58:12,901 - ui.password_manager.ui_guide - WARNING - 无法加载图片，使用文本标签作为备选
2025-04-22 11:58:12,902 - ui.password_manager.ui_guide - INFO - 已创建文本菜单替代图片，位置: (153, 188)
2025-04-22 11:58:12,955 - ui.password_manager.ui_guide - INFO - 将提示框放在菜单下方，位置: (153, 403)
2025-04-22 11:58:14,076 - ui.password_manager.ui_guide - INFO - 已清理菜单图片
2025-04-22 11:58:14,077 - ui.password_manager.ui_guide - INFO - 已递减步骤索引到: 3
2025-04-22 11:58:14,078 - ui.password_manager.ui_guide - INFO - 更新步骤指示器: 当前步骤 4/7
2025-04-22 11:58:19,486 - core.user - INFO - 用户已登出
2025-04-22 12:00:08,762 - root - INFO - 密码管理系统启动
2025-04-22 12:00:08,763 - root - INFO - 初始化用户设置模块...
2025-04-22 12:00:08,763 - root - INFO - 用户设置模块已初始化
2025-04-22 12:00:08,826 - core.user - INFO - 成功加载用户 admin 的登录凭证
2025-04-22 12:00:09,736 - core.user - INFO - 用户 admin 登录成功
2025-04-22 12:00:09,737 - ui.login.login_ui - INFO - 用户 admin 登录成功
2025-04-22 12:00:09,856 - core.user - INFO - 成功保存用户 admin 的登录凭证
2025-04-22 12:00:09,856 - root - INFO - 用户 admin 登录成功，准备打开密码管理界面
2025-04-22 12:00:09,931 - ui.password_manager.ui_table.base_table - INFO - 已设置必填字段自定义委托
2025-04-22 12:00:10,522 - ui.password_manager.password_manager_ui - INFO - Excel依赖已安装
2025-04-22 12:00:11,601 - ui.password_manager.ui_guide - INFO - 开始预加载菜单图片...
2025-04-22 12:00:11,602 - ui.password_manager.ui_guide - INFO - 预加载完成，共加载 0 张图片
2025-04-22 12:00:11,707 - ui.password_manager.ui_guide - INFO - 更新步骤指示器: 当前步骤 1/7
2025-04-22 12:00:12,546 - ui.password_manager.ui_guide - INFO - 已清理菜单图片
2025-04-22 12:00:12,547 - ui.password_manager.ui_guide - INFO - 已递增步骤索引到: 1
2025-04-22 12:00:12,549 - ui.password_manager.ui_guide - INFO - 更新步骤指示器: 当前步骤 2/7
2025-04-22 12:00:13,712 - ui.password_manager.ui_guide - INFO - 已清理菜单图片
2025-04-22 12:00:13,713 - ui.password_manager.ui_guide - INFO - 已递增步骤索引到: 2
2025-04-22 12:00:13,715 - ui.password_manager.ui_guide - INFO - 更新步骤指示器: 当前步骤 3/7
2025-04-22 12:00:15,096 - ui.password_manager.ui_guide - INFO - 已清理菜单图片
2025-04-22 12:00:15,096 - ui.password_manager.ui_guide - INFO - 已递增步骤索引到: 3
2025-04-22 12:00:15,098 - ui.password_manager.ui_guide - INFO - 更新步骤指示器: 当前步骤 4/7
2025-04-22 12:00:16,443 - ui.password_manager.ui_guide - INFO - 已清理菜单图片
2025-04-22 12:00:16,443 - ui.password_manager.ui_guide - INFO - 已递增步骤索引到: 4
2025-04-22 12:00:16,444 - ui.password_manager.ui_guide - INFO - 更新步骤指示器: 当前步骤 5/7
2025-04-22 12:00:16,747 - ui.password_manager.ui_guide - INFO - 已清理菜单图片
2025-04-22 12:00:16,747 - ui.password_manager.ui_guide - INFO - 缓存中未找到图片 account_menu.png，尝试加载...
2025-04-22 12:00:16,748 - ui.password_manager.ui_guide - INFO - 尝试加载菜单图片，列索引: 3, 文件名: account_menu.png
2025-04-22 12:00:16,748 - ui.password_manager.ui_guide - WARNING - 无法加载图片，使用文本标签作为备选
2025-04-22 12:00:16,749 - ui.password_manager.ui_guide - INFO - 已创建文本菜单替代图片，位置: (153, 188)
2025-04-22 12:00:16,799 - ui.password_manager.ui_guide - INFO - 将提示框放在菜单下方，位置: (153, 403)
2025-04-22 12:00:18,167 - ui.password_manager.ui_guide - INFO - 已清理菜单图片
2025-04-22 12:00:18,168 - ui.password_manager.ui_guide - INFO - 已递增步骤索引到: 5
2025-04-22 12:00:18,168 - ui.password_manager.ui_guide - INFO - 更新步骤指示器: 当前步骤 6/7
2025-04-22 12:00:18,470 - ui.password_manager.ui_guide - INFO - 已清理菜单图片
2025-04-22 12:00:18,470 - ui.password_manager.ui_guide - INFO - 缓存中未找到图片 password_menu.png，尝试加载...
2025-04-22 12:00:18,471 - ui.password_manager.ui_guide - INFO - 尝试加载菜单图片，列索引: 4, 文件名: password_menu.png
2025-04-22 12:00:18,471 - ui.password_manager.ui_guide - WARNING - 无法加载图片，使用文本标签作为备选
2025-04-22 12:00:18,472 - ui.password_manager.ui_guide - INFO - 已创建文本菜单替代图片，位置: (687, 188)
2025-04-22 12:00:18,522 - ui.password_manager.ui_guide - INFO - 将提示框放在菜单下方，位置: (453, 403)
2025-04-22 12:00:19,447 - ui.password_manager.ui_guide - INFO - 已清理菜单图片
2025-04-22 12:00:19,448 - ui.password_manager.ui_guide - INFO - 已递增步骤索引到: 6
2025-04-22 12:00:19,449 - ui.password_manager.ui_guide - INFO - 更新步骤指示器: 当前步骤 7/7
2025-04-22 12:00:21,223 - core.user_settings - INFO - 已标记引导 main_features 为已完成
2025-04-22 12:00:21,224 - ui.password_manager.ui_guide - INFO - 用户已完成步骤引导: main_features
2025-04-22 12:00:23,617 - core.user - INFO - 用户已登出
2025-04-22 12:00:27,413 - root - INFO - 密码管理系统启动
2025-04-22 12:00:27,413 - root - INFO - 初始化用户设置模块...
2025-04-22 12:00:27,414 - root - INFO - 用户设置模块已初始化
2025-04-22 12:00:27,468 - core.user - INFO - 成功加载用户 admin 的登录凭证
2025-04-22 12:00:28,677 - core.user - INFO - 用户 admin 登录成功
2025-04-22 12:00:28,677 - ui.login.login_ui - INFO - 用户 admin 登录成功
2025-04-22 12:00:28,796 - core.user - INFO - 成功保存用户 admin 的登录凭证
2025-04-22 12:00:28,797 - root - INFO - 用户 admin 登录成功，准备打开密码管理界面
2025-04-22 12:00:28,860 - ui.password_manager.ui_table.base_table - INFO - 已设置必填字段自定义委托
2025-04-22 12:00:29,436 - ui.password_manager.password_manager_ui - INFO - Excel依赖已安装
2025-04-22 12:00:30,507 - ui.password_manager.ui_guide - INFO - 用户已完成引导: main_features，跳过显示
2025-04-22 12:00:32,925 - core.user - INFO - 用户已登出
